02-08 21:06:38.574  4489  4489 E AndroidRuntime: 	at android.app.ActivityThread$H.handleMessage(ActivityThread.java:2690)
02-08 21:06:38.574  4489  4489 E AndroidRuntime: 	at android.os.Handler.dispatchMessage(Handler.java:132)
02-08 21:06:38.574  4489  4489 E AndroidRuntime: 	at android.os.Looper.dispatchMessage(Looper.java:333)
02-08 21:06:38.574  4489  4489 E AndroidRuntime: 	at android.os.Looper.loopOnce(Looper.java:263)
02-08 21:06:38.574  4489  4489 E AndroidRuntime: 	at android.os.Looper.loop(Looper.java:367)
02-08 21:06:38.574  4489  4489 E AndroidRuntime: 	at android.app.ActivityThread.main(ActivityThread.java:9287)
02-08 21:06:38.574  4489  4489 E AndroidRuntime: 	at java.lang.reflect.Method.invoke(Native Method)
02-08 21:06:38.574  4489  4489 E AndroidRuntime: 	at com.android.internal.os.RuntimeInit$MethodAndArgsCaller.run(RuntimeInit.java:566)
02-08 21:06:38.574  4489  4489 E AndroidRuntime: 	at com.android.internal.os.ZygoteInit.main(ZygoteInit.java:929)
02-08 21:06:38.574  4489  4489 E AndroidRuntime: Caused by: java.lang.ClassNotFoundException: Didn't find class "com.yaruchyk.wellbeingdashboard.WellbeingApp" on path: DexPathList[[zip file "/data/app/~~j3gsROvS9ZjNxHTUHAUQSg==/com.yaruchyk.wellbeingdashboard-9wQgIhKipKSdx0mr6antoA==/base.apk"],nativeLibraryDirectories=[/data/app/~~j3gsROvS9ZjNxHTUHAUQSg==/com.yaruchyk.wellbeingdashboard-9wQgIhKipKSdx0mr6antoA==/lib/x86_64, /data/app/~~j3gsROvS9ZjNxHTUHAUQSg==/com.yaruchyk.wellbeingdashboard-9wQgIhKipKSdx0mr6antoA==/base.apk!/lib/x86_64, /system/lib64, /system_ext/lib64]]
02-08 21:06:38.574  4489  4489 E AndroidRuntime: 	at dalvik.system.BaseDexClassLoader.findClass(BaseDexClassLoader.java:259)
02-08 21:06:38.574  4489  4489 E AndroidRuntime: 	at java.lang.ClassLoader.loadClass(ClassLoader.java:642)
02-08 21:06:38.574  4489  4489 E AndroidRuntime: 	at java.lang.ClassLoader.loadClass(ClassLoader.java:578)
02-08 21:06:38.574  4489  4489 E AndroidRuntime: 	at android.app.AppComponentFactory.instantiateApplication(AppComponentFactory.java:78)
02-08 21:06:38.574  4489  4489 E AndroidRuntime: 	at androidx.core.app.CoreComponentFactory.instantiateApplication(CoreComponentFactory.java:51)
02-08 21:06:38.574  4489  4489 E AndroidRuntime: 	at android.app.Instrumentation.newApplication(Instrumentation.java:1360)
02-08 21:06:38.574  4489  4489 E AndroidRuntime: 	at android.app.LoadedApk.makeApplicationInner(LoadedApk.java:1550)
02-08 21:06:38.574  4489  4489 E AndroidRuntime: 	... 12 more
02-08 21:06:38.578   835  4504 I DropBoxManagerService: add tag=data_app_crash isTagEnabled=true flags=0x2
02-08 21:06:38.580  4489  4489 I Process : Sending signal. PID: 4489 SIG: 9
02-08 21:06:38.590  3999  3999 I adbd    : Remote process closed the socket (on MSG_PEEK)
02-08 21:06:38.591   582   582 I Zygote  : Process 4489 exited due to signal 9 (Killed)
02-08 21:06:38.591   835  2063 I ActivityManager: Process com.yaruchyk.wellbeingdashboard (pid 4489) has died: fg  TOP 
02-08 21:06:38.591   835  2063 W ActivityTaskManager: ProcessRecord{e8fb5a 4489:com.yaruchyk.wellbeingdashboard/u0a227} is removed with pending start ActivityRecord{72737555 u0 com.yaruchyk.wellbeingdashboard/.MainActivity t21}
02-08 21:06:38.592   835   869 I libprocessgroup: Removed cgroup /sys/fs/cgroup/apps/uid_10227/pid_4489
02-08 21:06:38.593  1094  1195 V WindowManagerShell: Transition requested (#20): android.os.BinderProxy@56c8a7b TransitionRequestInfo { type = CLOSE, triggerTask = TaskInfo{userId=0 taskId=21 effectiveUid=10227 displayId=0 isRunning=false baseIntent=Intent { act=android.intent.action.MAIN cat=[android.intent.category.LAUNCHER] flg=0x10200000 cmp=com.yaruchyk.wellbeingdashboard/.MainActivity } baseActivity=null topActivity=null origActivity=null realActivity=ComponentInfo{com.yaruchyk.wellbeingdashboard/com.yaruchyk.wellbeingdashboard.MainActivity} numActivities=0 lastActiveTime=251074 supportsMultiWindow=true resizeMode=1 isResizeable=true minWidth=-1 minHeight=-1 defaultMinSize=220 token=WCT{android.os.BinderProxy@3e4d102} topActivityType=1 pictureInPictureParams=null shouldDockBigOverlays=false launchIntoPipHostTaskId=-1 lastParentTaskIdBeforePip=-1 displayCutoutSafeInsets=Rect(0, 0 - 0, 0) topActivityInfo=null launchCookies=[android.os.BinderProxy@9b50450] positionInParent=Point(0, 0) parentTaskId=-1 isFocused=false isVisible=true isVisibleRequested=true isTopActivityNoDisplay=false isSleeping=false locusId=null displayAreaFeatureId=1 isTopActivityTransparent=false isActivityStackTransparent=true lastNonFullscreenBounds=null capturedLink=null capturedLinkTimestamp=0 requestedVisibleTypes=503 topActivityRequestOpenInBrowserEducationTimestamp=0 appCompatTaskInfo=AppCompatTaskInfo { topActivityInSizeCompat=false isLeafTask= true eligibleForLetterboxEducation= false isLetterboxEducationEnabled= false isLetterboxDoubleTapEnabled= false eligibleForUserAspectRatioButton= false topActivityBoundsLetterboxed= false isFromLetterboxDoubleTap= false topActivityLetterboxVerticalPosition= -1 topActivityLetterboxHorizontalPosition= -1 topActivityLetterboxWidth=-1 topActivityLetterboxHeight=-1 topActivityAppBounds=Rect(0, 0 - 0, 0) isUserFullscreenOverrideEnabled=false isSystemFullscreenOverrideEnabled=false hasMinAspectRatioOverride=false topActivityLetterboxBounds=null cameraCompatTaskInfo=CameraCompatTaskInfo { cameraCompatMode=undefinedundefined} topNonResizableActivityAspectRatio=-1.0} topActivityMainWindowFrame=null isAppBubble=false}, pipChange = null, remoteTransition = null, displayChange = null, requestedLocation = null, userChange = null, windowingLayerChange = null, flags = 0, debugId = 20 }
02-08 21:06:38.593  1094  1195 V ShellDesktopMode: DesktopTasksController: handleRequest request=TransitionRequestInfo { type = CLOSE, triggerTask = TaskInfo{userId=0 taskId=21 effectiveUid=10227 displayId=0 isRunning=false baseIntent=Intent { act=android.intent.action.MAIN cat=[android.intent.category.LAUNCHER] flg=0x10200000 cmp=com.yaruchyk.wellbeingdashboard/.MainActivity } baseActivity=null topActivity=null origActivity=null realActivity=ComponentInfo{com.yaruchyk.wellbeingdashboard/com.yaruchyk.wellbeingdashboard.MainActivity} numActivities=0 lastActiveTime=251074 supportsMultiWindow=true resizeMode=1 isResizeable=true minWidth=-1 minHeight=-1 defaultMinSize=220 token=WCT{android.os.BinderProxy@3e4d102} topActivityType=1 pictureInPictureParams=null shouldDockBigOverlays=false launchIntoPipHostTaskId=-1 lastParentTaskIdBeforePip=-1 displayCutoutSafeInsets=Rect(0, 0 - 0, 0) topActivityInfo=null launchCookies=[android.os.BinderProxy@9b50450] positionInParent=Point(0, 0) parentTaskId=-1 isFocused=false isVisible=true isVisibleRequested=true isTopActivityNoDisplay=false isSleeping=false locusId=null displayAreaFeatureId=1 isTopActivityTransparent=false isActivityStackTransparent=true lastNonFullscreenBounds=null capturedLink=null capturedLinkTimestamp=0 requestedVisibleTypes=503 topActivityRequestOpenInBrowserEducationTimestamp=0 appCompatTaskInfo=AppCompatTaskInfo { topActivityInSizeCompat=false isLeafTask= true eligibleForLetterboxEducation= false isLetterboxEducationEnabled= false isLetterboxDoubleTapEnabled= false eligibleForUserAspectRatioButton= false topActivityBoundsLetterboxed= false isFromLetterboxDoubleTap= false topActivityLetterboxVerticalPosition= -1 topActivityLetterboxHorizontalPosition= -1 topActivityLetterboxWidth=-1 topActivityLetterboxHeight=-1 topActivityAppBounds=Rect(0, 0 - 0, 0) isUserFullscreenOverrideEnabled=false isSystemFullscreenOverrideEnabled=false hasMinAspectRatioOverride=false topActivityLetterboxBounds=null cameraCompatTaskInfo=CameraCompatTaskInfo { cameraCompatMode=undefinedundefined} topNonResizableActivityAspectRatio=-1.0} topActivityMainWindowFrame=null isAppBubble=false}, pipChange = null, remoteTransition = null, displayChange = null, requestedLocation = null, userChange = null, windowingLayerChange = null, flags = 0, debugId = 20 }
02-08 21:06:38.594  1094  1195 V ShellDesktopMode: DesktopTasksController: skipping handleRequest reason=triggerTask's display doesn't support desktop mode
02-08 21:06:38.597   835  2063 V WindowManager: Defer transition id=20 for TaskFragmentTransaction=android.os.Binder@fe47e29
02-08 21:06:38.598   835  2063 V WindowManager: deferTransitionReady deferReadyDepth=1 stack=com.android.server.wm.TransitionController.deferTransitionReady:1061 com.android.server.wm.TaskFragmentOrganizerController$TaskFragmentOrganizerState.dispatchTransaction:517 com.android.server.wm.TaskFragmentOrganizerController.dispatchPendingEvents:1259 com.android.server.wm.TaskFragmentOrganizerController.dispatchPendingEvents:1228 com.android.server.wm.RootWindowContainer.performSurfacePlacement:777 
02-08 21:06:38.599  1232  1232 D BaseActivity: Launcher flags updated: [state_started|state_resumed|state_user_active] +[state_resumed|state_user_active]
02-08 21:06:38.605  1232  1232 D BaseActivity: Launcher flags updated: [state_started|state_resumed|state_deferred_resumed|state_user_active] +[state_deferred_resumed]
02-08 21:06:38.606  1094  1195 D WindowManagerShell: setLauncherKeepClearAreaHeight: visible=true, height=495
02-08 21:06:38.609  1232  1232 D StatsLog: LAUNCHER_ONRESUME
02-08 21:06:38.610   835  1353 V WindowManager: Continue transition id=20 for TaskFragmentTransaction=android.os.Binder@fe47e29
02-08 21:06:38.610   835   926 W UsageStatsService: Unexpected activity event reported! (com.yaruchyk.wellbeingdashboard/com.yaruchyk.wellbeingdashboard.MainActivity event : 23 instanceId : 230008649)
02-08 21:06:38.611   835  1353 V WindowManager: continueTransitionReady deferReadyDepth=0 stack=com.android.server.wm.TransitionController.continueTransitionReady:1071 com.android.server.wm.TaskFragmentOrganizerController$TaskFragmentOrganizerState.onTransactionFinished:546 com.android.server.wm.TaskFragmentOrganizerController.onTransactionHandled:740 android.window.ITaskFragmentOrganizerController$Stub.onTransact:225 android.os.Binder.execTransactInternal:1473 
02-08 21:06:38.612  1232  1232 D b/417220811: invalidateLoadedTasks - previous requestLoadId: -1
02-08 21:06:38.613   835  1049 D BackgroundInstallControlService: Package event received: 0
02-08 21:06:38.614   835  1049 D BackgroundInstallControlService: Package event received: 0
02-08 21:06:38.614   653   760 I libbinder.BpBinder: onLastStrongRef automatically unlinking death recipients for descriptor: '(not cached)'
02-08 21:06:38.627  1094  1103 V WindowManagerShell: onTransitionReady(transaction=3586297693686)
02-08 21:06:38.628  1232  1292 D QuickstepModelDelegate: notifyAppTargetEvent action=1 launchLocation=workspace/0/[-1,-1]/[1,1]
02-08 21:06:38.630  1094  1195 V WindowManagerShell: onTransitionReady (#20) android.os.BinderProxy@56c8a7b: {id=20 t=CLOSE f=0x0 trk=0 r=[0@Point(0, 0)] c=[
02-08 21:06:38.630  1094  1195 V WindowManagerShell:         {m=TO_FRONT f=SHOW_WALLPAPER|MOVE_TO_TOP leash=Surface(name=Task=1#44)/@0x78aa098 sb=Rect(0, 0 - 1080, 2400) eb=Rect(0, 0 - 1080, 2400) epz=Point(1080, 2400) d=0 taskParent=-1 winMode=1 userId=0},
02-08 21:06:38.630  1094  1195 V WindowManagerShell:         {m=CLOSE f=NONE leash=Surface(name=Task=21#231)/@0x84e0f1 sb=Rect(0, 0 - 1080, 2400) eb=Rect(0, 0 - 1080, 2400) epz=Point(1080, 2400) d=0 taskParent=-1 winMode=1 userId=0},
02-08 21:06:38.630  1094  1195 V WindowManagerShell:         {m=TO_FRONT f=IS_WALLPAPER leash=Surface(name=WallpaperWindowToken{b422024}#60)/@0x8364d6 sb=Rect(0, 0 - 1080, 2400) eb=Rect(0, 0 - 1080, 2400) epz=Point(1080, 2400) d=0}
02-08 21:06:38.630  1094  1195 V WindowManagerShell:     ]}
02-08 21:06:38.631  1094  1195 V WindowManagerShell: Transition (#20) android.os.BinderProxy@56c8a7b@0 ready while (#19) android.os.BinderProxy@80cf24d@0 is still animating. Notify the animating transition in case they can be merged
02-08 21:06:38.631  1094  1195 V WindowManagerShell:    Requesting merge (#20) into remote: RemoteTransition { remoteTransition = android.window.IRemoteTransition$Stub$Proxy@f436649, appThread = android.app.IApplicationThread$Stub$Proxy@e52fb4e, debugName = QuickstepLaunch }
02-08 21:06:38.631  1694  1951 I AiAiEcho: Predicting[0]:  [CONTEXT sampling_count=5 ]
02-08 21:06:38.632  1694  1951 I AiAiEcho: EchoTargets: 
02-08 21:06:38.632  1694  1951 I AiAiEcho: Filtered by AiAi flag check: 
02-08 21:06:38.632  1694  1951 I AiAiEcho: [CONTEXT ratelimit_period="10 SECONDS" ]
02-08 21:06:38.632  1694  1951 I AiAiEcho: #remoteViewsTwiddler: feature disabled.
02-08 21:06:38.632  1694  1951 I AiAiEcho: #postPredictionTargets: Sending updates to UISurface home with targets# 0 (types=[])
02-08 21:06:38.634  1094  1522 V WindowManagerShell: Received remote transition finished callback for (#19)
02-08 21:06:38.634  1094  1195 V WindowManagerShell: Transition animation finished (aborted=false), notifying core (#19) android.os.BinderProxy@80cf24d@0
02-08 21:06:38.669   835   857 V WindowManager: Sent Transition (#20) createdAt=02-08 21:06:38.592 via request=TransitionRequestInfo { type = CLOSE, triggerTask = TaskInfo{userId=0 taskId=21 effectiveUid=10227 displayId=0 isRunning=false baseIntent=Intent { act=android.intent.action.MAIN cat=[android.intent.category.LAUNCHER] flg=0x10200000 cmp=com.yaruchyk.wellbeingdashboard/.MainActivity } baseActivity=null topActivity=null origActivity=null realActivity=ComponentInfo{com.yaruchyk.wellbeingdashboard/com.yaruchyk.wellbeingdashboard.MainActivity} numActivities=0 lastActiveTime=251074 supportsMultiWindow=true resizeMode=1 isResizeable=true minWidth=-1 minHeight=-1 defaultMinSize=220 token=WCT{RemoteToken{cb9bb2 Task{773a950 #21 type=standard A=10227:com.yaruchyk.wellbeingdashboard}}} topActivityType=1 pictureInPictureParams=null shouldDockBigOverlays=false launchIntoPipHostTaskId=-1 lastParentTaskIdBeforePip=-1 displayCutoutSafeInsets=Rect(0, 0 - 0, 0) topActivityInfo=null launchCookies=[android.os.BinderProxy@dac0680] positionInParent=Point(0, 0) parentTaskId=-1 isFocused=false isVisible=true isVisibleRequested=true isTopActivityNoDisplay=false isSleeping=false locusId=null displayAreaFeatureId=1 isTopActivityTransparent=false isActivityStackTransparent=true lastNonFullscreenBounds=null capturedLink=null capturedLinkTimestamp=0 requestedVisibleTypes=503 topActivityRequestOpenInBrowserEducationTimestamp=0 appCompatTaskInfo=AppCompatTaskInfo { topActivityInSizeCompat=false isLeafTask= true eligibleForLetterboxEducation= false isLetterboxEducationEnabled= false isLetterboxDoubleTapEnabled= false eligibleForUserAspectRatioButton= false topActivityBoundsLetterboxed= false isFromLetterboxDoubleTap= false topActivityLetterboxVerticalPosition= -1 topActivityLetterboxHorizontalPosition= -1 topActivityLetterboxWidth=-1 topActivityLetterboxHeight=-1 topActivityAppBounds=Rect(0, 0 - 0, 0) isUserFullscreenOverrideEnabled=false isSystemFullscreenOverrideEnabled=false hasMinAspectRatioOverride=false topActivityLetterboxBounds=null cameraCompatTaskInfo=CameraCompatTaskInfo { cameraCompatMode=undefinedundefined} topNonResizableActivityAspectRatio=-1.0} topActivityMainWindowFrame=null isAppBubble=false}, pipChange = null, remoteTransition = null, displayChange = null, requestedLocation = null, userChange = null, windowingLayerChange = null, flags = 0, debugId = 20 }
02-08 21:06:38.669   835   857 V WindowManager:     startWCT=WindowContainerTransaction { changes= {} hops= [] errorCallbackToken=null taskFragmentOrganizer=null }
02-08 21:06:38.669   835   857 V WindowManager:     info={id=20 t=CLOSE f=0x0 trk=0 r=[0@Point(0, 0)] c=[
02-08 21:06:38.669   835   857 V WindowManager:         {WCT{RemoteToken{536429a Task{dadb6d1 #1 type=home}}} m=TO_FRONT f=SHOW_WALLPAPER|MOVE_TO_TOP leash=Surface(name=Task=1#44)/@0x8ccf960 sb=Rect(0, 0 - 1080, 2400) eb=Rect(0, 0 - 1080, 2400) epz=Point(1080, 2400) d=0 taskParent=-1 winMode=1 userId=0},
02-08 21:06:38.669   835   857 V WindowManager:         {WCT{RemoteToken{cb9bb2 Task{773a950 #21 type=standard A=10227:com.yaruchyk.wellbeingdashboard}}} m=CLOSE f=NONE leash=Surface(name=Task=21#231)/@0x17f2d14 sb=Rect(0, 0 - 1080, 2400) eb=Rect(0, 0 - 1080, 2400) epz=Point(1080, 2400) d=0 taskParent=-1 winMode=1 userId=0},
02-08 21:06:38.669   835   857 V WindowManager:         {m=TO_FRONT f=IS_WALLPAPER leash=Surface(name=WallpaperWindowToken{b422024}#60)/@0x4a12963 sb=Rect(0, 0 - 1080, 2400) eb=Rect(0, 0 - 1080, 2400) epz=Point(1080, 2400) d=0}
02-08 21:06:38.669   835   857 V WindowManager:     ]}
02-08 21:06:38.671   835   857 V WindowManager: Finish Transition (#19): created at 02-08 21:06:38.084 collect-started=0.024ms request-sent=5.46ms started=10.181ms ready=132.666ms sent=137.255ms commit=30.095ms finished=586.985ms
02-08 21:06:38.676  1094  1195 V WindowManagerShell: Playing animation for (#20) android.os.BinderProxy@56c8a7b@0
02-08 21:06:38.676  1094  1195 V ShellRecents: RecentsTransitionHandler.startAnimation: no controller found
02-08 21:06:38.677  1094  1195 V ShellDesktopMode: DesktopMixedTransitionHandler: No pending desktop transition
02-08 21:06:38.677  1094  1195 V WindowManagerShell: Transition doesn't have explicit remote, search filters for match for {id=20 t=CLOSE f=0x0 trk=0 r=[0@Point(0, 0)] c=[{m=TO_FRONT f=SHOW_WALLPAPER|MOVE_TO_TOP leash=Surface(name=Task=1#44)/@0x78aa098 sb=Rect(0, 0 - 1080, 2400) eb=Rect(0, 0 - 1080, 2400) epz=Point(1080, 2400) d=0 taskParent=-1 winMode=1 userId=0},{m=CLOSE f=NONE leash=Surface(name=Task=21#231)/@0x84e0f1 sb=Rect(0, 0 - 1080, 2400) eb=Rect(0, 0 - 1080, 2400) epz=Point(1080, 2400) d=0 taskParent=-1 winMode=1 userId=0},{m=TO_FRONT f=IS_WALLPAPER leash=Surface(name=WallpaperWindowToken{b422024}#60)/@0x8364d6 sb=Rect(0, 0 - 1080, 2400) eb=Rect(0, 0 - 1080, 2400) epz=Point(1080, 2400) d=0}]}
02-08 21:06:38.677  1094  1195 V WindowManagerShell:  Checking filter Pair{{types=[] flags=0x0] notFlags=0x0 checks=[{atype=undefined independent=true modes=[CLOSE,TO_BACK] flags=IN_TASK_WITH_EMBEDDED_ACTIVITY mustBeTask=false order=ANY topActivity=null launchCookie=null taskFragmentToken=android.os.BinderProxy@cb4e122 windowingMode=undefined isCrossDisplayMove=false}]} RemoteTransition { remoteTransition = android.window.IRemoteTransition$Stub$Proxy@7e867b3, appThread = android.app.IApplicationThread$Stub$Proxy@4fee170, debugName = overlayBackTransition }}
02-08 21:06:38.677  1094  1195 V WindowManagerShell:  Checking filter Pair{{types=[] flags=0x0] notFlags=0x0 checks=[{atype=dream independent=true modes=[OPEN,TO_FRONT] flags=NONE mustBeTask=false order=ANY topActivity=null launchCookie=null windowingMode=undefined isCrossDisplayMove=false},{atype=home independent=true modes=[CLOSE,TO_BACK] flags=NONE mustBeTask=false order=ANY topActivity=null launchCookie=null windowingMode=undefined isCrossDisplayMove=false}]} RemoteTransition { remoteTransition = android.window.IRemoteTransition$Stub$Proxy@5d64ce9, appThread = android.app.IApplicationThread$Stub$Proxy@ce3ed6e, debugName = LauncherToDream }}
02-08 21:06:38.677  1094  1195 V WindowManagerShell:  Checking filter Pair{{types=[] flags=0x0] notFlags=0x100 checks=[{atype=home independent=true modes=[OPEN,TO_FRONT] flags=NONE mustBeTask=false order=TOP topActivity=ComponentInfo{com.google.android.apps.nexuslauncher/com.google.android.apps.nexuslauncher.NexusLauncherActivity} launchCookie=null windowingMode=undefined isCrossDisplayMove=false},{atype=standard independent=true modes=[CLOSE,TO_BACK] flags=NONE mustBeTask=false order=ANY topActivity=null launchCookie=null windowingMode=undefined isCrossDisplayMove=false},{NOT atype=undefined independent=true modes=[] flags=NONE mustBeTask=true order=ANY topActivity=null launchCookie=null customAnim=true windowingMode=undefined isCrossDisplayMove=false}]} RemoteTransition { remoteTransition = android.window.IRemoteTransition$Stub$Proxy@77cc0f, appThread = android.app.IApplicationThread$Stub$Proxy@5c8a49c, debugName = QuickstepLaunchHome }}
02-08 21:06:38.677  1094  1195 D RemoteTransitionHandler: Found filterPair{{types=[] flags=0x0] notFlags=0x100 checks=[{atype=home independent=true modes=[OPEN,TO_FRONT] flags=NONE mustBeTask=false order=TOP topActivity=ComponentInfo{com.google.android.apps.nexuslauncher/com.google.android.apps.nexuslauncher.NexusLauncherActivity} launchCookie=null windowingMode=undefined isCrossDisplayMove=false},{atype=standard independent=true modes=[CLOSE,TO_BACK] flags=NONE mustBeTask=false order=ANY topActivity=null launchCookie=null windowingMode=undefined isCrossDisplayMove=false},{NOT atype=undefined independent=true modes=[] flags=NONE mustBeTask=true order=ANY topActivity=null launchCookie=null customAnim=true windowingMode=undefined isCrossDisplayMove=false}]} RemoteTransition { remoteTransition = android.window.IRemoteTransition$Stub$Proxy@77cc0f, appThread = android.app.IApplicationThread$Stub$Proxy@5c8a49c, debugName = QuickstepLaunchHome }}
02-08 21:06:38.677  1094  1195 V WindowManagerShell:  Delegate animation for (#20) to RemoteTransition { remoteTransition = android.window.IRemoteTransition$Stub$Proxy@77cc0f, appThread = android.app.IApplicationThread$Stub$Proxy@5c8a49c, debugName = QuickstepLaunchHome }
02-08 21:06:38.680  1094  1195 V WindowManagerShell:  animated by com.android.wm.shell.transition.RemoteTransitionHandler@6006ecf
02-08 21:06:38.705  1232  1232 D LauncherStateManager: StateManager.createAtomicAnimation: fromState: Normal, toState: Normal, partial trace:
02-08 21:06:38.705  1232  1232 D LauncherStateManager: 	at com.android.quickstep.util.ScalingWorkspaceRevealAnim.<init>(go/retraceme f3a19d912c87c27267cfbc05ba0bc7b202ab72a6648bd76225f5f7e128d94583:54)
02-08 21:06:38.705  1232  1232 D LauncherStateManager: 	at com.android.launcher3.QuickstepTransitionManager.createWallpaperOpenAnimations(go/retraceme f3a19d912c87c27267cfbc05ba0bc7b202ab72a6648bd76225f5f7e128d94583:537)
02-08 21:06:38.705  1232  1232 D LauncherStateManager: 	at com.android.launcher3.QuickstepTransitionManager$WallpaperOpenLauncherAnimationRunner.onAnimationStart(go/retraceme f3a19d912c87c27267cfbc05ba0bc7b202ab72a6648bd76225f5f7e128d94583:96)
02-08 21:06:38.705  1232  1232 D AllAppsTransitionController: shouldProtectHeader: false skipScrim: true state: Normal stateManager.getState(): Normal
02-08 21:06:38.705  1232  1232 D KeyboardInsetsHandler: removePendingImeController: pendingImeController=null
02-08 21:06:38.706  1232  1232 V BaseDepthController: Applying blur: 0 to Surface(name=com.google.android.apps.nexuslauncher/com.google.android.apps.nexuslauncher.NexusLauncherActivity#208)/@0xea042bb applyImmediately: false
02-08 21:06:38.706  1232  1232 D BaseDepthController: shouldBlurWorkspace: false targetState: Normal currentStableState: Normal mCurrentBlur: 0 mLauncher.getDepthBlurTargets(): [com.android.launcher3.Workspace{63393d8 V.ED..... ......ID 0,0-1080,2400 #7f0a049d app:id/workspace}, com.android.launcher3.Hotseat{c11f331 V.ED..... ........ 0,1905-1080,2400 #7f0a01ee app:id/hotseat}]
02-08 21:06:38.706  1232  1232 V BaseDepthController: Applying blur: 0 to Surface(name=com.google.android.apps.nexuslauncher/com.google.android.apps.nexuslauncher.NexusLauncherActivity#208)/@0xea042bb applyImmediately: false
02-08 21:06:38.706  1232  1232 D BaseDepthController: shouldBlurWorkspace: false targetState: Normal currentStableState: Normal mCurrentBlur: 0 mLauncher.getDepthBlurTargets(): [com.android.launcher3.Workspace{63393d8 V.ED..... ......ID 0,0-1080,2400 #7f0a049d app:id/workspace}, com.android.launcher3.Hotseat{c11f331 V.ED..... ........ 0,1905-1080,2400 #7f0a01ee app:id/hotseat}]
02-08 21:06:38.706  1232  1232 D LauncherStateManager: StateManager.cancelAnimation: animation ongoing: true, partial trace:
02-08 21:06:38.706  1232  1232 D LauncherStateManager: 	at com.android.launcher3.statemanager.StateManager.setCurrentAnimation(go/retraceme f3a19d912c87c27267cfbc05ba0bc7b202ab72a6648bd76225f5f7e128d94583:18)
02-08 21:06:38.706  1232  1232 D LauncherStateManager: 	at com.android.launcher3.QuickstepTransitionManager.createWallpaperOpenAnimations(go/retraceme f3a19d912c87c27267cfbc05ba0bc7b202ab72a6648bd76225f5f7e128d94583:646)
02-08 21:06:38.706  1232  1232 D LauncherStateManager: 	at com.android.launcher3.QuickstepTransitionManager$WallpaperOpenLauncherAnimationRunner.onAnimationStart(go/retraceme f3a19d912c87c27267cfbc05ba0bc7b202ab72a6648bd76225f5f7e128d94583:96)
02-08 21:06:38.707  1232  1232 D AllAppsTransitionController: shouldProtectHeader: false skipScrim: false state: Normal stateManager.getState(): Normal
02-08 21:06:38.707  1232  1232 V BaseDepthController: Applying blur: 0 to Surface(name=com.google.android.apps.nexuslauncher/com.google.android.apps.nexuslauncher.NexusLauncherActivity#208)/@0xea042bb applyImmediately: false
02-08 21:06:38.707  1232  1232 D BaseDepthController: shouldBlurWorkspace: false targetState: Normal currentStableState: Normal mCurrentBlur: 0 mLauncher.getDepthBlurTargets(): [com.android.launcher3.Workspace{63393d8 V.ED..... ......ID 0,0-1080,2400 #7f0a049d app:id/workspace}, com.android.launcher3.Hotseat{c11f331 V.ED..... ......ID 0,1905-1080,2400 #7f0a01ee app:id/hotseat}]
02-08 21:06:38.708  1232  1232 D KeyboardInsetsHandler: setState, toState:Normal StateManager(mLastStableState:Normal, mCurrentStableState:Normal, mState:Normal, mRestState:null, isInTransition:false)
02-08 21:06:38.708  1232  1232 D KeyboardInsetsHandler: removePendingImeController: pendingImeController=null
02-08 21:06:38.708  1232  1232 D ActivityContext: hideKeyboard
02-08 21:06:38.708  1232  1232 D ActivityContext: isImeShown: false
02-08 21:06:38.708  1232  1232 D BaseActivity: Launcher flags updated: [state_started|state_resumed|state_deferred_resumed|state_user_active]
02-08 21:06:38.708  1232  1232 D LauncherStateManager: StateManager.onStateTransitionEnd: state: Normal
02-08 21:06:38.708  1232  1232 D RecentsView: reset - mEnableDrawingLiveTile: false, mRecentsAnimationController: null
02-08 21:06:38.708  1232  1232 D RecentsView: cleanupRemoteTargets - mRemoteTargetHandles: null
02-08 21:06:38.708  1232  1232 D ActivityAllAppsContainerView: rebindAdapters: force: false
02-08 21:06:38.708  1232  1232 D ActivityAllAppsContainerView: rebindAdapters: Not needed.
02-08 21:06:38.709  1232  1232 D b/311077782: LauncherAnimationRunner.setAnimation
02-08 21:06:38.726  1232  1232 D BaseActivity: Launcher flags updated: [state_started|state_resumed|state_deferred_resumed|state_window_focused|state_user_active] +[state_window_focused]
02-08 21:06:38.727   835   961 I ImeTracker: com.google.android.apps.nexuslauncher:e7ea5ca2: onRequestHide at ORIGIN_SERVER reason HIDE_SAME_WINDOW_FOCUSED_WITHOUT_EDITOR fromUser false
02-08 21:06:38.728  1232  1232 D OverviewActionsView: updateForGroupedTask() called with: isGroupedTask = [false], canSaveAppPair = [false]
02-08 21:06:38.728  1232  1232 D OverviewActionsView: updateActionButtonsVisibility() called: showSingleTaskActions = [true], showGroupActions = [false]
02-08 21:06:38.729  1548  1548 I GoogleInputMethodService: GoogleInputMethodService.onFinishInput():2057 
02-08 21:06:38.729  1232  1232 D SsBaseTemplateCard: Passed-in item info is null
02-08 21:06:38.729  1232  1232 D SsBaseTemplateCard: Passed-in item info is null
02-08 21:06:38.729  1232  1232 D SsBaseTemplateCard: Passed-in item info is null
02-08 21:06:38.729  1232  1232 D SsBaseTemplateCard: Passed-in item info is null
02-08 21:06:38.729  1232  1232 I SsBaseTemplateCard: Secondary card pane is null
02-08 21:06:38.729  1548  1548 I Module  : DeviceLockedStatusModuleProvider$Module.updateDeviceLockedStatus():100 repeatCheckTimes = 0, locked = false
02-08 21:06:38.730  1548  1548 I GoogleInputMethodService: GoogleInputMethodService.onStartInput():1318 onStartInput(EditorInfo{EditorInfo{packageName=com.google.android.apps.nexuslauncher, inputType=0, inputTypeString=NULL, enableLearning=false, autoCorrection=false, autoComplete=false, imeOptions=0, privateImeOptions=null, actionName=UNSPECIFIED, actionLabel=null, initialSelStart=-1, initialSelEnd=-1, initialCapsMode=0, label=null, fieldId=0, fieldName=null, extras=null, hintText=null, hintLocales=[]}}, false)
02-08 21:06:38.733  1548  1548 I Module  : DeviceLockedStatusModuleProvider$Module.updateDeviceLockedStatus():100 repeatCheckTimes = 1, locked = false
02-08 21:06:38.737   835  2063 W PackageConfigPersister: App-specific configuration not found for packageName: com.google.android.apps.nexuslauncher and userId: 0
02-08 21:06:38.746  1232  1232 D InsetsController: hide(ime())
02-08 21:06:38.746  1232  1232 I ImeTracker: com.google.android.apps.nexuslauncher:e7ea5ca2: onCancelled at PHASE_CLIENT_ALREADY_HIDDEN
02-08 21:06:39.238   835  1294 D ActivityManager: sync unfroze 1605 com.google.android.gms for 4
02-08 21:06:39.256  1605  1605 D BoundBrokerSvc: onBind: Intent { act=com.google.android.gms.checkin.internal.scheduler.ScheduledCheckinGmsTaskService.ACTION_TASK_READY dat=chimera-action:/... xflg=0x4 cmp=com.google.android.gms/.chimera.GmsInternalBoundBrokerService }
02-08 21:06:39.256  1605  1605 D BoundBrokerSvc: Loading bound service for intent: Intent { act=com.google.android.gms.checkin.internal.scheduler.ScheduledCheckinGmsTaskService.ACTION_TASK_READY dat=chimera-action:/... xflg=0x4 cmp=com.google.android.gms/.chimera.GmsInternalBoundBrokerService }
02-08 21:06:39.278  1605  1605 D BoundBrokerSvc: onUnbind: Intent { act=com.google.android.gms.common.BIND_SHARED_PREFS xflg=0x4 pkg=com.google.android.gms }
02-08 21:06:39.281   835  1294 W ProcessStats: Tracking association SourceState{9ae5ad3 com.google.android.gms.persistent/10155 ImpBg #1910} whose proc state 6 is better than process ProcessState{f873f92 com.google.android.gms/10155 pkg=com.google.android.gms} proc state 14 (13 skipped)
02-08 21:06:39.288  1434  4309 I NetworkScheduler.Stats: (REDACTED) Task %s/%s started execution. cause:%s exec_start_elapsed_seconds: %s
02-08 21:06:39.294  1605  2152 I Checkin : [ScheduledCheckinGmsTaskService] onRunTask
02-08 21:06:39.309  1605  2152 I WakefulBroadcastRcvr: Processing wakeful broadcast: com.google.android.gms.checkin.CHECKIN_START_ACTION
02-08 21:06:39.320  1605  4507 I Checkin : [CheckinIntentOperation] onHandleIntent, Intent { act=com.google.android.gms.checkin.CHECKIN_START_ACTION cat=[targeted_intent_op_prefix:.checkin.CheckinIntentOperation] xflg=0x4 cmp=com.google.android.gms/.chimera.GmsIntentOperationService (has extras) }
02-08 21:06:39.332  1434  4378 I NetworkScheduler.Stats: (REDACTED) Task %s/%s finished executing. cause:%s result: %s elapsed_millis: %s uptime_millis: %s exec_start_elapsed_seconds: %s
02-08 21:06:39.333  1605  1605 D BoundBrokerSvc: onUnbind: Intent { act=com.google.android.gms.checkin.internal.scheduler.ScheduledCheckinGmsTaskService.ACTION_TASK_READY dat=chimera-action:/... xflg=0x4 cmp=com.google.android.gms/.chimera.GmsInternalBoundBrokerService }
02-08 21:06:39.380   835  2070 D ActivityManager: sync unfroze 3024 com.google.android.gms.unstable for 6
02-08 21:06:39.435  1434  4309 I NetworkScheduler.Stats: (REDACTED) Task %s/%s started execution. cause:%s exec_start_elapsed_seconds: %s
02-08 21:06:39.468  1434  4509 I TapAndPay: Sending QUICK_ACCESS_WALLET_STATE_CHANGED broadcast to wallet app. [CONTEXT service_id=79 ]
02-08 21:06:39.477  1434  4378 I NetworkScheduler.Stats: (REDACTED) Task %s/%s finished executing. cause:%s result: %s elapsed_millis: %s uptime_millis: %s exec_start_elapsed_seconds: %s
02-08 21:06:39.477  3024  4170 W libc    : Access denied finding property "persist.adb.tls_server.enable"
02-08 21:06:39.478  3024  4170 W libc    : Access denied finding property "service.adb.tls.port"
02-08 21:06:39.473  3024  3024 W binder:3024_8: type=1400 audit(0.0:117): avc:  denied  { read } for  name="u:object_r:adbd_prop:s0" dev="tmpfs" ino=59 scontext=u:r:gmscore_app:s0:c512,c768 tcontext=u:object_r:adbd_prop:s0 tclass=file permissive=0 app=com.google.android.gms
02-08 21:06:39.524   835  2063 D FileUtils: Rounded bytes from 2061066240 to 4000000000
02-08 21:06:39.542  1605  4507 I Checkin : [CheckinOperation] Starting Checkin: Default Task Reason : 8 Force : false UserId : 0 Start time : 252527
02-08 21:06:39.548  1605  4507 I CheckinUtil: Classify the device as Phone. [CONTEXT service_id=130 ]
02-08 21:06:39.577   835  1775 E TaskPersister: File error accessing recents directory (directory doesn't exist?).
02-08 21:06:39.578  1605  4507 I Checkin : [AndroidCheckinProtoModule] Checkin reason type: 8 attempt count: 1.
02-08 21:06:39.607   835  2070 D FileUtils: Rounded bytes from 2061066240 to 4000000000
02-08 21:06:39.646   835  2070 I RemoteProvisionSysSvc: getRegistration(android.hardware.security.keymint.IRemotelyProvisionedComponent/default)
02-08 21:06:39.648   835  1049 D BackgroundInstallControlService: Package event received: 0
02-08 21:06:39.675   835  2070 D ActivityManager: sync unfroze 3638 com.google.android.rkpdapp for 6
02-08 21:06:39.684   835  1049 D BackgroundInstallControlService: Package event received: 0
02-08 21:06:39.714  1232  1232 D ScalingWorkspaceRevealAnim: onAnimationEnd, workspace and hotseat are visible
02-08 21:06:39.717  1232  1232 V BaseDepthController: Applying blur: 0 to Surface(name=com.google.android.apps.nexuslauncher/com.google.android.apps.nexuslauncher.NexusLauncherActivity#208)/@0xea042bb applyImmediately: false
02-08 21:06:39.717  1232  1232 D BaseDepthController: shouldBlurWorkspace: false targetState: Normal currentStableState: Normal mCurrentBlur: 0 mLauncher.getDepthBlurTargets(): [com.android.launcher3.Workspace{63393d8 V.ED..... ........ 0,0-1080,2400 #7f0a049d app:id/workspace}, com.android.launcher3.Hotseat{c11f331 V.ED..... ........ 0,1905-1080,2400 #7f0a01ee app:id/hotseat}]
02-08 21:06:39.719  1094  1522 V WindowManagerShell: Received remote transition finished callback for (#20)
02-08 21:06:39.721  1094  1195 V WindowManagerShell: Transition animation finished (aborted=false), notifying core (#20) android.os.BinderProxy@56c8a7b@0
02-08 21:06:39.725   835   835 I RegistrationProxy: onServiceConnected: com.android.rkpdapp.service.RemoteProvisioningService
02-08 21:06:39.734   835   857 V WindowManager: Finish Transition (#20): created at 02-08 21:06:38.592 collect-started=0.022ms request-sent=0.083ms started=7.44ms ready=21.429ms sent=30.499ms commit=74.81ms finished=1137.37ms
02-08 21:06:39.759  3638  3642 W android.rkpdapp: userfaultfd: MOVE ioctl seems unsupported: Connection timed out
02-08 21:06:39.768  1094  1195 V WindowManagerShell: Track 0 became idle
02-08 21:06:39.768  1094  1195 V WindowManagerShell: All active transition animations finished
02-08 21:06:39.774  1094  1195 V ShellTaskOrganizer: Task vanished taskId=21
02-08 21:06:39.774  1094  1195 V ShellTaskOrganizer: Fullscreen Task Vanished: #21
02-08 21:06:39.774  1094  1195 V ShellDesktopMode: Task Vanished: #21 closed=true
02-08 21:06:39.779  1094  1195 D ShellDesktopMode: AppToWebRepository: Task 21 is vanishing. Removing task data from repository
02-08 21:06:39.786   835  1070 W ImageReader_JNI: Unable to acquire a buffer item, very likely client tried to acquire more than maxImages buffers
02-08 21:06:39.789  3638  3642 I android.rkpdapp: Background concurrent mark compact GC freed 1169KB AllocSpace bytes, 2(40KB) LOS objects, 49% free, 1791KB/3582KB, paused 280us,1.647ms total 115.266ms
02-08 21:06:39.793  1094  1195 V AppCompat: SingleSurfaceLetterboxController: []
02-08 21:06:39.793  1094  1195 V AppCompat: MultiSurfaceLetterboxController: []
02-08 21:06:39.793  1094  1195 V AppCompat: LetterboxInputController: []
02-08 21:06:39.793  1094  1195 V AppCompat: RoundedCornersLetterboxController: {}
02-08 21:06:39.798   835  1919 I RegistrationProxy: IGetRegistrationCallback.onSuccess
02-08 21:06:39.803  1232  1232 D RecentsView: onTaskRemoved: 21, not handling task stack changes
02-08 21:06:39.803  1232  1232 D b/417220811: invalidateLoadedTasks - previous requestLoadId: -1
02-08 21:06:39.803  1232  1232 D RecentsView: onTaskRemoved: 21, not handling task stack changes
02-08 21:06:39.815   835  2070 I RemoteProvisionSysSvc: Fetching key 10155 for client 105561550
02-08 21:06:39.815   835  2070 I RegistrationProxy: getKeyAsync operation started with callback 251380975
02-08 21:06:39.819  3638  4515 I RkpdRegistrationBinder: Key requested for : android.hardware.security.keymint.IRemotelyProvisionedComponent/default, clientUid: 1017, keyId: 10155, callback: 205054466
02-08 21:06:39.840  3638  4515 I RkpdRegistrationBinder: Key successfully assigned to client
02-08 21:06:39.843   835   835 I RemoteProvisionSysSvc: Successfully fetched key for client 105561550
02-08 21:06:39.960   310   310 D SoftKeymaster: system/keymaster/km_openssl/certificate_utils.cpp, Line 148: Using TAG_CERTIFICATE_NOT_BEFORE: 1770584739618
02-08 21:06:39.960   310   310 D SoftKeymaster: system/keymaster/km_openssl/certificate_utils.cpp, Line 154: Using TAG_CERTIFICATE_NOT_AFTER: 1770585339618
02-08 21:06:39.960   310   310 D SoftKeymaster: system/keymaster/km_openssl/certificate_utils.cpp, Line 159: Got certificate date params:  NotBefore = 1770584739618, NotAfter = 1770585339618
02-08 21:06:39.963   310   310 D SoftKeymaster: system/keymaster/km_openssl/certificate_utils.cpp, Line 273: Setting notBefore to 1770584739
02-08 21:06:39.963   310   310 D SoftKeymaster: system/keymaster/km_openssl/certificate_utils.cpp, Line 282: Setting notAfter to 1770585339
02-08 21:06:40.048  1605  4507 W KeyAttestationHandler: Certificate chain has 3 numbers of certificates [CONTEXT service_id=130 ]
02-08 21:06:40.049  1605  4507 W KeyAttestationHandler: Certificate chain has payload byte size 1700 [CONTEXT service_id=130 ]
02-08 21:06:40.176  1605  4507 W Conscrypt: Could not set socket write timeout: java.net.SocketException: Socket closed
02-08 21:06:40.180  1605  4507 W Conscrypt: 	at com.google.android.gms.org.conscrypt.Platform.setSocketWriteTimeout(:com.google.android.gms@260235038@26.02.35 (260800-862924022):204)
02-08 21:06:40.180  1605  4507 W Conscrypt: 	at com.google.android.gms.org.conscrypt.ConscryptFileDescriptorSocket.setSoWriteTimeout(:com.google.android.gms@260235038@26.02.35 (260800-862924022):4)
02-08 21:06:40.239  1605  4507 W Conscrypt: Could not set socket write timeout: java.net.SocketException: Socket closed
02-08 21:06:40.239  1605  4507 W Conscrypt: 	at com.google.android.gms.org.conscrypt.Platform.setSocketWriteTimeout(:com.google.android.gms@260235038@26.02.35 (260800-862924022):204)
02-08 21:06:40.239  1605  4507 W Conscrypt: 	at com.google.android.gms.org.conscrypt.ConscryptFileDescriptorSocket.setSoWriteTimeout(:com.google.android.gms@260235038@26.02.35 (260800-862924022):4)
02-08 21:06:40.561   835   990 I HalDevMgr: bestIfaceCreationProposal is null, requestIface=STA, existingIface=[name=wlan0 type=STA]
02-08 21:06:40.619  1180  1282 W AlarmManager: Unrecognized alarm listener com.android.networkstack.android.net.ip.IpClientLinkObserver$Dhcp6PdPreferredPrefixAlarmListener@d7a7305
02-08 21:06:40.624  1180  1282 D ApfFilter: (wlan0): Ignoring RA RA fe80::2 -> ff02::1 1800s fec0::/64 86400s/14400s DNS 1200000s fec0::3  which matches RA fe80::2 -> ff02::1 1800s fec0::/64 86400s/14400s DNS 1200000s fec0::3 
02-08 21:06:40.798  1605  4507 W ContextImpl: Failed to ensure /data/user/0/com.google.android.gsf/shared_prefs
02-08 21:06:40.798  1605  4507 W ContextImpl: android.system.ErrnoException: mkdir failed: ENOENT (No such file or directory)
02-08 21:06:40.798  1605  4507 W ContextImpl: 	at libcore.io.Linux.mkdir(Native Method)
02-08 21:06:40.798  1605  4507 W ContextImpl: 	at libcore.io.ForwardingOs.mkdir(ForwardingOs.java:502)
02-08 21:06:40.798  1605  4507 W ContextImpl: 	at libcore.io.BlockGuardOs.mkdir(BlockGuardOs.java:257)
02-08 21:06:40.798  1605  4507 W ContextImpl: 	at libcore.io.ForwardingOs.mkdir(ForwardingOs.java:502)
02-08 21:06:40.798  1605  4507 W ContextImpl: 	at android.system.Os.mkdir(Os.java:473)
02-08 21:06:40.798  1605  4507 W ContextImpl: 	at android.app.ContextImpl.ensurePrivateDirExists(ContextImpl.java:854)
02-08 21:06:40.798  1605  4507 W ContextImpl: 	at android.app.ContextImpl.ensurePrivateDirExists(ContextImpl.java:840)
02-08 21:06:40.798  1605  4507 W ContextImpl: 	at android.app.ContextImpl.getPreferencesDir(ContextImpl.java:792)
02-08 21:06:40.798  1605  4507 W ContextImpl: 	at android.app.ContextImpl.getSharedPreferencesPath(ContextImpl.java:1029)
02-08 21:06:40.798  1605  4507 W ContextImpl: 	at android.app.ContextImpl.getSharedPreferences(ContextImpl.java:632)
02-08 21:06:40.798  1605  4507 W ContextImpl: 	at ayia.f(:com.google.android.gms@260235038@26.02.35 (260800-862924022):10)
02-08 21:06:40.798  1605  4507 W ContextImpl: 	at ayhg.a(:com.google.android.gms@260235038@26.02.35 (260800-862924022):1722)
02-08 21:06:40.798  1605  4507 W ContextImpl: 	at ayiq.a(:com.google.android.gms@260235038@26.02.35 (260800-862924022):824)
02-08 21:06:40.798  1605  4507 W ContextImpl: 	at com.google.android.gms.checkin.CheckinIntentOperation.onHandleIntent(:com.google.android.gms@260235038@26.02.35 (260800-862924022):30)
02-08 21:06:40.798  1605  4507 W ContextImpl: 	at com.google.android.chimera.IntentOperation.onHandleIntent(:com.google.android.gms@260235038@26.02.35 (260800-862924022):1)
02-08 21:06:40.798  1605  4507 W ContextImpl: 	at ayvu.onHandleIntent(:com.google.android.gms@260235038@26.02.35 (260800-862924022):84)
02-08 21:06:40.798  1605  4507 W ContextImpl: 	at yqj.run(:com.google.android.gms@260235038@26.02.35 (260800-862924022):64)
02-08 21:06:40.798  1605  4507 W ContextImpl: 	at yqi.run(:com.google.android.gms@260235038@26.02.35 (260800-862924022):132)
02-08 21:06:40.798  1605  4507 W ContextImpl: 	at gnld.run(:com.google.android.gms@260235038@26.02.35 (260800-862924022):19)
02-08 21:06:40.798  1605  4507 W ContextImpl: 	at java.util.concurrent.ThreadPoolExecutor.runWorker(ThreadPoolExecutor.java:1154)
02-08 21:06:40.798  1605  4507 W ContextImpl: 	at java.util.concurrent.ThreadPoolExecutor$Worker.run(ThreadPoolExecutor.java:652)
02-08 21:06:40.798  1605  4507 W ContextImpl: 	at java.lang.Thread.run(Thread.java:1563)
02-08 21:06:40.798  1605  4507 W ContextImpl: Failed to ensure /data/user/0/com.google.android.gsf/files
02-08 21:06:40.798  1605  4507 W ContextImpl: android.system.ErrnoException: mkdir failed: ENOENT (No such file or directory)
02-08 21:06:40.798  1605  4507 W ContextImpl: 	at libcore.io.Linux.mkdir(Native Method)
02-08 21:06:40.798  1605  4507 W ContextImpl: 	at libcore.io.ForwardingOs.mkdir(ForwardingOs.java:502)
02-08 21:06:40.798  1605  4507 W ContextImpl: 	at libcore.io.BlockGuardOs.mkdir(BlockGuardOs.java:257)
02-08 21:06:40.798  1605  4507 W ContextImpl: 	at libcore.io.ForwardingOs.mkdir(ForwardingOs.java:502)
02-08 21:06:40.798  1605  4507 W ContextImpl: 	at android.system.Os.mkdir(Os.java:473)
02-08 21:06:40.798  1605  4507 W ContextImpl: 	at android.app.ContextImpl.ensurePrivateDirExists(ContextImpl.java:854)
02-08 21:06:40.798  1605  4507 W ContextImpl: 	at android.app.ContextImpl.ensurePrivateDirExists(ContextImpl.java:840)
02-08 21:06:40.798  1605  4507 W ContextImpl: 	at android.app.ContextImpl.getFilesDir(ContextImpl.java:888)
02-08 21:06:40.798  1605  4507 W ContextImpl: 	at android.app.ContextImpl.openFileOutput(ContextImpl.java:809)
02-08 21:06:40.798  1605  4507 W ContextImpl: 	at ayhg.a(:com.google.android.gms@260235038@26.02.35 (260800-862924022):1738)
02-08 21:06:40.798  1605  4507 W ContextImpl: 	at ayiq.a(:com.google.android.gms@260235038@26.02.35 (260800-862924022):824)
02-08 21:06:40.798  1605  4507 W ContextImpl: 	at com.google.android.gms.checkin.CheckinIntentOperation.onHandleIntent(:com.google.android.gms@260235038@26.02.35 (260800-862924022):30)
02-08 21:06:40.798  1605  4507 W ContextImpl: 	at com.google.android.chimera.IntentOperation.onHandleIntent(:com.google.android.gms@260235038@26.02.35 (260800-862924022):1)
02-08 21:06:40.798  1605  4507 W ContextImpl: 	at ayvu.onHandleIntent(:com.google.android.gms@260235038@26.02.35 (260800-862924022):84)
02-08 21:06:40.798  1605  4507 W ContextImpl: 	at yqj.run(:com.google.android.gms@260235038@26.02.35 (260800-862924022):64)
02-08 21:06:40.798  1605  4507 W ContextImpl: 	at yqi.run(:com.google.android.gms@260235038@26.02.35 (260800-862924022):132)
02-08 21:06:40.798  1605  4507 W ContextImpl: 	at gnld.run(:com.google.android.gms@260235038@26.02.35 (260800-862924022):19)
02-08 21:06:40.798  1605  4507 W ContextImpl: 	at java.util.concurrent.ThreadPoolExecutor.runWorker(ThreadPoolExecutor.java:1154)
02-08 21:06:40.798  1605  4507 W ContextImpl: 	at java.util.concurrent.ThreadPoolExecutor$Worker.run(ThreadPoolExecutor.java:652)
02-08 21:06:40.798  1605  4507 W ContextImpl: 	at java.lang.Thread.run(Thread.java:1563)
02-08 21:06:40.798  1605  4507 W FileUtils: Failed to chmod(/data/user/0/com.google.android.gsf/files)
02-08 21:06:40.798  1605  4507 W FileUtils: android.system.ErrnoException: chmod failed: ENOENT (No such file or directory)
02-08 21:06:40.798  1605  4507 W FileUtils: 	at libcore.io.Linux.chmod(Native Method)
02-08 21:06:40.798  1605  4507 W FileUtils: 	at libcore.io.ForwardingOs.chmod(ForwardingOs.java:166)
02-08 21:06:40.798  1605  4507 W FileUtils: 	at libcore.io.BlockGuardOs.chmod(BlockGuardOs.java:83)
02-08 21:06:40.798  1605  4507 W FileUtils: 	at libcore.io.ForwardingOs.chmod(ForwardingOs.java:166)
02-08 21:06:40.798  1605  4507 W FileUtils: 	at android.system.Os.chmod(Os.java:119)
02-08 21:06:40.798  1605  4507 W FileUtils: 	at android.os.FileUtils.setPermissions(FileUtils.java:189)
02-08 21:06:40.798  1605  4507 W FileUtils: 	at android.app.ContextImpl.openFileOutput(ContextImpl.java:819)
02-08 21:06:40.798  1605  4507 W FileUtils: 	at ayhg.a(:com.google.android.gms@260235038@26.02.35 (260800-862924022):1738)
02-08 21:06:40.798  1605  4507 W FileUtils: 	at ayiq.a(:com.google.android.gms@260235038@26.02.35 (260800-862924022):824)
02-08 21:06:40.798  1605  4507 W FileUtils: 	at com.google.android.gms.checkin.CheckinIntentOperation.onHandleIntent(:com.google.android.gms@260235038@26.02.35 (260800-862924022):30)
02-08 21:06:40.798  1605  4507 W FileUtils: 	at com.google.android.chimera.IntentOperation.onHandleIntent(:com.google.android.gms@260235038@26.02.35 (260800-862924022):1)
02-08 21:06:40.798  1605  4507 W FileUtils: 	at ayvu.onHandleIntent(:com.google.android.gms@260235038@26.02.35 (260800-862924022):84)
02-08 21:06:40.798  1605  4507 W FileUtils: 	at yqj.run(:com.google.android.gms@260235038@26.02.35 (260800-862924022):64)
02-08 21:06:40.798  1605  4507 W FileUtils: 	at yqi.run(:com.google.android.gms@260235038@26.02.35 (260800-862924022):132)
02-08 21:06:40.798  1605  4507 W FileUtils: 	at gnld.run(:com.google.android.gms@260235038@26.02.35 (260800-862924022):19)
02-08 21:06:40.798  1605  4507 W FileUtils: 	at java.util.concurrent.ThreadPoolExecutor.runWorker(ThreadPoolExecutor.java:1154)
02-08 21:06:40.798  1605  4507 W FileUtils: 	at java.util.concurrent.ThreadPoolExecutor$Worker.run(ThreadPoolExecutor.java:652)
02-08 21:06:40.798  1605  4507 W FileUtils: 	at java.lang.Thread.run(Thread.java:1563)
02-08 21:06:40.798  1605  4507 E GoogleSettingsUtils: Cannot write token, exception in Context lookup [CONTEXT service_id=130 ]
02-08 21:06:40.798  1605  4507 E GoogleSettingsUtils: java.io.FileNotFoundException: /data/user/0/com.google.android.gsf/files/security_token: open failed: ENOENT (No such file or directory)
02-08 21:06:40.798  1605  4507 E GoogleSettingsUtils: 	at libcore.io.IoBridge.open(IoBridge.java:574)
02-08 21:06:40.798  1605  4507 E GoogleSettingsUtils: 	at java.io.FileOutputStream.<init>(FileOutputStream.java:259)
02-08 21:06:40.798  1605  4507 E GoogleSettingsUtils: 	at android.app.ContextImpl.openFileOutput(ContextImpl.java:823)
02-08 21:06:40.798  1605  4507 E GoogleSettingsUtils: 	at ayhg.a(:com.google.android.gms@260235038@26.02.35 (260800-862924022):1738)
02-08 21:06:40.798  1605  4507 E GoogleSettingsUtils: 	at ayiq.a(:com.google.android.gms@260235038@26.02.35 (260800-862924022):824)
02-08 21:06:40.798  1605  4507 E GoogleSettingsUtils: 	at com.google.android.gms.checkin.CheckinIntentOperation.onHandleIntent(:com.google.android.gms@260235038@26.02.35 (260800-862924022):30)
02-08 21:06:40.798  1605  4507 E GoogleSettingsUtils: 	at com.google.android.chimera.IntentOperation.onHandleIntent(:com.google.android.gms@260235038@26.02.35 (260800-862924022):1)
02-08 21:06:40.798  1605  4507 E GoogleSettingsUtils: 	at ayvu.onHandleIntent(:com.google.android.gms@260235038@26.02.35 (260800-862924022):84)
02-08 21:06:40.798  1605  4507 E GoogleSettingsUtils: 	at yqj.run(:com.google.android.gms@260235038@26.02.35 (260800-862924022):64)
02-08 21:06:40.798  1605  4507 E GoogleSettingsUtils: 	at yqi.run(:com.google.android.gms@260235038@26.02.35 (260800-862924022):132)
02-08 21:06:40.798  1605  4507 E GoogleSettingsUtils: 	at gnld.run(:com.google.android.gms@260235038@26.02.35 (260800-862924022):19)
02-08 21:06:40.798  1605  4507 E GoogleSettingsUtils: 	at java.util.concurrent.ThreadPoolExecutor.runWorker(ThreadPoolExecutor.java:1154)
02-08 21:06:40.798  1605  4507 E GoogleSettingsUtils: 	at java.util.concurrent.ThreadPoolExecutor$Worker.run(ThreadPoolExecutor.java:652)
02-08 21:06:40.798  1605  4507 E GoogleSettingsUtils: 	at java.lang.Thread.run(Thread.java:1563)
02-08 21:06:40.798  1605  4507 E GoogleSettingsUtils: Caused by: android.system.ErrnoException: open failed: ENOENT (No such file or directory)
02-08 21:06:40.798  1605  4507 E GoogleSettingsUtils: 	at libcore.io.Linux.open(Native Method)
02-08 21:06:40.798  1605  4507 E GoogleSettingsUtils: 	at libcore.io.ForwardingOs.open(ForwardingOs.java:574)
02-08 21:06:40.798  1605  4507 E GoogleSettingsUtils: 	at libcore.io.BlockGuardOs.open(BlockGuardOs.java:274)
02-08 21:06:40.798  1605  4507 E GoogleSettingsUtils: 	at libcore.io.ForwardingOs.open(ForwardingOs.java:574)
