02-08 21:06:05.917  2588  2834 W ProcStatsManager: No process com.google.android.as/10145 for service com.google.android.apps.miphone.aiai.captions.SystemCaptionsManagerService
02-08 21:06:05.917  2588  2834 W ProcStatsManager: No process com.google.android.as/10145 for service com.google.android.apps.miphone.aiai.textclassifier.service.QAiaiTextClassifierService
02-08 21:06:05.917  2588  2834 W ProcStatsManager: No process com.google.android.as/10145 for service com.google.android.apps.miphone.aiai.common.superpacks.impl.AiAiSuperpacksService
02-08 21:06:05.917  2588  2834 W ProcStatsManager: No process com.google.android.as/10145 for service com.google.android.apps.miphone.aiai.app.AiAiSmartspaceService
02-08 21:06:05.917  2588  2834 W ProcStatsManager: No process com.google.android.as/10145 for service com.google.android.apps.miphone.aiai.common.superpacks.impl.PeriodicCleanupService
02-08 21:06:05.917  2588  2834 W ProcStatsManager: No process com.google.android.as/10145 for service com.google.android.apps.miphone.aiai.common.notification.service.AiAiNotificationListenerService
02-08 21:06:05.917  2588  2834 W ProcStatsManager: No process com.google.android.as/10145 for service com.google.android.apps.miphone.aiai.app.AiAiPredictionService
02-08 21:06:05.917  2588  2834 W ProcStatsManager: No process com.google.android.as/10145 for service com.google.android.apps.miphone.aiai.app.AiAiContentCaptureService
02-08 21:06:05.917  2588  2834 W ProcStatsManager: No process com.google.android.as/10145 for service com.google.android.apps.miphone.aiai.echo.scheduler.EchoJobService
02-08 21:06:05.917  2588  2834 W ProcStatsManager: No process com.google.android.as/10145 for service com.google.android.apps.miphone.aiai.common.notification.service.AiAiNotificationAssistantService
02-08 21:06:05.917  2588  2834 W ProcStatsManager: No process com.google.android.as/10145 for service androidx.work.impl.background.systemjob.SystemJobService
02-08 21:06:05.917  2588  2834 W ProcStatsManager: No process com.google.android.permissioncontroller/10217 for service com.android.permissioncontroller.permission.service.PermissionControllerServiceImpl
02-08 21:06:05.917  2588  2834 W ProcStatsManager: No process com.google.android.bluetooth/1002 for service com.android.bluetooth.btservice.AdapterService
02-08 21:06:05.917  2588  2834 W ProcStatsManager: No process com.android.printspooler/10137 for service com.android.printspooler.model.PrintSpoolerService
02-08 21:06:05.917  2588  2834 W ProcStatsManager: No process com.google.android.as.oss/10144 for service com.google.android.apps.miphone.astrea.grpc.AstreaGrpcService
02-08 21:06:05.917  2588  2834 W ProcStatsManager: No process com.google.android.apps.wellbeing/10159 for service com.google.android.apps.wellbeing.autodnd.impl.AutoDndJobService
02-08 21:06:05.917  2588  2834 W ProcStatsManager: No process com.google.android.apps.wellbeing/10159 for service com.google.apps.tiktok.concurrent.InternalForegroundService
02-08 21:06:05.917  2588  2834 W ProcStatsManager: No process com.google.android.apps.wellbeing/10159 for service androidx.work.impl.background.systemjob.SystemJobService
02-08 21:06:05.917  2588  2834 W ProcStatsManager: No process com.google.android.dialer/10146 for service com.google.apps.tiktok.concurrent.AndroidFuturesService
02-08 21:06:05.917  2588  2834 W ProcStatsManager: No process com.google.android.dialer/10146 for service com.android.voicemail.impl.DialerVisualVoicemailService
02-08 21:06:05.917  2588  2834 W ProcStatsManager: No process com.google.android.dialer/10146 for service androidx.work.impl.background.systemjob.SystemJobService
02-08 21:06:05.917  2588  2834 W ProcStatsManager: No process com.google.android.rkpdapp/10218 for service com.android.rkpdapp.service.RemoteProvisioningService
02-08 21:06:05.917  2588  2834 W ProcStatsManager: No process com.google.android.rkpdapp/10218 for service androidx.work.impl.background.systemjob.SystemJobService
02-08 21:06:05.917  2588  2834 W ProcStatsManager: No process system/1000 for service com.android.server.telecom.components.TelecomService
02-08 21:06:05.917  2588  2834 W ProcStatsManager: No process com.android.keychain/1000 for service com.android.keychain.KeyChainService
02-08 21:06:05.917  2588  2834 W ProcStatsManager: No process com.google.android.gms.persistent/10155 for service com.google.android.gms.nearby.sharing.ReceiveSurfaceService
02-08 21:06:05.917  2588  2834 W ProcStatsManager: No process com.google.android.gms/10155 for service com.google.android.gms.gass.chimera.SchedulePeriodicTasksService
02-08 21:06:05.917  2588  2834 W ProcStatsManager: No process com.google.android.gms.persistent/10155 for service com.google.android.gms.auth.account.be.accountstate.LoginAccountsChangedIntentService
02-08 21:06:05.917  2588  2834 W ProcStatsManager: No process com.google.android.gms/10155 for service com.google.android.gms.icing.service.AppIndexingService
02-08 21:06:05.917  2588  2834 W ProcStatsManager: No process com.google.android.gms/10155 for service com.google.android.gms.udc.service.UdcContextInitService
02-08 21:06:05.917  2588  2834 W ProcStatsManager: No process com.google.android.gms.unstable/10155 for service com.google.android.gms.droidguard.DroidGuardService
02-08 21:06:05.917  2588  2834 W ProcStatsManager: No process com.google.android.gms.persistent/10155 for service com.google.android.gms.instantapps.service.InstantAppsService
02-08 21:06:05.917  2588  2834 W ProcStatsManager: No process com.google.android.gms.persistent/10155 for service com.google.android.gms.personalsafety.service.SndDetectionService
02-08 21:06:05.917  2588  2834 W ProcStatsManager: No process com.google.android.gms.persistent/10155 for service com.google.android.gms.fitness.service.recording.FitRecordingBroker
02-08 21:06:05.917  2588  2834 W ProcStatsManager: No process com.google.android.gms.persistent/10155 for service com.google.android.gms.auth.setup.devicesignals.LockScreenService
02-08 21:06:05.917  2588  2834 W ProcStatsManager: No process com.google.android.gms.persistent/10155 for service com.google.android.gms.gcm.GcmService
02-08 21:06:05.917  2588  2834 W ProcStatsManager: No process com.google.android.gms.persistent/10155 for service com.google.android.gms.chimera.PersistentApiServiceNoInstantApps
02-08 21:06:05.917  2588  2834 W ProcStatsManager: No process com.google.android.gms/10155 for service com.google.android.gms.kids.auth.SupervisionSetupService
02-08 21:06:05.917  2588  2834 W ProcStatsManager: No process com.google.android.gms.persistent/10155 for service com.google.android.gms.clearcut.debug.ClearcutDebugDumpService
02-08 21:06:05.917  2588  2834 W ProcStatsManager: No process com.google.android.gms/10155 for service com.google.android.gms.pay.security.storagekey.service.StorageKeyCacheService
02-08 21:06:05.917  2588  2834 W ProcStatsManager: No process com.google.android.gms.persistent/10155 for service com.google.android.gms.location.gnssassistance.GnssAssistanceService
02-08 21:06:05.917  2588  2834 W ProcStatsManager: No process com.google.android.gms.persistent/10155 for service com.google.android.gms.chimera.PersistentApiService
02-08 21:06:05.917  2588  2834 W ProcStatsManager: No process com.google.android.gms.persistent/10155 for service com.google.android.gms.location.geocode.GeocodeService
02-08 21:06:05.917  2588  2834 W ProcStatsManager: No process com.google.android.gms.persistent/10155 for service com.google.android.gms.magictether.service.TetherService
02-08 21:06:05.917  2588  2834 W ProcStatsManager: No process com.google.android.gms/10155 for service com.google.android.gms.auth.authzen.GcmReceiverService
02-08 21:06:05.917  2588  2834 W ProcStatsManager: No process com.google.android.gms.persistent/10155 for service com.google.android.gms.instantapps.routing.DomainFilterUpdateService
02-08 21:06:05.917  2588  2834 W ProcStatsManager: No process com.google.android.gms.persistent/10155 for service com.google.android.gms.chimera.PersistentBoundBrokerService
02-08 21:06:05.917  2588  2834 W ProcStatsManager: No process com.google.android.gms/10155 for service com.google.android.gms.statementservice.OperationService
02-08 21:06:05.917  2588  2834 W ProcStatsManager: No process com.google.android.gms/10155 for service com.google.android.gms.chimera.GmsBoundBrokerService
02-08 21:06:05.917  2588  2834 W ProcStatsManager: No process com.google.android.gms/10155 for service com.google.android.gms.chimera.GmsApiService
02-08 21:06:05.917  2588  2834 W ProcStatsManager: No process com.google.android.gms.persistent/10155 for service com.google.android.gms.nearby.sharing.SendSurfaceService
02-08 21:06:05.917  2588  2834 W ProcStatsManager: No process com.google.android.gms/10155 for service com.google.android.gms.telephonyspam.sync.SpamListSyncTaskService
02-08 21:06:05.917  2588  2834 W ProcStatsManager: No process com.google.android.gms.persistent/10155 for service com.google.android.location.fused.FusedLocationService
02-08 21:06:05.917  2588  2834 W ProcStatsManager: No process com.google.android.gms.persistent/10155 for service com.google.android.gms.phenotype.service.sync.PhenotypeConfigurator
02-08 21:06:05.917  2588  2834 W ProcStatsManager: No process com.google.android.gms.persistent/10155 for service com.google.android.gms.semanticlocation.service.SemanticLocationService
02-08 21:06:05.917  2588  2834 W ProcStatsManager: No process com.google.android.gms.persistent/10155 for service com.google.android.gms.gcm.nts.SchedulerService
02-08 21:06:05.917  2588  2834 W ProcStatsManager: No process com.google.android.gms/10155 for service com.google.android.gms.ads.social.GcmSchedulerWakeupService
02-08 21:06:05.917  2588  2834 W ProcStatsManager: No process com.google.android.gms/10155 for service com.google.android.gms.checkin.CheckinService
02-08 21:06:05.917  2588  2834 W ProcStatsManager: No process com.google.android.gms.persistent/10155 for service com.google.android.gms.magictether.wifisync.WifiSyncService
02-08 21:06:05.917  2588  2834 W ProcStatsManager: No process com.google.android.gms.persistent/10155 for service com.google.android.gms.auth.account.be.legacy.AuthCronService
02-08 21:06:05.917  2588  2834 W ProcStatsManager: No process com.google.android.gms.persistent/10155 for service com.google.android.gms.gcm.http.GoogleHttpService
02-08 21:06:05.917  2588  2834 W ProcStatsManager: No process com.google.android.gms.persistent/10155 for service com.google.android.gms.thunderbird.EmergencyPersistentService
02-08 21:06:05.917  2588  2834 W ProcStatsManager: No process com.google.android.gms.persistent/10155 for service com.google.android.gms.clearcut.uploader.QosUploaderService
02-08 21:06:05.917  2588  2834 W ProcStatsManager: No process com.google.android.gms.persistent/10155 for service com.google.android.gms.cast.devicesuggestions.SuggestionsProviderChimeraService
02-08 21:06:05.917  2588  2834 W ProcStatsManager: No process com.google.android.gms/10155 for service com.google.android.gms.security.verifier.InternalApkUploadService
02-08 21:06:05.917  2588  2834 W ProcStatsManager: No process com.google.android.gms/10155 for service com.google.android.gms.chimera.GmsIntentOperationService
02-08 21:06:05.917  2588  2834 W ProcStatsManager: No process com.google.android.gms.persistent/10155 for service com.google.android.gms.chimera.PersistentDirectBootAwareApiService
02-08 21:06:05.917  2588  2834 W ProcStatsManager: No process com.google.android.gms.persistent/10155 for service com.google.android.gms.chimera.PersistentIntentOperationService
02-08 21:06:05.917  2588  2834 W ProcStatsManager: No process com.google.android.gms/10155 for service com.google.android.gms.icing.service.IndexWorkerService
02-08 21:06:05.917  2588  2834 W ProcStatsManager: No process com.google.android.gms.persistent/10155 for service com.google.android.location.reporting.service.DispatchingService
02-08 21:06:05.917  2588  2834 W ProcStatsManager: No process com.google.android.gms.persistent/10155 for service com.google.android.gms.personalsafety.service.PSAService
02-08 21:06:05.917  2588  2834 W ProcStatsManager: No process com.google.android.gms.persistent/10155 for service com.google.android.gms.geotimezone.GeoTimeZoneService
02-08 21:06:05.917  2588  2834 W ProcStatsManager: No process com.google.android.gms.persistent/10155 for service com.google.android.gms.location.persistent.LocationPersistentService
02-08 21:06:05.917  2588  2834 W ProcStatsManager: No process com.google.android.gms.persistent/10155 for service com.google.android.gms.nearby.discovery.service.DiscoveryService
02-08 21:06:05.917  2588  2834 W ProcStatsManager: No process com.google.android.gms.persistent/10155 for service com.google.android.location.internal.PendingIntentCallbackService
02-08 21:06:05.917  2588  2834 W ProcStatsManager: No process com.google.android.gms.persistent/10155 for service com.google.android.location.reporting.service.ReportingAndroidService
02-08 21:06:05.917  2588  2834 W ProcStatsManager: No process com.google.android.gms.ui/10155 for service com.google.android.gms.chimera.UiIntentOperationService
02-08 21:06:05.917  2588  2834 W ProcStatsManager: No process com.google.android.gms.persistent/10155 for service com.google.android.gms.fido.authenticator.service.AuthenticatorService
02-08 21:06:05.917  2588  2834 W ProcStatsManager: No process com.google.android.gms.persistent/10155 for service com.google.android.location.internal.server.GoogleLocationService
02-08 21:06:05.917  2588  2834 W ProcStatsManager: No process com.google.android.gms.persistent/10155 for service com.google.android.contextmanager.service.ContextManagerService
02-08 21:06:05.917  2588  2834 W ProcStatsManager: No process com.google.android.gms.persistent/10155 for service com.google.android.location.network.NetworkLocationService
02-08 21:06:05.917  2588  2834 W ProcStatsManager: No process com.google.android.gms.persistent/10155 for service com.google.android.location.internal.GoogleLocationManagerService
02-08 21:06:05.917  2588  2834 W ProcStatsManager: No process com.google.android.gms/10155 for service com.google.android.gms.backup.GmsBackupAccountManagerService
02-08 21:06:05.917  2588  2834 W ProcStatsManager: No process com.google.android.gms.persistent/10155 for service com.google.android.gms.stats.PlatformStatsCollectorService
02-08 21:06:05.917  2588  2834 W ProcStatsManager: No process com.google.android.gms.persistent/10155 for service com.google.android.gms.auth.easyunlock.authorization.InitializerIntentService
02-08 21:06:05.917  2588  2834 W ProcStatsManager: No process com.google.android.gms/10155 for service com.google.android.gms.nearby.sharing.SharingTileService
02-08 21:06:05.917  2588  2834 W ProcStatsManager: No process com.google.android.gms.persistent/10155 for service com.google.android.gms.tapandpay.security.StorageKeyCacheService
02-08 21:06:05.917  2588  2834 W ProcStatsManager: No process com.google.android.gms.persistent/10155 for service com.google.android.gms.crisisalerts.init.CrisisAlertsPersistentService
02-08 21:06:05.917  2588  2834 W ProcStatsManager: No process com.google.android.gms.persistent/10155 for service com.google.android.location.settings.DrivingConditionProvider
02-08 21:06:05.917  2588  2834 W ProcStatsManager: No process com.google.android.gms.persistent/10155 for service com.google.android.gms.auth.be.appcert.AppCertService
02-08 21:06:05.917  2588  2834 W ProcStatsManager: No process com.google.android.gms.persistent/10155 for service com.google.android.gms.common.stats.GmsCoreStatsService
02-08 21:06:05.917  2588  2834 W ProcStatsManager: No process com.google.android.gms.persistent/10155 for service com.google.android.gms.auth.account.authenticator.GoogleAccountAuthenticatorService
02-08 21:06:05.917  2588  2834 W ProcStatsManager: No process com.google.android.gms.persistent/10155 for service com.google.android.location.internal.server.HardwareArProviderService
02-08 21:06:05.917  2588  2834 W ProcStatsManager: No process com.google.android.gms.persistent/10155 for service com.google.android.gms.dtdi.lifecycle.LifecycleService
02-08 21:06:05.917  2588  2834 W ProcStatsManager: No process com.google.android.gms/10155 for service com.google.android.gms.chimera.GmsInternalBoundBrokerService
02-08 21:06:05.917  2588  2834 W ProcStatsManager: No process com.google.android.gms.unstable/10155 for service com.google.android.gms.chimera.UnstableInternalBoundBrokerService
02-08 21:06:05.917  2588  2834 W ProcStatsManager: No process com.google.android.gms/10155 for service com.google.android.gms.backup.BackupAccountManagerService
02-08 21:06:05.917  2588  2834 W ProcStatsManager: No process com.google.android.gms.persistent/10155 for service com.google.android.gms.tapandpay.gcmtask.TapAndPayGcmTaskService
02-08 21:06:05.917  2588  2834 W ProcStatsManager: No process com.google.android.gms.persistent/10155 for service com.google.android.gms.auth.proximity.phonehub.PhoneHubService
02-08 21:06:05.917  2588  2834 W ProcStatsManager: No process com.google.android.gms.persistent/10155 for service com.google.android.gms.personalsafety.service.PersonalSafetyService
02-08 21:06:05.917  2588  2834 W ProcStatsManager: No process com.google.android.gms/10155 for service com.google.android.gms.pay.gcmtask.PayGcmTaskService
02-08 21:06:05.917  2588  2834 W ProcStatsManager: No process com.google.android.gms.persistent/10155 for service com.google.android.gms.wearable.service.WearableService
02-08 21:06:05.917  2588  2834 W ProcStatsManager: No process com.google.android.gms/10155 for service com.google.android.gms.backup.component.D2dTransportService
02-08 21:06:05.917  2588  2834 W ProcStatsManager: No process com.google.android.gms/10155 for service com.google.android.gms.chimera.container.FileApkService
02-08 21:06:05.917  2588  2834 W ProcStatsManager: No process com.google.android.gms/10155 for service com.google.android.gms.icing.service.IndexService
02-08 21:06:05.917  2588  2834 W ProcStatsManager: No process com.google.android.gms.persistent/10155 for service com.google.android.gms.advancedprotection.service.AdvancedProtectionSyncService
02-08 21:06:05.917  2588  2834 W ProcStatsManager: No process com.google.android.gms/10155 for service com.google.android.gms.backup.BackupTransportService
02-08 21:06:05.917  2588  2834 W ProcStatsManager: No process com.google.android.gms/10155 for service com.google.android.gms.checkin.CheckinApiService
02-08 21:06:05.917  2588  2834 W ProcStatsManager: No process com.google.android.gms.persistent/10155 for service com.google.android.gms.nearby.presence.service.LifeCycleService
02-08 21:06:05.917  2588  2834 W ProcStatsManager: No process com.google.android.gms.persistent/10155 for service com.google.android.gms.chimera.PersistentSingleUserInternalApiService
02-08 21:06:05.917  2588  2834 W ProcStatsManager: No process com.google.android.gms.persistent/10155 for service com.google.android.gms.play.integrity.api.service.IntegrityApiPersistentService
02-08 21:06:05.917  2588  2834 W ProcStatsManager: No process com.google.android.gms.persistent/10155 for service com.google.android.gms.chimera.PersistentInternalBoundBrokerService
02-08 21:06:05.917  2588  2834 W ProcStatsManager: No process com.google.android.gms.persistent/10155 for service com.google.android.gms.wearable.service.WearableControlService
02-08 21:06:05.917  2588  2834 W ProcStatsManager: No process com.google.android.gms.persistent/10155 for service com.google.android.gms.chimera.PersistentInternalApiService
02-08 21:06:05.917  2588  2834 W ProcStatsManager: No process com.google.android.gms.persistent/10155 for service com.google.android.gms.auth.frp.FrpService
02-08 21:06:05.917  2588  2834 W ProcStatsManager: No process com.google.android.tts/10165 for service com.google.android.apps.speech.tts.googletts.service.GoogleTtsService
02-08 21:06:05.917  2588  2834 W ProcStatsManager: No process com.google.android.partnersetup/10152 for service com.google.android.partnersetup.PhenotypeJobService
02-08 21:06:05.917  2588  2834 W ProcStatsManager: No process com.google.android.partnersetup/10152 for service com.google.android.partnersetup.ClientIdJobService
02-08 21:06:05.917  2588  2834 W ProcStatsManager: No process com.google.android.partnersetup/10152 for service com.google.android.partnersetup.AppHidingJobService
02-08 21:06:05.917  2588  2834 W ProcStatsManager: No process com.android.localtransport/1000 for service com.android.localtransport.LocalTransportService
02-08 21:06:05.917  2588  2834 W ProcStatsManager: No process com.google.android.apps.nexuslauncher/10191 for service com.android.launcher3.notification.NotificationListener
02-08 21:06:05.917  2588  2834 W ProcStatsManager: No process com.google.android.apps.nexuslauncher/10191 for service com.android.quickstep.TouchInteractionService
02-08 21:06:05.917  2588  2834 W ProcStatsManager: No process com.google.android.apps.photos/10170 for service com.google.android.libraries.notifications.entrypoints.scheduled.ScheduledTaskService
02-08 21:06:05.917  2588  2834 W ProcStatsManager: No process com.google.android.apps.photos/10170 for service com.google.android.apps.photos.dbprocessor.impl.DatabaseProcessorJobService
02-08 21:06:05.917  2588  2834 W ProcStatsManager: No process com.google.android.apps.photos/10170 for service com.google.android.apps.photos.jobqueue.PhotosJobQueueJobsService
02-08 21:06:05.917  2588  2834 W ProcStatsManager: No process com.google.android.apps.photos/10170 for service com.google.android.libraries.social.async.BackgroundTaskJobService
02-08 21:06:05.917  2588  2834 W ProcStatsManager: No process com.google.android.apps.photos/10170 for service com.google.android.apps.photos.account.full.SyncAccountsForLoginService
02-08 21:06:05.917  2588  2834 W ProcStatsManager: No process com.google.android.apps.photos/10170 for service com.google.android.apps.photos.jobqueue.PhotosOfflineJobQueueJobsService
02-08 21:06:05.917  2588  2834 W ProcStatsManager: No process com.google.android.apps.photos/10170 for service androidx.work.impl.background.systemjob.SystemJobService
02-08 21:06:05.917  2588  2834 W ProcStatsManager: No process com.google.android.calendar/10160 for service com.google.android.libraries.notifications.entrypoints.scheduled.ScheduledTaskService
02-08 21:06:05.917  2588  2834 W ProcStatsManager: No process com.android.imsserviceentitlement/10149 for service com.android.imsserviceentitlement.fcm.FcmRegistrationService
02-08 21:06:05.917  2588  2834 W ProcStatsManager: No process com.android.settings/1000 for service com.android.settings.sim.PrimarySubscriptionListChangedService
02-08 21:06:05.917  2588  2834 W ProcStatsManager: No process com.android.settings/1000 for service com.android.settings.sim.receivers.SimSlotChangeService
02-08 21:06:05.917  2588  2834 W ProcStatsManager: No process com.android.settings/1000 for service com.android.settings.SettingsDumpService
02-08 21:06:05.917  2588  2834 W ProcStatsManager: No process com.google.android.settings.intelligence/10157 for service com.google.android.settings.intelligence.modules.suggestions.SuggestionService
02-08 21:06:05.917  2588  2834 W ProcStatsManager: No process com.google.android.settings.intelligence/10157 for service com.google.android.settings.intelligence.modules.routines.impl.RoutinesJobIntentService
02-08 21:06:05.917  2588  2834 W ProcStatsManager: No process com.google.android.settings.intelligence/10157 for service com.google.android.settings.intelligence.modules.sliceindexing.impl.SliceIndexUpdateJobService
02-08 21:06:05.917  2588  2834 W ProcStatsManager: No process system/1000 for service com.android.location.fused.FusedLocationService
02-08 21:06:05.917  2588  2834 W ProcStatsManager: No process com.google.android.cellbroadcastreceiver/10220 for service com.android.cellbroadcastreceiver.CellBroadcastConfigService
02-08 21:06:05.917  2588  2834 W ProcStatsManager: No process com.google.android.inputmethod.latin/10166 for service com.android.inputmethod.latin.LatinIME
02-08 21:06:05.920   835   961 I ImeTracker: com.android.settings:6573798f: onRequestHide at ORIGIN_SERVER reason HIDE_SAME_WINDOW_FOCUSED_WITHOUT_EDITOR fromUser false
02-08 21:06:05.922  2588  2588 D InsetsController: hide(ime())
02-08 21:06:05.923  2588  2588 I ImeTracker: com.android.settings:6573798f: onCancelled at PHASE_CLIENT_ALREADY_HIDDEN
02-08 21:06:05.923  1548  1548 I GoogleInputMethodService: GoogleInputMethodService.onFinishInput():2057 
02-08 21:06:05.925   835  1846 W ParceledListSlice: Element #37 is 18344 bytes.
02-08 21:06:05.928  2588  4310 W TileUtils: Found com.google.intelligence.sense.ambientmusic.DefaultMusicPlayerSettingActivity for intent Intent { act=com.android.settings.action.IA_SETTINGS } missing metadata 
02-08 21:06:05.928  2588  4310 W TileUtils: Found com.google.android.gms.auth.proximity.multidevice.SettingsMaterialNextActivity for intent Intent { act=com.android.settings.action.IA_SETTINGS } missing metadata 
02-08 21:06:05.928  1548  1548 I Module  : DeviceLockedStatusModuleProvider$Module.updateDeviceLockedStatus():100 repeatCheckTimes = 0, locked = false
02-08 21:06:05.930  1548  1548 I GoogleInputMethodService: GoogleInputMethodService.onStartInput():1318 onStartInput(EditorInfo{EditorInfo{packageName=com.android.settings, inputType=0, inputTypeString=NULL, enableLearning=false, autoCorrection=false, autoComplete=false, imeOptions=0, privateImeOptions=null, actionName=UNSPECIFIED, actionLabel=null, initialSelStart=-1, initialSelEnd=-1, initialCapsMode=0, label=null, fieldId=0, fieldName=null, extras=null, hintText=null, hintLocales=[]}}, false)
02-08 21:06:05.937  1548  1548 I Module  : DeviceLockedStatusModuleProvider$Module.updateDeviceLockedStatus():100 repeatCheckTimes = 1, locked = false
02-08 21:06:05.942   835  1846 W PackageConfigPersister: App-specific configuration not found for packageName: com.android.settings and userId: 0
02-08 21:06:06.330  1094  1195 V WindowManagerShell: Transition animation finished (aborted=false), notifying core (#11) android.os.BinderProxy@58bbf27@0
02-08 21:06:06.333   835   857 V WindowManager: Finish Transition (#11): created at 02-08 21:06:05.753 collect-started=0.028ms request-sent=0.126ms started=5.941ms ready=5.894ms sent=8.367ms commit=51.161ms finished=579.057ms
02-08 21:06:06.338  1094  1195 V WindowManagerShell: Track 0 became idle
02-08 21:06:06.338  1094  1195 V WindowManagerShell: All active transition animations finished
02-08 21:06:06.338  1232  1232 D RecentsView: onTaskRemoved: 19, not handling task stack changes
02-08 21:06:06.339  1232  1232 D RecentsView: onTaskRemoved: 19, not handling task stack changes
02-08 21:06:06.344   835  1070 W ImageReader_JNI: Unable to acquire a buffer item, very likely client tried to acquire more than maxImages buffers
02-08 21:06:06.347  1094  1195 V ShellTaskOrganizer: Task vanished taskId=19
02-08 21:06:06.347  1094  1195 V ShellTaskOrganizer: Fullscreen Task Vanished: #19
02-08 21:06:06.347  1094  1195 V ShellDesktopMode: Task Vanished: #19 closed=true
02-08 21:06:06.350  1094  1195 D ShellDesktopMode: AppToWebRepository: Task 19 is vanishing. Removing task data from repository
02-08 21:06:06.350  1232  1232 D b/417220811: invalidateLoadedTasks - previous requestLoadId: -1
02-08 21:06:06.351  1094  1195 V AppCompat: SingleSurfaceLetterboxController: []
02-08 21:06:06.351  1094  1195 V AppCompat: MultiSurfaceLetterboxController: []
02-08 21:06:06.352  1094  1195 V AppCompat: LetterboxInputController: []
02-08 21:06:06.352  1094  1195 V AppCompat: RoundedCornersLetterboxController: {}
02-08 21:06:07.504   835   990 I HalDevMgr: bestIfaceCreationProposal is null, requestIface=STA, existingIface=[name=wlan0 type=STA]
02-08 21:06:08.797   835  1846 D OomAdjuster: Not killing cached processes
02-08 21:06:09.075   835  1775 E TaskPersister: File error accessing recents directory (directory doesn't exist?).
02-08 21:06:09.598  1694  3369 I libbinder.IPCThreadState: oneway function results for code 2 on binder at 0x72f52c27cda0 will be dropped but finished with status UNKNOWN_TRANSACTION
02-08 21:06:10.508   835   990 I HalDevMgr: bestIfaceCreationProposal is null, requestIface=STA, existingIface=[name=wlan0 type=STA]
02-08 21:06:11.479  1216  1378 D SatelliteController: iisInCarrierRoamingNbIotNtn: satellite is disabled
02-08 21:06:11.480  1216  1378 D SatelliteController: getCarrierRoamingNtnConnectType: Falling back to global carrier config connect type: 0
02-08 21:06:12.856  1094  1195 V WindowManagerShell: Transition requested (#12): android.os.BinderProxy@afefc04 TransitionRequestInfo { type = CLOSE, triggerTask = null, pipChange = null, remoteTransition = null, displayChange = null, requestedLocation = null, userChange = null, windowingLayerChange = null, flags = 0, debugId = 12 }
02-08 21:06:12.856  1094  1195 V ShellDesktopMode: DesktopTasksController: handleRequest request=TransitionRequestInfo { type = CLOSE, triggerTask = null, pipChange = null, remoteTransition = null, displayChange = null, requestedLocation = null, userChange = null, windowingLayerChange = null, flags = 0, debugId = 12 }
02-08 21:06:12.856  1094  1195 V ShellDesktopMode: DesktopTasksController: skipping handleRequest reason=triggerTask is null
02-08 21:06:12.858   653   671 I libbinder.BpBinder: onLastStrongRef automatically unlinking death recipients for descriptor: '(not cached)'
02-08 21:06:12.883   835  1049 D BackgroundInstallControlService: Package event received: 0
02-08 21:06:12.883   835  1049 D BackgroundInstallControlService: Package event received: 0
02-08 21:06:12.883   835  1049 D BackgroundInstallControlService: Package event received: 0
02-08 21:06:12.904   835  1294 W AS.PlaybackActivityMon: No piid assigned for invalid/internal port id 15
02-08 21:06:12.922  2588  2588 D DashboardFragment: register observer: @90bb1d1, uri: content://com.google.android.apps.miphone.aiai.translate.settings.settingsui.SettingsSummaryContentProvider/getSummary
02-08 21:06:12.923  2588  2588 D DashboardFragment: register observer: @a8a8899, uri: content://com.google.android.settings.intelligence.modules.routines/getText/Summary
02-08 21:06:12.941   835  1294 I SystemUpdateManagerService: No existing info file /data/system/system-update-info.xml
02-08 21:06:12.988  1232  1232 D b/417220811: invalidateLoadedTasks - previous requestLoadId: -1
02-08 21:06:12.989  2588  4310 D SettingsActivity: No enabled state changed, skipping updateCategory call
02-08 21:06:13.010   835  1294 I SystemUpdateManagerService: No existing info file /data/system/system-update-info.xml
02-08 21:06:13.012  2588  2588 D SysUpdatePrefContr: Update status unknown
02-08 21:06:13.029   835  1294 W ParceledListSlice: Element #37 is 18344 bytes.
02-08 21:06:13.031  2588  4310 W TileUtils: Found com.google.intelligence.sense.ambientmusic.DefaultMusicPlayerSettingActivity for intent Intent { act=com.android.settings.action.IA_SETTINGS } missing metadata 
02-08 21:06:13.032  2588  4310 W TileUtils: Found com.google.android.gms.auth.proximity.multidevice.SettingsMaterialNextActivity for intent Intent { act=com.android.settings.action.IA_SETTINGS } missing metadata 
02-08 21:06:13.261   835  4323 I AppSearchIcing: icing-search-engine.cc:2327: Persisting data to disk with mode 3
02-08 21:06:13.286   835  4323 I AppSearchIcing: icing-search-engine.cc:2340: PersistToDisk completed.
02-08 21:06:13.330  4417  4417 W libbinder.BackendUnifiedServiceManager: Thread Pool max thread count is 0. Cannot cache binder as linkToDeath cannot be implemented. serviceName: package
02-08 21:06:13.422  2657  2665 I artd    : GetBestInfo: odex next to the dex file (/data/app/~~-CrpseCBRADVl6-Y0-LgrA==/com.google.android.gms-GuPw61cLjAQxw4ZiZs3fmA==/oat/x86_64/base.odex) is kOatUpToDate with filter 'speed-profile' executable 'false'
02-08 21:06:13.424  2657  2664 I artd    : GetBestInfo: odex next to the dex file (/data/app/~~-CrpseCBRADVl6-Y0-LgrA==/com.google.android.gms-GuPw61cLjAQxw4ZiZs3fmA==/oat/x86_64/split_AdsDynamite_installtime.odex) is kOatUpToDate with filter 'speed' executable 'false'
02-08 21:06:13.427  2657  2664 I artd    : GetBestInfo: odex next to the dex file (/data/app/~~-CrpseCBRADVl6-Y0-LgrA==/com.google.android.gms-GuPw61cLjAQxw4ZiZs3fmA==/oat/x86_64/split_CronetDynamite_installtime.odex) is kOatUpToDate with filter 'speed-profile' executable 'false'
02-08 21:06:13.429  2657  2664 I artd    : GetBestInfo: odex next to the dex file (/data/app/~~-CrpseCBRADVl6-Y0-LgrA==/com.google.android.gms-GuPw61cLjAQxw4ZiZs3fmA==/oat/x86_64/split_DynamiteLoader_installtime.odex) is kOatUpToDate with filter 'speed' executable 'false'
02-08 21:06:13.433  2657  2664 I artd    : GetBestInfo: odex next to the dex file (/data/app/~~-CrpseCBRADVl6-Y0-LgrA==/com.google.android.gms-GuPw61cLjAQxw4ZiZs3fmA==/oat/x86_64/split_DynamiteModulesA_installtime.odex) is kOatUpToDate with filter 'speed' executable 'false'
02-08 21:06:13.435   835   857 V WindowManager: Sent Transition (#12) createdAt=02-08 21:06:12.854 via request=TransitionRequestInfo { type = CLOSE, triggerTask = null, pipChange = null, remoteTransition = null, displayChange = null, requestedLocation = null, userChange = null, windowingLayerChange = null, flags = 0, debugId = 12 }
02-08 21:06:13.435   835   857 V WindowManager:     startWCT=WindowContainerTransaction { changes= {} hops= [] errorCallbackToken=null taskFragmentOrganizer=null }
02-08 21:06:13.435   835   857 V WindowManager:     info={id=12 t=CLOSE f=0x0 trk=0 r=[0@Point(0, 0)] c=[
02-08 21:06:13.435   835   857 V WindowManager:         {m=CLOSE f=FILLS_TASK leash=Surface(name=ActivityRecord{90468900 u0 com.android.settings/.SubSettings t18}#141)/@0x4a1e16b sb=Rect(0, 0 - 1080, 2400) eb=Rect(0, 0 - 1080, 2400) epz=Point(1080, 2400) d=0 bc=ffeeedf6 activity=ActivityTransitionInfo { component = ComponentInfo{com.android.settings/com.android.settings.SubSettings}, taskId = 18, appCompatTransitionInfo = null } opt={t=FROM_STYLE mUserId=0}},
02-08 21:06:13.435   835   857 V WindowManager:         {m=TO_FRONT f=FILLS_TASK leash=Surface(name=ActivityRecord{46811437 u0 com.android.settings/.SubSettings t18}#120)/@0xe0180c3 sb=Rect(0, 0 - 1080, 2400) eb=Rect(0, 0 - 1080, 2400) epz=Point(1080, 2400) d=0 bc=ffeeedf6 activity=ActivityTransitionInfo { component = ComponentInfo{com.android.settings/com.android.settings.SubSettings}, taskId = 18, appCompatTransitionInfo = null } opt={t=FROM_STYLE mUserId=0}}
02-08 21:06:13.435   835   857 V WindowManager:     ]}
02-08 21:06:13.436  1094  1104 V WindowManagerShell: onTransitionReady(transaction=3586297693160)
02-08 21:06:13.437  2657  2664 I artd    : GetBestInfo: odex next to the dex file (/data/app/~~-CrpseCBRADVl6-Y0-LgrA==/com.google.android.gms-GuPw61cLjAQxw4ZiZs3fmA==/oat/x86_64/split_DynamiteModulesC_installtime.odex) is kOatUpToDate with filter 'speed' executable 'false'
02-08 21:06:13.438  1094  1195 V WindowManagerShell: onTransitionReady (#12) android.os.BinderProxy@afefc04: {id=12 t=CLOSE f=0x0 trk=0 r=[0@Point(0, 0)] c=[
02-08 21:06:13.438  1094  1195 V WindowManagerShell:         {m=CLOSE f=FILLS_TASK leash=Surface(name=ActivityRecord{90468900 u0 com.android.settings/.SubSettings t18}#141)/@0xe72b5ed sb=Rect(0, 0 - 1080, 2400) eb=Rect(0, 0 - 1080, 2400) epz=Point(1080, 2400) d=0 bc=ffeeedf6 activity=ActivityTransitionInfo { component = ComponentInfo{com.android.settings/com.android.settings.SubSettings}, taskId = 18, appCompatTransitionInfo = null } opt={t=FROM_STYLE mUserId=0}},
02-08 21:06:13.438  1094  1195 V WindowManagerShell:         {m=TO_FRONT f=FILLS_TASK leash=Surface(name=ActivityRecord{46811437 u0 com.android.settings/.SubSettings t18}#120)/@0xc93dc22 sb=Rect(0, 0 - 1080, 2400) eb=Rect(0, 0 - 1080, 2400) epz=Point(1080, 2400) d=0 bc=ffeeedf6 activity=ActivityTransitionInfo { component = ComponentInfo{com.android.settings/com.android.settings.SubSettings}, taskId = 18, appCompatTransitionInfo = null } opt={t=FROM_STYLE mUserId=0}}
02-08 21:06:13.438  1094  1195 V WindowManagerShell:     ]}
02-08 21:06:13.438  1094  1195 V WindowManagerShell: Playing animation for (#12) android.os.BinderProxy@afefc04@0
02-08 21:06:13.438  1094  1195 V ShellRecents: RecentsTransitionHandler.startAnimation: no controller found
02-08 21:06:13.439  1094  1195 V ShellDesktopMode: DesktopMixedTransitionHandler: No pending desktop transition
02-08 21:06:13.439  1094  1195 V WindowManagerShell: Transition doesn't have explicit remote, search filters for match for {id=12 t=CLOSE f=0x0 trk=0 r=[0@Point(0, 0)] c=[{m=CLOSE f=FILLS_TASK leash=Surface(name=ActivityRecord{90468900 u0 com.android.settings/.SubSettings t18}#141)/@0xe72b5ed sb=Rect(0, 0 - 1080, 2400) eb=Rect(0, 0 - 1080, 2400) epz=Point(1080, 2400) d=0 bc=ffeeedf6 activity=ActivityTransitionInfo { component = ComponentInfo{com.android.settings/com.android.settings.SubSettings}, taskId = 18, appCompatTransitionInfo = null } opt={t=FROM_STYLE mUserId=0}},{m=TO_FRONT f=FILLS_TASK leash=Surface(name=ActivityRecord{46811437 u0 com.android.settings/.SubSettings t18}#120)/@0xc93dc22 sb=Rect(0, 0 - 1080, 2400) eb=Rect(0, 0 - 1080, 2400) epz=Point(1080, 2400) d=0 bc=ffeeedf6 activity=ActivityTransitionInfo { component = ComponentInfo{com.android.settings/com.android.settings.SubSettings}, taskId = 18, appCompatTransitionInfo = null } opt={t=FROM_STYLE mUserId=0}}]}
02-08 21:06:13.439  1094  1195 V WindowManagerShell:  Checking filter Pair{{types=[] flags=0x0] notFlags=0x0 checks=[{atype=undefined independent=true modes=[CLOSE,TO_BACK] flags=IN_TASK_WITH_EMBEDDED_ACTIVITY mustBeTask=false order=ANY topActivity=null launchCookie=null taskFragmentToken=android.os.BinderProxy@cb4e122 windowingMode=undefined isCrossDisplayMove=false}]} RemoteTransition { remoteTransition = android.window.IRemoteTransition$Stub$Proxy@7e867b3, appThread = android.app.IApplicationThread$Stub$Proxy@4fee170, debugName = overlayBackTransition }}
02-08 21:06:13.439  1094  1195 V WindowManagerShell:  Checking filter Pair{{types=[] flags=0x0] notFlags=0x0 checks=[{atype=dream independent=true modes=[OPEN,TO_FRONT] flags=NONE mustBeTask=false order=ANY topActivity=null launchCookie=null windowingMode=undefined isCrossDisplayMove=false},{atype=home independent=true modes=[CLOSE,TO_BACK] flags=NONE mustBeTask=false order=ANY topActivity=null launchCookie=null windowingMode=undefined isCrossDisplayMove=false}]} RemoteTransition { remoteTransition = android.window.IRemoteTransition$Stub$Proxy@5d64ce9, appThread = android.app.IApplicationThread$Stub$Proxy@ce3ed6e, debugName = LauncherToDream }}
02-08 21:06:13.439  1094  1195 V WindowManagerShell:  Checking filter Pair{{types=[] flags=0x0] notFlags=0x100 checks=[{atype=home independent=true modes=[OPEN,TO_FRONT] flags=NONE mustBeTask=false order=TOP topActivity=ComponentInfo{com.google.android.apps.nexuslauncher/com.google.android.apps.nexuslauncher.NexusLauncherActivity} launchCookie=null windowingMode=undefined isCrossDisplayMove=false},{atype=standard independent=true modes=[CLOSE,TO_BACK] flags=NONE mustBeTask=false order=ANY topActivity=null launchCookie=null windowingMode=undefined isCrossDisplayMove=false},{NOT atype=undefined independent=true modes=[] flags=NONE mustBeTask=true order=ANY topActivity=null launchCookie=null customAnim=true windowingMode=undefined isCrossDisplayMove=false}]} RemoteTransition { remoteTransition = android.window.IRemoteTransition$Stub$Proxy@77cc0f, appThread = android.app.IApplicationThread$Stub$Proxy@5c8a49c, debugName = QuickstepLaunchHome }}
02-08 21:06:13.439  1094  1195 V WindowManagerShell:  Checking filter Pair{{types=[OPEN,TO_FRONT] flags=0x0] notFlags=0x0 checks=[{atype=standard independent=true modes=[OPEN,TO_FRONT] flags=NONE mustBeTask=true order=ANY topActivity=null launchCookie=null windowingMode=freeform isCrossDisplayMove=false}]} RemoteTransition { remoteTransition = android.window.IRemoteTransition$Stub$Proxy@53dcea5, appThread = null, debugName = DesktopWindowLimitUnminimize }}
02-08 21:06:13.439  1094  1195 V WindowManagerShell:  Delegate animation for (#12) to null
02-08 21:06:13.439  1094  1195 V WindowManagerShell: start default transition animation, info = {id=12 t=CLOSE f=0x0 trk=0 r=[0@Point(0, 0)] c=[{m=CLOSE f=FILLS_TASK leash=Surface(name=ActivityRecord{90468900 u0 com.android.settings/.SubSettings t18}#141)/@0xe72b5ed sb=Rect(0, 0 - 1080, 2400) eb=Rect(0, 0 - 1080, 2400) epz=Point(1080, 2400) d=0 bc=ffeeedf6 activity=ActivityTransitionInfo { component = ComponentInfo{com.android.settings/com.android.settings.SubSettings}, taskId = 18, appCompatTransitionInfo = null } opt={t=FROM_STYLE mUserId=0}},{m=TO_FRONT f=FILLS_TASK leash=Surface(name=ActivityRecord{46811437 u0 com.android.settings/.SubSettings t18}#120)/@0xc93dc22 sb=Rect(0, 0 - 1080, 2400) eb=Rect(0, 0 - 1080, 2400) epz=Point(1080, 2400) d=0 bc=ffeeedf6 activity=ActivityTransitionInfo { component = ComponentInfo{com.android.settings/com.android.settings.SubSettings}, taskId = 18, appCompatTransitionInfo = null } opt={t=FROM_STYLE mUserId=0}}]}
02-08 21:06:13.440  2657  2664 I artd    : GetBestInfo: odex next to the dex file (/data/app/~~-CrpseCBRADVl6-Y0-LgrA==/com.google.android.gms-GuPw61cLjAQxw4ZiZs3fmA==/oat/x86_64/split_GoogleCertificates_installtime.odex) is kOatUpToDate with filter 'speed' executable 'false'
02-08 21:06:13.441  1094  1195 V WindowManagerShell: loadAnimation: anim=android.view.animation.AnimationSet@b37986e animAttr=0x6 type=CLOSE isEntrance=true
02-08 21:06:13.441  2657  2664 I artd    : GetBestInfo: odex next to the dex file (/data/app/~~-CrpseCBRADVl6-Y0-LgrA==/com.google.android.gms-GuPw61cLjAQxw4ZiZs3fmA==/oat/x86_64/split_MapsDynamite_installtime.odex) is kOatUpToDate with filter 'speed' executable 'false'
02-08 21:06:13.441  1094  1195 V WindowManagerShell: loadAnimation: anim=android.view.animation.AnimationSet@f7c79c animAttr=0x7 type=CLOSE isEntrance=false
02-08 21:06:13.442  1094  1195 V WindowManagerShell:  animated by com.android.wm.shell.transition.DefaultTransitionHandler@3839d7b
02-08 21:06:13.443  2657  2664 I artd    : GetBestInfo: odex next to the dex file (/data/app/~~-CrpseCBRADVl6-Y0-LgrA==/com.google.android.gms-GuPw61cLjAQxw4ZiZs3fmA==/oat/x86_64/split_MeasurementDynamite_installtime.odex) is kOatUpToDate with filter 'speed' executable 'false'
02-08 21:06:13.444  2657  2664 I artd    : GetBestInfo: odex next to the dex file (/data/app/~~-CrpseCBRADVl6-Y0-LgrA==/com.google.android.gms-GuPw61cLjAQxw4ZiZs3fmA==/oat/x86_64/split_all_locale_splits.odex) is kOatUpToDate with filter 'speed' executable 'false'
02-08 21:06:13.446  2657  2664 I artd    : GetBestInfo: /data/user_de/0/com.google.android.gms/app_chimera/m/0000000c/dl-MlkitBarcodeUi.optional_253434100800.apk has no usable artifacts
02-08 21:06:13.448  2657  2664 I artd    : GetBestInfo: /data/user_de/0/com.google.android.gms/app_chimera/m/0000000f/dl-Appsearch.optional_260235100800.apk has no usable artifacts
02-08 21:06:13.450  2657  2664 I artd    : GetBestInfo: /data/user_de/0/com.google.android.gms/app_chimera/m/00000001/CronetDynamite.apk has no usable artifacts
02-08 21:06:13.451  2657  2664 I artd    : GetBestInfo: /data/user_de/0/com.google.android.gms/app_chimera/m/00000002/DynamiteLoader.apk has no usable artifacts
02-08 21:06:13.453  2657  2664 I artd    : GetBestInfo: /data/user_de/0/com.google.android.gms/app_chimera/m/0000000d/dl-VisionOcr.optional_253434100000.apk has no usable artifacts
02-08 21:06:13.454  2657  2664 I artd    : GetBestInfo: /data/user_de/0/com.google.android.gms/app_chimera/m/00000005/GoogleCertificates.apk has no usable artifacts
02-08 21:06:13.456  2657  2664 I artd    : GetBestInfo: vdex next to the dex file (/data/user/0/com.google.android.gms/app_dg_cache/CF98DA544914DD75038B6CE6DBC852B6C43EC876/oat/x86_64/the.vdex) is kOatUpToDate with filter 'verify' executable 'false'
02-08 21:06:13.458  2657  2664 I artd    : GetBestInfo: /data/user_de/0/com.google.android.gms/app_chimera/m/0000000b/dl-MlkitOcrCommon.optional_253434100800.apk has no usable artifacts
02-08 21:06:13.460  2657  2664 I artd    : GetBestInfo: /data/user_de/0/com.google.android.gms/app_chimera/m/00000008/dl-TfliteDynamiteDynamite.integ_252130102100800.apk has no usable artifacts
02-08 21:06:13.461  2657  2664 I artd    : GetBestInfo: /data/user_de/0/com.google.android.gms/app_chimera/m/00000007/MeasurementDynamite.apk has no usable artifacts
02-08 21:06:13.461  2588  2588 D SystemDashboardFrag: Start waiting observers
02-08 21:06:13.464  2657  2664 I artd    : GetBestInfo: /data/user_de/0/com.google.android.gms/app_chimera/m/00000011/dl-MlkitBarcodeUi.optional_260235100800.apk has no usable artifacts
02-08 21:06:13.468  2657  2664 I artd    : GetBestInfo: /data/user_de/0/com.google.android.gms/app_chimera/m/00000009/dl-Appsearch.optional_253434100800.apk has no usable artifacts
02-08 21:06:13.512  2588  2588 D SystemDashboardFrag: Stop waiting observers
02-08 21:06:13.513   835   990 I HalDevMgr: bestIfaceCreationProposal is null, requestIface=STA, existingIface=[name=wlan0 type=STA]
02-08 21:06:13.514   835   961 I ImeTracker: com.android.settings:2839789b: onRequestHide at ORIGIN_SERVER reason HIDE_UNSPECIFIED_WINDOW fromUser false
02-08 21:06:13.518  2588  2588 D InsetsController: hide(ime())
02-08 21:06:13.518  2588  2588 I ImeTracker: com.android.settings:2839789b: onCancelled at PHASE_CLIENT_ALREADY_HIDDEN
02-08 21:06:13.518  1548  1548 I GoogleInputMethodService: GoogleInputMethodService.onFinishInput():2057 
02-08 21:06:13.519   835  1294 I ImeTracker: system_server:4ee0df92: onRequestHide at ORIGIN_SERVER reason IME_REQUESTED_CHANGED_LISTENER fromUser false
02-08 21:06:13.520  1548  1548 I Module  : DeviceLockedStatusModuleProvider$Module.updateDeviceLockedStatus():100 repeatCheckTimes = 0, locked = false
02-08 21:06:13.520  1548  1548 I GoogleInputMethodService: GoogleInputMethodService.onStartInput():1318 onStartInput(EditorInfo{EditorInfo{packageName=com.android.settings, inputType=0, inputTypeString=NULL, enableLearning=false, autoCorrection=false, autoComplete=false, imeOptions=0, privateImeOptions=null, actionName=UNSPECIFIED, actionLabel=null, initialSelStart=-1, initialSelEnd=-1, initialCapsMode=0, label=null, fieldId=0, fieldName=null, extras=null, hintText=null, hintLocales=[]}}, false)
02-08 21:06:13.522  1548  1548 I Module  : DeviceLockedStatusModuleProvider$Module.updateDeviceLockedStatus():100 repeatCheckTimes = 1, locked = false
02-08 21:06:13.523   835   860 I ImeTracker: system_server:4ee0df92: onCancelled at PHASE_SERVER_SHOULD_HIDE
02-08 21:06:13.525   835  1294 W PackageConfigPersister: App-specific configuration not found for packageName: com.android.settings and userId: 0
02-08 21:06:13.913  1094  1195 V WindowManagerShell: Transition animation finished (aborted=false), notifying core (#12) android.os.BinderProxy@afefc04@0
02-08 21:06:13.916   835   857 V WindowManager: Finish Transition (#12): created at 02-08 21:06:12.854 collect-started=0.029ms request-sent=0.058ms started=6.532ms ready=29.072ms sent=579.294ms commit=14.345ms finished=1061.447ms
02-08 21:06:13.917   835   860 D OomAdjuster: Not killing cached processes
02-08 21:06:13.920  2588  2588 D VRI[SubSettings]: visibilityChanged oldVisibility=true newVisibility=false
02-08 21:06:13.925  1094  1195 V WindowManagerShell: Track 0 became idle
02-08 21:06:13.925  1094  1195 V WindowManagerShell: All active transition animations finished
02-08 21:06:13.940  2588  2658 D HWUI    : endAllActiveAnimators on 0x72f44c36c110 (RippleDrawable) with handle 0x72f52c241160
02-08 21:06:13.955  2588  2588 D WindowOnBackDispatcher: setTopOnBackInvokedCallback (unwrapped): null
02-08 21:06:13.955   835  2072 D CoreBackPreview: Window{3b87c57 u0 com.android.settings/com.android.settings.SubSettings}: Setting back callback null
02-08 21:06:13.962   835  3888 I GFXSTREAM: [eglDisplay.cpp(297)] Opening libGLESv1_CM_emulation.so
02-08 21:06:13.968   835  3888 I GFXSTREAM: [eglDisplay.cpp(297)] Opening libGLESv2_emulation.so
02-08 21:06:13.968  2588  2588 D BluetoothAdapter: A2DP disconnected
02-08 21:06:13.996  2588  2588 D ViewRootImpl: Skipping stats log for color mode
02-08 21:06:13.996   835  3888 W HWUI    : Failed to choose config with EGL_SWAP_BEHAVIOR_PRESERVED, retrying without...
02-08 21:06:13.996   835  3888 W HWUI    : Failed to initialize 101010-2 format, error = EGL_SUCCESS
02-08 21:06:13.998  2588  2588 E BtExtCodecCtr: isHDAudioEnabled: Unable to get codec status. BluetoothA2dp is null.
02-08 21:06:13.998  2588  2588 D BtExtCodecCtr: updateState: HD Audio is disabled
02-08 21:06:13.998  2588  2588 D AbstractBtDlgCtr: Unable to get current config index. Current codec Config is null.
02-08 21:06:13.998  2588  2588 D AbstractBtDlgCtr: Unable to get current config index. Current codec Config is null.
02-08 21:06:13.998  2588  2588 D AbstractBtDlgCtr: Unable to get current config index. Current codec Config is null.
02-08 21:06:13.998  2588  2588 D AbstractBtDlgCtr: Unable to get current config index. Current codec Config is null.
02-08 21:06:14.000   835  1049 D BackgroundInstallControlService: Package event received: 0
02-08 21:06:14.223  1094  1195 V WindowManagerShell: Transition requested (#13): android.os.BinderProxy@3f6d92b TransitionRequestInfo { type = CLOSE, triggerTask = null, pipChange = null, remoteTransition = null, displayChange = null, requestedLocation = null, userChange = null, windowingLayerChange = null, flags = 0, debugId = 13 }
02-08 21:06:14.224  1094  1195 V ShellDesktopMode: DesktopTasksController: handleRequest request=TransitionRequestInfo { type = CLOSE, triggerTask = null, pipChange = null, remoteTransition = null, displayChange = null, requestedLocation = null, userChange = null, windowingLayerChange = null, flags = 0, debugId = 13 }
