02-08 21:06:40.798  1605  4507 E GoogleSettingsUtils: 	at android.app.AndroidForwardingOs.open(AndroidForwardingOs.java:120)
02-08 21:06:40.798  1605  4507 E GoogleSettingsUtils: 	at libcore.io.IoBridge.open(IoBridge.java:560)
02-08 21:06:40.798  1605  4507 E GoogleSettingsUtils: 	... 13 more
02-08 21:06:40.798  1605  4507 I Checkin : [CheckinRequestProcessor] updateCheckinIdTokenFileFromResponse, Reading existing AID
02-08 21:06:40.799  1605  4507 I Checkin : [CheckinRequestProcessor] Default Task : Checkin Succeeded: https://android.googleapis.com/checkin (fragment #1).
02-08 21:06:40.815  1434  4378 I AlarmManager: setExactAndAllowWhileIdle [name: GCM_CONN_ALARM type: 2 triggerAtMillis: 273800]
02-08 21:06:40.830  1434  1434 D BoundBrokerSvc: onRebind: Intent { act=com.google.android.gms.auth.aang.events.services.START dat=chimera-action:/... xflg=0x4 cmp=com.google.android.gms/.chimera.PersistentApiService }
02-08 21:06:40.832  1605  4522 I EnterpriseLoader: [ConditionsChecker] ZT config not present. [CONTEXT service_id=225 ]
02-08 21:06:40.832  1605  4508 I AccountSeedingPrefetchI: AccountSeedingPrefetchInit intent operation started. [CONTEXT service_id=42 ]
02-08 21:06:40.837  1605  4507 I Checkin : [CheckinOperation] Checkin Operation finished with result: SUCCESS finish time: 253822.
02-08 21:06:40.838  1605  4507 W ContextImpl: Failed to ensure /data/user/0/com.google.android.gsf/files
02-08 21:06:40.838  1605  4507 W ContextImpl: android.system.ErrnoException: mkdir failed: ENOENT (No such file or directory)
02-08 21:06:40.838  1605  4507 W ContextImpl: 	at libcore.io.Linux.mkdir(Native Method)
02-08 21:06:40.838  1605  4507 W ContextImpl: 	at libcore.io.ForwardingOs.mkdir(ForwardingOs.java:502)
02-08 21:06:40.838  1605  4507 W ContextImpl: 	at libcore.io.BlockGuardOs.mkdir(BlockGuardOs.java:257)
02-08 21:06:40.838  1605  4507 W ContextImpl: 	at libcore.io.ForwardingOs.mkdir(ForwardingOs.java:502)
02-08 21:06:40.838  1605  4507 W ContextImpl: 	at android.system.Os.mkdir(Os.java:473)
02-08 21:06:40.838  1605  4507 W ContextImpl: 	at android.app.ContextImpl.ensurePrivateDirExists(ContextImpl.java:854)
02-08 21:06:40.838  1605  4507 W ContextImpl: 	at android.app.ContextImpl.ensurePrivateDirExists(ContextImpl.java:840)
02-08 21:06:40.838  1605  4507 W ContextImpl: 	at android.app.ContextImpl.getFilesDir(ContextImpl.java:888)
02-08 21:06:40.838  1605  4507 W ContextImpl: 	at android.app.ContextImpl.openFileInput(ContextImpl.java:800)
02-08 21:06:40.838  1605  4507 W ContextImpl: 	at ayhj.c(:com.google.android.gms@260235038@26.02.35 (260800-862924022):11)
02-08 21:06:40.838  1605  4507 W ContextImpl: 	at ayka.a(:com.google.android.gms@260235038@26.02.35 (260800-862924022):187)
02-08 21:06:40.838  1605  4507 W ContextImpl: 	at ayiq.a(:com.google.android.gms@260235038@26.02.35 (260800-862924022):2116)
02-08 21:06:40.838  1605  4507 W ContextImpl: 	at com.google.android.gms.checkin.CheckinIntentOperation.onHandleIntent(:com.google.android.gms@260235038@26.02.35 (260800-862924022):30)
02-08 21:06:40.838  1605  4507 W ContextImpl: 	at com.google.android.chimera.IntentOperation.onHandleIntent(:com.google.android.gms@260235038@26.02.35 (260800-862924022):1)
02-08 21:06:40.838  1605  4507 W ContextImpl: 	at ayvu.onHandleIntent(:com.google.android.gms@260235038@26.02.35 (260800-862924022):84)
02-08 21:06:40.838  1605  4507 W ContextImpl: 	at yqj.run(:com.google.android.gms@260235038@26.02.35 (260800-862924022):64)
02-08 21:06:40.838  1605  4507 W ContextImpl: 	at yqi.run(:com.google.android.gms@260235038@26.02.35 (260800-862924022):132)
02-08 21:06:40.838  1605  4507 W ContextImpl: 	at gnld.run(:com.google.android.gms@260235038@26.02.35 (260800-862924022):19)
02-08 21:06:40.838  1605  4507 W ContextImpl: 	at java.util.concurrent.ThreadPoolExecutor.runWorker(ThreadPoolExecutor.java:1154)
02-08 21:06:40.838  1605  4507 W ContextImpl: 	at java.util.concurrent.ThreadPoolExecutor$Worker.run(ThreadPoolExecutor.java:652)
02-08 21:06:40.838  1605  4507 W ContextImpl: 	at java.lang.Thread.run(Thread.java:1563)
02-08 21:06:40.838  1605  4507 W ContextImpl: Failed to ensure /data/user/0/com.google.android.gsf/shared_prefs
02-08 21:06:40.838  1605  4507 W ContextImpl: android.system.ErrnoException: mkdir failed: ENOENT (No such file or directory)
02-08 21:06:40.838  1605  4507 W ContextImpl: 	at libcore.io.Linux.mkdir(Native Method)
02-08 21:06:40.838  1605  4507 W ContextImpl: 	at libcore.io.ForwardingOs.mkdir(ForwardingOs.java:502)
02-08 21:06:40.838  1605  4507 W ContextImpl: 	at libcore.io.BlockGuardOs.mkdir(BlockGuardOs.java:257)
02-08 21:06:40.838  1605  4507 W ContextImpl: 	at libcore.io.ForwardingOs.mkdir(ForwardingOs.java:502)
02-08 21:06:40.838  1605  4507 W ContextImpl: 	at android.system.Os.mkdir(Os.java:473)
02-08 21:06:40.838  1605  4507 W ContextImpl: 	at android.app.ContextImpl.ensurePrivateDirExists(ContextImpl.java:854)
02-08 21:06:40.838  1605  4507 W ContextImpl: 	at android.app.ContextImpl.ensurePrivateDirExists(ContextImpl.java:840)
02-08 21:06:40.838  1605  4507 W ContextImpl: 	at android.app.ContextImpl.getPreferencesDir(ContextImpl.java:792)
02-08 21:06:40.838  1605  4507 W ContextImpl: 	at android.app.ContextImpl.getSharedPreferencesPath(ContextImpl.java:1029)
02-08 21:06:40.838  1605  4507 W ContextImpl: 	at android.app.ContextImpl.getSharedPreferences(ContextImpl.java:632)
02-08 21:06:40.838  1605  4507 W ContextImpl: 	at ayhj.e(:com.google.android.gms@260235038@26.02.35 (260800-862924022):10)
02-08 21:06:40.838  1605  4507 W ContextImpl: 	at ayka.a(:com.google.android.gms@260235038@26.02.35 (260800-862924022):221)
02-08 21:06:40.838  1605  4507 W ContextImpl: 	at ayiq.a(:com.google.android.gms@260235038@26.02.35 (260800-862924022):2116)
02-08 21:06:40.838  1605  4507 W ContextImpl: 	at com.google.android.gms.checkin.CheckinIntentOperation.onHandleIntent(:com.google.android.gms@260235038@26.02.35 (260800-862924022):30)
02-08 21:06:40.838  1605  4507 W ContextImpl: 	at com.google.android.chimera.IntentOperation.onHandleIntent(:com.google.android.gms@260235038@26.02.35 (260800-862924022):1)
02-08 21:06:40.838  1605  4507 W ContextImpl: 	at ayvu.onHandleIntent(:com.google.android.gms@260235038@26.02.35 (260800-862924022):84)
02-08 21:06:40.838  1605  4507 W ContextImpl: 	at yqj.run(:com.google.android.gms@260235038@26.02.35 (260800-862924022):64)
02-08 21:06:40.838  1605  4507 W ContextImpl: 	at yqi.run(:com.google.android.gms@260235038@26.02.35 (260800-862924022):132)
02-08 21:06:40.838  1605  4507 W ContextImpl: 	at gnld.run(:com.google.android.gms@260235038@26.02.35 (260800-862924022):19)
02-08 21:06:40.838  1605  4507 W ContextImpl: 	at java.util.concurrent.ThreadPoolExecutor.runWorker(ThreadPoolExecutor.java:1154)
02-08 21:06:40.838  1605  4507 W ContextImpl: 	at java.util.concurrent.ThreadPoolExecutor$Worker.run(ThreadPoolExecutor.java:652)
02-08 21:06:40.838  1605  4507 W ContextImpl: 	at java.lang.Thread.run(Thread.java:1563)
02-08 21:06:41.173   590  2562 D android.hardware.audio@7.1-impl.ranchu: threadLoop: entering standby, frames: 1516672
02-08 21:06:41.173   590  2562 D android.hardware.audio@7.1-impl.ranchu: ~TinyalsaSink: joining consumeThread
02-08 21:06:41.194   590  4469 D android.hardware.audio@7.1-impl.ranchu: consumeThread: exiting
02-08 21:06:41.194   590  2562 D android.hardware.audio@7.1-impl.ranchu: ~TinyalsaSink: stopping PCM stream
02-08 21:06:41.479  1216  1378 D SatelliteController: iisInCarrierRoamingNbIotNtn: satellite is disabled
02-08 21:06:41.480  1216  1378 D SatelliteController: getCarrierRoamingNtnConnectType: Falling back to global carrier config connect type: 0
02-08 21:06:42.740   835  1775 E TaskPersister: File error accessing recents directory (directory doesn't exist?).
02-08 21:06:43.366  4525  4525 W libbinder.BackendUnifiedServiceManager: Thread Pool max thread count is 0. Cannot cache binder as linkToDeath cannot be implemented. serviceName: package
02-08 21:06:43.407  2657  2664 I artd    : GetBestInfo: odex next to the dex file (/data/app/~~-CrpseCBRADVl6-Y0-LgrA==/com.google.android.gms-GuPw61cLjAQxw4ZiZs3fmA==/oat/x86_64/base.odex) is kOatUpToDate with filter 'speed-profile' executable 'false'
02-08 21:06:43.408  2657  2665 I artd    : GetBestInfo: odex next to the dex file (/data/app/~~-CrpseCBRADVl6-Y0-LgrA==/com.google.android.gms-GuPw61cLjAQxw4ZiZs3fmA==/oat/x86_64/split_AdsDynamite_installtime.odex) is kOatUpToDate with filter 'speed' executable 'false'
02-08 21:06:43.410  2657  2665 I artd    : GetBestInfo: odex next to the dex file (/data/app/~~-CrpseCBRADVl6-Y0-LgrA==/com.google.android.gms-GuPw61cLjAQxw4ZiZs3fmA==/oat/x86_64/split_CronetDynamite_installtime.odex) is kOatUpToDate with filter 'speed-profile' executable 'false'
02-08 21:06:43.412  2657  2665 I artd    : GetBestInfo: odex next to the dex file (/data/app/~~-CrpseCBRADVl6-Y0-LgrA==/com.google.android.gms-GuPw61cLjAQxw4ZiZs3fmA==/oat/x86_64/split_DynamiteLoader_installtime.odex) is kOatUpToDate with filter 'speed' executable 'false'
02-08 21:06:43.413  2657  2665 I artd    : GetBestInfo: odex next to the dex file (/data/app/~~-CrpseCBRADVl6-Y0-LgrA==/com.google.android.gms-GuPw61cLjAQxw4ZiZs3fmA==/oat/x86_64/split_DynamiteModulesA_installtime.odex) is kOatUpToDate with filter 'speed' executable 'false'
02-08 21:06:43.415  2657  2665 I artd    : GetBestInfo: odex next to the dex file (/data/app/~~-CrpseCBRADVl6-Y0-LgrA==/com.google.android.gms-GuPw61cLjAQxw4ZiZs3fmA==/oat/x86_64/split_DynamiteModulesC_installtime.odex) is kOatUpToDate with filter 'speed' executable 'false'
02-08 21:06:43.416  2657  2665 I artd    : GetBestInfo: odex next to the dex file (/data/app/~~-CrpseCBRADVl6-Y0-LgrA==/com.google.android.gms-GuPw61cLjAQxw4ZiZs3fmA==/oat/x86_64/split_GoogleCertificates_installtime.odex) is kOatUpToDate with filter 'speed' executable 'false'
02-08 21:06:43.418  2657  2665 I artd    : GetBestInfo: odex next to the dex file (/data/app/~~-CrpseCBRADVl6-Y0-LgrA==/com.google.android.gms-GuPw61cLjAQxw4ZiZs3fmA==/oat/x86_64/split_MapsDynamite_installtime.odex) is kOatUpToDate with filter 'speed' executable 'false'
02-08 21:06:43.419  2657  2665 I artd    : GetBestInfo: odex next to the dex file (/data/app/~~-CrpseCBRADVl6-Y0-LgrA==/com.google.android.gms-GuPw61cLjAQxw4ZiZs3fmA==/oat/x86_64/split_MeasurementDynamite_installtime.odex) is kOatUpToDate with filter 'speed' executable 'false'
02-08 21:06:43.420  2657  2665 I artd    : GetBestInfo: odex next to the dex file (/data/app/~~-CrpseCBRADVl6-Y0-LgrA==/com.google.android.gms-GuPw61cLjAQxw4ZiZs3fmA==/oat/x86_64/split_all_locale_splits.odex) is kOatUpToDate with filter 'speed' executable 'false'
02-08 21:06:43.422  2657  2665 I artd    : GetBestInfo: /data/user_de/0/com.google.android.gms/app_chimera/m/0000000c/dl-MlkitBarcodeUi.optional_253434100800.apk has no usable artifacts
02-08 21:06:43.423  2657  2665 I artd    : GetBestInfo: /data/user_de/0/com.google.android.gms/app_chimera/m/0000000f/dl-Appsearch.optional_260235100800.apk has no usable artifacts
02-08 21:06:43.424  2657  2665 I artd    : GetBestInfo: /data/user_de/0/com.google.android.gms/app_chimera/m/00000001/CronetDynamite.apk has no usable artifacts
02-08 21:06:43.425  2657  2665 I artd    : GetBestInfo: /data/user_de/0/com.google.android.gms/app_chimera/m/00000002/DynamiteLoader.apk has no usable artifacts
02-08 21:06:43.426  2657  2665 I artd    : GetBestInfo: /data/user_de/0/com.google.android.gms/app_chimera/m/0000000d/dl-VisionOcr.optional_253434100000.apk has no usable artifacts
02-08 21:06:43.427  2657  2665 I artd    : GetBestInfo: /data/user_de/0/com.google.android.gms/app_chimera/m/00000005/GoogleCertificates.apk has no usable artifacts
02-08 21:06:43.428  2657  2665 I artd    : GetBestInfo: vdex next to the dex file (/data/user/0/com.google.android.gms/app_dg_cache/CF98DA544914DD75038B6CE6DBC852B6C43EC876/oat/x86_64/the.vdex) is kOatUpToDate with filter 'verify' executable 'false'
02-08 21:06:43.429  2657  2665 I artd    : GetBestInfo: /data/user_de/0/com.google.android.gms/app_chimera/m/0000000b/dl-MlkitOcrCommon.optional_253434100800.apk has no usable artifacts
02-08 21:06:43.430  2657  2665 I artd    : GetBestInfo: /data/user_de/0/com.google.android.gms/app_chimera/m/00000008/dl-TfliteDynamiteDynamite.integ_252130102100800.apk has no usable artifacts
02-08 21:06:43.431  2657  2665 I artd    : GetBestInfo: /data/user_de/0/com.google.android.gms/app_chimera/m/00000007/MeasurementDynamite.apk has no usable artifacts
02-08 21:06:43.432  2657  2665 I artd    : GetBestInfo: /data/user_de/0/com.google.android.gms/app_chimera/m/00000011/dl-MlkitBarcodeUi.optional_260235100800.apk has no usable artifacts
02-08 21:06:43.434  2657  2665 I artd    : GetBestInfo: /data/user_de/0/com.google.android.gms/app_chimera/m/00000009/dl-Appsearch.optional_253434100800.apk has no usable artifacts
02-08 21:06:43.566   835   990 I HalDevMgr: bestIfaceCreationProposal is null, requestIface=STA, existingIface=[name=wlan0 type=STA]
02-08 21:06:43.855   835   867 D OomAdjuster: Not killing cached processes
02-08 21:06:44.409  1434  1434 D BoundBrokerSvc: onUnbind: Intent { act=com.google.android.gms.libs.gmscorelogger.service.START dat=chimera-action:/... xflg=0x4 cmp=com.google.android.gms/.chimera.PersistentDirectBootAwareApiService }
02-08 21:06:46.571   835   990 I HalDevMgr: bestIfaceCreationProposal is null, requestIface=STA, existingIface=[name=wlan0 type=STA]
02-08 21:06:49.577   835   990 I HalDevMgr: bestIfaceCreationProposal is null, requestIface=STA, existingIface=[name=wlan0 type=STA]
02-08 21:06:49.856   835   941 D ActivityManager: freezing 3638 com.google.android.rkpdapp
02-08 21:06:49.858   835  1000 D InetDiagMessage: Destroyed 0 sockets, proto=IPPROTO_TCP, family=AF_INET, states=14
02-08 21:06:49.858   835  1000 D InetDiagMessage: Destroyed 0 sockets, proto=IPPROTO_TCP, family=AF_INET6, states=14
02-08 21:06:49.858   835  1000 D InetDiagMessage: Destroyed live tcp sockets for uids={10218} in 1ms
02-08 21:06:50.556   307  4514 I keystore2: system/security/keystore2/watchdog/src/lib.rs:371 - Watchdog thread idle -> terminating. Have a great day.
02-08 21:06:51.482  1216  1378 D SatelliteController: iisInCarrierRoamingNbIotNtn: satellite is disabled
02-08 21:06:51.482  1216  1378 D SatelliteController: getCarrierRoamingNtnConnectType: Falling back to global carrier config connect type: 0
02-08 21:06:52.582   835   990 I HalDevMgr: bestIfaceCreationProposal is null, requestIface=STA, existingIface=[name=wlan0 type=STA]
02-08 21:06:53.374  4528  4528 W libbinder.BackendUnifiedServiceManager: Thread Pool max thread count is 0. Cannot cache binder as linkToDeath cannot be implemented. serviceName: package
02-08 21:06:53.435  2657  2665 I artd    : GetBestInfo: odex next to the dex file (/data/app/~~-CrpseCBRADVl6-Y0-LgrA==/com.google.android.gms-GuPw61cLjAQxw4ZiZs3fmA==/oat/x86_64/base.odex) is kOatUpToDate with filter 'speed-profile' executable 'false'
02-08 21:06:53.438  2657  2665 I artd    : GetBestInfo: odex next to the dex file (/data/app/~~-CrpseCBRADVl6-Y0-LgrA==/com.google.android.gms-GuPw61cLjAQxw4ZiZs3fmA==/oat/x86_64/split_AdsDynamite_installtime.odex) is kOatUpToDate with filter 'speed' executable 'false'
02-08 21:06:53.440  2657  2665 I artd    : GetBestInfo: odex next to the dex file (/data/app/~~-CrpseCBRADVl6-Y0-LgrA==/com.google.android.gms-GuPw61cLjAQxw4ZiZs3fmA==/oat/x86_64/split_CronetDynamite_installtime.odex) is kOatUpToDate with filter 'speed-profile' executable 'false'
02-08 21:06:53.441  2657  2665 I artd    : GetBestInfo: odex next to the dex file (/data/app/~~-CrpseCBRADVl6-Y0-LgrA==/com.google.android.gms-GuPw61cLjAQxw4ZiZs3fmA==/oat/x86_64/split_DynamiteLoader_installtime.odex) is kOatUpToDate with filter 'speed' executable 'false'
02-08 21:06:53.443  2657  2665 I artd    : GetBestInfo: odex next to the dex file (/data/app/~~-CrpseCBRADVl6-Y0-LgrA==/com.google.android.gms-GuPw61cLjAQxw4ZiZs3fmA==/oat/x86_64/split_DynamiteModulesA_installtime.odex) is kOatUpToDate with filter 'speed' executable 'false'
02-08 21:06:53.444  2657  2665 I artd    : GetBestInfo: odex next to the dex file (/data/app/~~-CrpseCBRADVl6-Y0-LgrA==/com.google.android.gms-GuPw61cLjAQxw4ZiZs3fmA==/oat/x86_64/split_DynamiteModulesC_installtime.odex) is kOatUpToDate with filter 'speed' executable 'false'
02-08 21:06:53.445  2657  2665 I artd    : GetBestInfo: odex next to the dex file (/data/app/~~-CrpseCBRADVl6-Y0-LgrA==/com.google.android.gms-GuPw61cLjAQxw4ZiZs3fmA==/oat/x86_64/split_GoogleCertificates_installtime.odex) is kOatUpToDate with filter 'speed' executable 'false'
02-08 21:06:53.447  2657  2665 I artd    : GetBestInfo: odex next to the dex file (/data/app/~~-CrpseCBRADVl6-Y0-LgrA==/com.google.android.gms-GuPw61cLjAQxw4ZiZs3fmA==/oat/x86_64/split_MapsDynamite_installtime.odex) is kOatUpToDate with filter 'speed' executable 'false'
02-08 21:06:53.448  2657  2665 I artd    : GetBestInfo: odex next to the dex file (/data/app/~~-CrpseCBRADVl6-Y0-LgrA==/com.google.android.gms-GuPw61cLjAQxw4ZiZs3fmA==/oat/x86_64/split_MeasurementDynamite_installtime.odex) is kOatUpToDate with filter 'speed' executable 'false'
02-08 21:06:53.450  2657  2665 I artd    : GetBestInfo: odex next to the dex file (/data/app/~~-CrpseCBRADVl6-Y0-LgrA==/com.google.android.gms-GuPw61cLjAQxw4ZiZs3fmA==/oat/x86_64/split_all_locale_splits.odex) is kOatUpToDate with filter 'speed' executable 'false'
02-08 21:06:53.451  2657  2665 I artd    : GetBestInfo: /data/user_de/0/com.google.android.gms/app_chimera/m/0000000c/dl-MlkitBarcodeUi.optional_253434100800.apk has no usable artifacts
02-08 21:06:53.453  2657  2665 I artd    : GetBestInfo: /data/user_de/0/com.google.android.gms/app_chimera/m/0000000f/dl-Appsearch.optional_260235100800.apk has no usable artifacts
02-08 21:06:53.453  2657  2665 I artd    : GetBestInfo: /data/user_de/0/com.google.android.gms/app_chimera/m/00000001/CronetDynamite.apk has no usable artifacts
02-08 21:06:53.454  2657  2665 I artd    : GetBestInfo: /data/user_de/0/com.google.android.gms/app_chimera/m/00000002/DynamiteLoader.apk has no usable artifacts
02-08 21:06:53.455  2657  2665 I artd    : GetBestInfo: /data/user_de/0/com.google.android.gms/app_chimera/m/0000000d/dl-VisionOcr.optional_253434100000.apk has no usable artifacts
02-08 21:06:53.455  2657  2664 I artd    : GetBestInfo: /data/user_de/0/com.google.android.gms/app_chimera/m/00000005/GoogleCertificates.apk has no usable artifacts
02-08 21:06:53.457  2657  2664 I artd    : GetBestInfo: vdex next to the dex file (/data/user/0/com.google.android.gms/app_dg_cache/CF98DA544914DD75038B6CE6DBC852B6C43EC876/oat/x86_64/the.vdex) is kOatUpToDate with filter 'verify' executable 'false'
02-08 21:06:53.458  2657  2664 I artd    : GetBestInfo: /data/user_de/0/com.google.android.gms/app_chimera/m/0000000b/dl-MlkitOcrCommon.optional_253434100800.apk has no usable artifacts
02-08 21:06:53.459  2657  2664 I artd    : GetBestInfo: /data/user_de/0/com.google.android.gms/app_chimera/m/00000008/dl-TfliteDynamiteDynamite.integ_252130102100800.apk has no usable artifacts
02-08 21:06:53.460  2657  2664 I artd    : GetBestInfo: /data/user_de/0/com.google.android.gms/app_chimera/m/00000007/MeasurementDynamite.apk has no usable artifacts
02-08 21:06:53.461  2657  2664 I artd    : GetBestInfo: /data/user_de/0/com.google.android.gms/app_chimera/m/00000011/dl-MlkitBarcodeUi.optional_260235100800.apk has no usable artifacts
02-08 21:06:53.463  2657  2664 I artd    : GetBestInfo: /data/user_de/0/com.google.android.gms/app_chimera/m/00000009/dl-Appsearch.optional_253434100800.apk has no usable artifacts
02-08 21:06:53.856   835   941 D ActivityManager: freezing 3649 com.google.android.apps.photos
02-08 21:06:53.859   835  1000 D InetDiagMessage: Destroyed 0 sockets, proto=IPPROTO_TCP, family=AF_INET, states=14
02-08 21:06:53.859   835  1000 D InetDiagMessage: Destroyed 0 sockets, proto=IPPROTO_TCP, family=AF_INET6, states=14
02-08 21:06:53.859   835  1000 D InetDiagMessage: Destroyed live tcp sockets for uids={10170} in 1ms
02-08 21:06:54.397   835  2070 D OomAdjuster: Not killing cached processes
02-08 21:06:54.623   835   941 D ActivityManager: freezing 3024 com.google.android.gms.unstable
02-08 21:06:55.588   835   990 I HalDevMgr: bestIfaceCreationProposal is null, requestIface=STA, existingIface=[name=wlan0 type=STA]
02-08 21:06:55.848  1434  1434 D BoundBrokerSvc: onUnbind: Intent { act=com.google.android.gms.auth.aang.events.services.START dat=chimera-action:/... xflg=0x4 cmp=com.google.android.gms/.chimera.PersistentApiService }
02-08 21:06:57.856   835   941 D ActivityManager: freezing 1605 com.google.android.gms
02-08 21:06:58.594   835   990 I HalDevMgr: bestIfaceCreationProposal is null, requestIface=STA, existingIface=[name=wlan0 type=STA]
02-08 21:07:00.817   835   867 D OomAdjuster: Not killing cached processes
02-08 21:07:01.480  1216  1378 D SatelliteController: iisInCarrierRoamingNbIotNtn: satellite is disabled
02-08 21:07:01.480  1216  1378 D SatelliteController: getCarrierRoamingNtnConnectType: Falling back to global carrier config connect type: 0
02-08 21:07:01.599   835   990 I HalDevMgr: bestIfaceCreationProposal is null, requestIface=STA, existingIface=[name=wlan0 type=STA]
02-08 21:07:03.347  4535  4535 W libbinder.BackendUnifiedServiceManager: Thread Pool max thread count is 0. Cannot cache binder as linkToDeath cannot be implemented. serviceName: package
02-08 21:07:03.381  2657  2664 I artd    : GetBestInfo: odex next to the dex file (/data/app/~~-CrpseCBRADVl6-Y0-LgrA==/com.google.android.gms-GuPw61cLjAQxw4ZiZs3fmA==/oat/x86_64/base.odex) is kOatUpToDate with filter 'speed-profile' executable 'false'
02-08 21:07:03.383  2657  2664 I artd    : GetBestInfo: odex next to the dex file (/data/app/~~-CrpseCBRADVl6-Y0-LgrA==/com.google.android.gms-GuPw61cLjAQxw4ZiZs3fmA==/oat/x86_64/split_AdsDynamite_installtime.odex) is kOatUpToDate with filter 'speed' executable 'false'
02-08 21:07:03.384  2657  2664 I artd    : GetBestInfo: odex next to the dex file (/data/app/~~-CrpseCBRADVl6-Y0-LgrA==/com.google.android.gms-GuPw61cLjAQxw4ZiZs3fmA==/oat/x86_64/split_CronetDynamite_installtime.odex) is kOatUpToDate with filter 'speed-profile' executable 'false'
02-08 21:07:03.385  2657  2664 I artd    : GetBestInfo: odex next to the dex file (/data/app/~~-CrpseCBRADVl6-Y0-LgrA==/com.google.android.gms-GuPw61cLjAQxw4ZiZs3fmA==/oat/x86_64/split_DynamiteLoader_installtime.odex) is kOatUpToDate with filter 'speed' executable 'false'
02-08 21:07:03.387  2657  2664 I artd    : GetBestInfo: odex next to the dex file (/data/app/~~-CrpseCBRADVl6-Y0-LgrA==/com.google.android.gms-GuPw61cLjAQxw4ZiZs3fmA==/oat/x86_64/split_DynamiteModulesA_installtime.odex) is kOatUpToDate with filter 'speed' executable 'false'
02-08 21:07:03.388  2657  2664 I artd    : GetBestInfo: odex next to the dex file (/data/app/~~-CrpseCBRADVl6-Y0-LgrA==/com.google.android.gms-GuPw61cLjAQxw4ZiZs3fmA==/oat/x86_64/split_DynamiteModulesC_installtime.odex) is kOatUpToDate with filter 'speed' executable 'false'
02-08 21:07:03.389  2657  2664 I artd    : GetBestInfo: odex next to the dex file (/data/app/~~-CrpseCBRADVl6-Y0-LgrA==/com.google.android.gms-GuPw61cLjAQxw4ZiZs3fmA==/oat/x86_64/split_GoogleCertificates_installtime.odex) is kOatUpToDate with filter 'speed' executable 'false'
02-08 21:07:03.391  2657  2664 I artd    : GetBestInfo: odex next to the dex file (/data/app/~~-CrpseCBRADVl6-Y0-LgrA==/com.google.android.gms-GuPw61cLjAQxw4ZiZs3fmA==/oat/x86_64/split_MapsDynamite_installtime.odex) is kOatUpToDate with filter 'speed' executable 'false'
02-08 21:07:03.392  2657  2664 I artd    : GetBestInfo: odex next to the dex file (/data/app/~~-CrpseCBRADVl6-Y0-LgrA==/com.google.android.gms-GuPw61cLjAQxw4ZiZs3fmA==/oat/x86_64/split_MeasurementDynamite_installtime.odex) is kOatUpToDate with filter 'speed' executable 'false'
02-08 21:07:03.393  2657  2664 I artd    : GetBestInfo: odex next to the dex file (/data/app/~~-CrpseCBRADVl6-Y0-LgrA==/com.google.android.gms-GuPw61cLjAQxw4ZiZs3fmA==/oat/x86_64/split_all_locale_splits.odex) is kOatUpToDate with filter 'speed' executable 'false'
02-08 21:07:03.395  2657  2664 I artd    : GetBestInfo: /data/user_de/0/com.google.android.gms/app_chimera/m/0000000c/dl-MlkitBarcodeUi.optional_253434100800.apk has no usable artifacts
02-08 21:07:03.396  2657  2664 I artd    : GetBestInfo: /data/user_de/0/com.google.android.gms/app_chimera/m/0000000f/dl-Appsearch.optional_260235100800.apk has no usable artifacts
02-08 21:07:03.397  2657  2664 I artd    : GetBestInfo: /data/user_de/0/com.google.android.gms/app_chimera/m/00000001/CronetDynamite.apk has no usable artifacts
02-08 21:07:03.397  2657  2664 I artd    : GetBestInfo: /data/user_de/0/com.google.android.gms/app_chimera/m/00000002/DynamiteLoader.apk has no usable artifacts
02-08 21:07:03.399  2657  2664 I artd    : GetBestInfo: /data/user_de/0/com.google.android.gms/app_chimera/m/0000000d/dl-VisionOcr.optional_253434100000.apk has no usable artifacts
02-08 21:07:03.399  2657  2664 I artd    : GetBestInfo: /data/user_de/0/com.google.android.gms/app_chimera/m/00000005/GoogleCertificates.apk has no usable artifacts
02-08 21:07:03.400  2657  2664 I artd    : GetBestInfo: vdex next to the dex file (/data/user/0/com.google.android.gms/app_dg_cache/CF98DA544914DD75038B6CE6DBC852B6C43EC876/oat/x86_64/the.vdex) is kOatUpToDate with filter 'verify' executable 'false'
02-08 21:07:03.402  2657  2664 I artd    : GetBestInfo: /data/user_de/0/com.google.android.gms/app_chimera/m/0000000b/dl-MlkitOcrCommon.optional_253434100800.apk has no usable artifacts
02-08 21:07:03.403  2657  2664 I artd    : GetBestInfo: /data/user_de/0/com.google.android.gms/app_chimera/m/00000008/dl-TfliteDynamiteDynamite.integ_252130102100800.apk has no usable artifacts
02-08 21:07:03.404  2657  2664 I artd    : GetBestInfo: /data/user_de/0/com.google.android.gms/app_chimera/m/00000007/MeasurementDynamite.apk has no usable artifacts
02-08 21:07:03.405  2657  2664 I artd    : GetBestInfo: /data/user_de/0/com.google.android.gms/app_chimera/m/00000011/dl-MlkitBarcodeUi.optional_260235100800.apk has no usable artifacts
02-08 21:07:03.407  2657  2664 I artd    : GetBestInfo: /data/user_de/0/com.google.android.gms/app_chimera/m/00000009/dl-Appsearch.optional_253434100800.apk has no usable artifacts
02-08 21:07:04.605   835   990 I HalDevMgr: bestIfaceCreationProposal is null, requestIface=STA, existingIface=[name=wlan0 type=STA]
02-08 21:07:07.611   835   990 I HalDevMgr: bestIfaceCreationProposal is null, requestIface=STA, existingIface=[name=wlan0 type=STA]
02-08 21:07:10.617   835   990 I HalDevMgr: bestIfaceCreationProposal is null, requestIface=STA, existingIface=[name=wlan0 type=STA]
02-08 21:07:11.481  1216  1378 D SatelliteController: iisInCarrierRoamingNbIotNtn: satellite is disabled
02-08 21:07:11.483  1216  1378 D SatelliteController: getCarrierRoamingNtnConnectType: Falling back to global carrier config connect type: 0
02-08 21:07:13.352  4538  4538 W libbinder.BackendUnifiedServiceManager: Thread Pool max thread count is 0. Cannot cache binder as linkToDeath cannot be implemented. serviceName: package
02-08 21:07:13.404  2657  2664 I artd    : GetBestInfo: odex next to the dex file (/data/app/~~-CrpseCBRADVl6-Y0-LgrA==/com.google.android.gms-GuPw61cLjAQxw4ZiZs3fmA==/oat/x86_64/base.odex) is kOatUpToDate with filter 'speed-profile' executable 'false'
02-08 21:07:13.407  2657  2664 I artd    : GetBestInfo: odex next to the dex file (/data/app/~~-CrpseCBRADVl6-Y0-LgrA==/com.google.android.gms-GuPw61cLjAQxw4ZiZs3fmA==/oat/x86_64/split_AdsDynamite_installtime.odex) is kOatUpToDate with filter 'speed' executable 'false'
02-08 21:07:13.409  2657  2664 I artd    : GetBestInfo: odex next to the dex file (/data/app/~~-CrpseCBRADVl6-Y0-LgrA==/com.google.android.gms-GuPw61cLjAQxw4ZiZs3fmA==/oat/x86_64/split_CronetDynamite_installtime.odex) is kOatUpToDate with filter 'speed-profile' executable 'false'
02-08 21:07:13.412  2657  2664 I artd    : GetBestInfo: odex next to the dex file (/data/app/~~-CrpseCBRADVl6-Y0-LgrA==/com.google.android.gms-GuPw61cLjAQxw4ZiZs3fmA==/oat/x86_64/split_DynamiteLoader_installtime.odex) is kOatUpToDate with filter 'speed' executable 'false'
02-08 21:07:13.413  2657  2664 I artd    : GetBestInfo: odex next to the dex file (/data/app/~~-CrpseCBRADVl6-Y0-LgrA==/com.google.android.gms-GuPw61cLjAQxw4ZiZs3fmA==/oat/x86_64/split_DynamiteModulesA_installtime.odex) is kOatUpToDate with filter 'speed' executable 'false'
02-08 21:07:13.415  2657  2664 I artd    : GetBestInfo: odex next to the dex file (/data/app/~~-CrpseCBRADVl6-Y0-LgrA==/com.google.android.gms-GuPw61cLjAQxw4ZiZs3fmA==/oat/x86_64/split_DynamiteModulesC_installtime.odex) is kOatUpToDate with filter 'speed' executable 'false'
02-08 21:07:13.417  2657  2664 I artd    : GetBestInfo: odex next to the dex file (/data/app/~~-CrpseCBRADVl6-Y0-LgrA==/com.google.android.gms-GuPw61cLjAQxw4ZiZs3fmA==/oat/x86_64/split_GoogleCertificates_installtime.odex) is kOatUpToDate with filter 'speed' executable 'false'
02-08 21:07:13.419  2657  2664 I artd    : GetBestInfo: odex next to the dex file (/data/app/~~-CrpseCBRADVl6-Y0-LgrA==/com.google.android.gms-GuPw61cLjAQxw4ZiZs3fmA==/oat/x86_64/split_MapsDynamite_installtime.odex) is kOatUpToDate with filter 'speed' executable 'false'
02-08 21:07:13.420  2657  2664 I artd    : GetBestInfo: odex next to the dex file (/data/app/~~-CrpseCBRADVl6-Y0-LgrA==/com.google.android.gms-GuPw61cLjAQxw4ZiZs3fmA==/oat/x86_64/split_MeasurementDynamite_installtime.odex) is kOatUpToDate with filter 'speed' executable 'false'
02-08 21:07:13.422  2657  2664 I artd    : GetBestInfo: odex next to the dex file (/data/app/~~-CrpseCBRADVl6-Y0-LgrA==/com.google.android.gms-GuPw61cLjAQxw4ZiZs3fmA==/oat/x86_64/split_all_locale_splits.odex) is kOatUpToDate with filter 'speed' executable 'false'
02-08 21:07:13.424  2657  2664 I artd    : GetBestInfo: /data/user_de/0/com.google.android.gms/app_chimera/m/0000000c/dl-MlkitBarcodeUi.optional_253434100800.apk has no usable artifacts
02-08 21:07:13.426  2657  2664 I artd    : GetBestInfo: /data/user_de/0/com.google.android.gms/app_chimera/m/0000000f/dl-Appsearch.optional_260235100800.apk has no usable artifacts
02-08 21:07:13.427  2657  2664 I artd    : GetBestInfo: /data/user_de/0/com.google.android.gms/app_chimera/m/00000001/CronetDynamite.apk has no usable artifacts
02-08 21:07:13.428  2657  2664 I artd    : GetBestInfo: /data/user_de/0/com.google.android.gms/app_chimera/m/00000002/DynamiteLoader.apk has no usable artifacts
02-08 21:07:13.431  2657  2665 I artd    : GetBestInfo: /data/user_de/0/com.google.android.gms/app_chimera/m/0000000d/dl-VisionOcr.optional_253434100000.apk has no usable artifacts
02-08 21:07:13.432  2657  2665 I artd    : GetBestInfo: /data/user_de/0/com.google.android.gms/app_chimera/m/00000005/GoogleCertificates.apk has no usable artifacts
02-08 21:07:13.434  2657  2665 I artd    : GetBestInfo: vdex next to the dex file (/data/user/0/com.google.android.gms/app_dg_cache/CF98DA544914DD75038B6CE6DBC852B6C43EC876/oat/x86_64/the.vdex) is kOatUpToDate with filter 'verify' executable 'false'
02-08 21:07:13.436  2657  2665 I artd    : GetBestInfo: /data/user_de/0/com.google.android.gms/app_chimera/m/0000000b/dl-MlkitOcrCommon.optional_253434100800.apk has no usable artifacts
02-08 21:07:13.437  2657  2665 I artd    : GetBestInfo: /data/user_de/0/com.google.android.gms/app_chimera/m/00000008/dl-TfliteDynamiteDynamite.integ_252130102100800.apk has no usable artifacts
02-08 21:07:13.439  2657  2665 I artd    : GetBestInfo: /data/user_de/0/com.google.android.gms/app_chimera/m/00000007/MeasurementDynamite.apk has no usable artifacts
02-08 21:07:13.441  2657  2665 I artd    : GetBestInfo: /data/user_de/0/com.google.android.gms/app_chimera/m/00000011/dl-MlkitBarcodeUi.optional_260235100800.apk has no usable artifacts
02-08 21:07:13.443  2657  2665 I artd    : GetBestInfo: /data/user_de/0/com.google.android.gms/app_chimera/m/00000009/dl-Appsearch.optional_253434100800.apk has no usable artifacts
02-08 21:07:13.623   835   990 I HalDevMgr: bestIfaceCreationProposal is null, requestIface=STA, existingIface=[name=wlan0 type=STA]
02-08 21:07:16.628   835   990 I HalDevMgr: bestIfaceCreationProposal is null, requestIface=STA, existingIface=[name=wlan0 type=STA]
02-08 21:07:19.634   835   990 I HalDevMgr: bestIfaceCreationProposal is null, requestIface=STA, existingIface=[name=wlan0 type=STA]
02-08 21:07:21.480  1216  1378 D SatelliteController: iisInCarrierRoamingNbIotNtn: satellite is disabled
02-08 21:07:21.481  1216  1378 D SatelliteController: getCarrierRoamingNtnConnectType: Falling back to global carrier config connect type: 0
02-08 21:07:22.640   835   990 I HalDevMgr: bestIfaceCreationProposal is null, requestIface=STA, existingIface=[name=wlan0 type=STA]
02-08 21:07:23.363  4546  4546 W libbinder.BackendUnifiedServiceManager: Thread Pool max thread count is 0. Cannot cache binder as linkToDeath cannot be implemented. serviceName: package
02-08 21:07:23.404  2657  2665 I artd    : GetBestInfo: odex next to the dex file (/data/app/~~-CrpseCBRADVl6-Y0-LgrA==/com.google.android.gms-GuPw61cLjAQxw4ZiZs3fmA==/oat/x86_64/base.odex) is kOatUpToDate with filter 'speed-profile' executable 'false'
02-08 21:07:23.406  2657  2665 I artd    : GetBestInfo: odex next to the dex file (/data/app/~~-CrpseCBRADVl6-Y0-LgrA==/com.google.android.gms-GuPw61cLjAQxw4ZiZs3fmA==/oat/x86_64/split_AdsDynamite_installtime.odex) is kOatUpToDate with filter 'speed' executable 'false'
02-08 21:07:23.407  2657  2665 I artd    : GetBestInfo: odex next to the dex file (/data/app/~~-CrpseCBRADVl6-Y0-LgrA==/com.google.android.gms-GuPw61cLjAQxw4ZiZs3fmA==/oat/x86_64/split_CronetDynamite_installtime.odex) is kOatUpToDate with filter 'speed-profile' executable 'false'
02-08 21:07:23.409  2657  2665 I artd    : GetBestInfo: odex next to the dex file (/data/app/~~-CrpseCBRADVl6-Y0-LgrA==/com.google.android.gms-GuPw61cLjAQxw4ZiZs3fmA==/oat/x86_64/split_DynamiteLoader_installtime.odex) is kOatUpToDate with filter 'speed' executable 'false'
02-08 21:07:23.410  2657  2665 I artd    : GetBestInfo: odex next to the dex file (/data/app/~~-CrpseCBRADVl6-Y0-LgrA==/com.google.android.gms-GuPw61cLjAQxw4ZiZs3fmA==/oat/x86_64/split_DynamiteModulesA_installtime.odex) is kOatUpToDate with filter 'speed' executable 'false'
02-08 21:07:23.412  2657  2665 I artd    : GetBestInfo: odex next to the dex file (/data/app/~~-CrpseCBRADVl6-Y0-LgrA==/com.google.android.gms-GuPw61cLjAQxw4ZiZs3fmA==/oat/x86_64/split_DynamiteModulesC_installtime.odex) is kOatUpToDate with filter 'speed' executable 'false'
02-08 21:07:23.413  2657  2665 I artd    : GetBestInfo: odex next to the dex file (/data/app/~~-CrpseCBRADVl6-Y0-LgrA==/com.google.android.gms-GuPw61cLjAQxw4ZiZs3fmA==/oat/x86_64/split_GoogleCertificates_installtime.odex) is kOatUpToDate with filter 'speed' executable 'false'
02-08 21:07:23.414  2657  2665 I artd    : GetBestInfo: odex next to the dex file (/data/app/~~-CrpseCBRADVl6-Y0-LgrA==/com.google.android.gms-GuPw61cLjAQxw4ZiZs3fmA==/oat/x86_64/split_MapsDynamite_installtime.odex) is kOatUpToDate with filter 'speed' executable 'false'
02-08 21:07:23.416  2657  2665 I artd    : GetBestInfo: odex next to the dex file (/data/app/~~-CrpseCBRADVl6-Y0-LgrA==/com.google.android.gms-GuPw61cLjAQxw4ZiZs3fmA==/oat/x86_64/split_MeasurementDynamite_installtime.odex) is kOatUpToDate with filter 'speed' executable 'false'
02-08 21:07:23.417  2657  2665 I artd    : GetBestInfo: odex next to the dex file (/data/app/~~-CrpseCBRADVl6-Y0-LgrA==/com.google.android.gms-GuPw61cLjAQxw4ZiZs3fmA==/oat/x86_64/split_all_locale_splits.odex) is kOatUpToDate with filter 'speed' executable 'false'
02-08 21:07:23.419  2657  2665 I artd    : GetBestInfo: /data/user_de/0/com.google.android.gms/app_chimera/m/0000000c/dl-MlkitBarcodeUi.optional_253434100800.apk has no usable artifacts
02-08 21:07:23.421  2657  2665 I artd    : GetBestInfo: /data/user_de/0/com.google.android.gms/app_chimera/m/0000000f/dl-Appsearch.optional_260235100800.apk has no usable artifacts
02-08 21:07:23.421  2657  2665 I artd    : GetBestInfo: /data/user_de/0/com.google.android.gms/app_chimera/m/00000001/CronetDynamite.apk has no usable artifacts
02-08 21:07:23.422  2657  2665 I artd    : GetBestInfo: /data/user_de/0/com.google.android.gms/app_chimera/m/00000002/DynamiteLoader.apk has no usable artifacts
02-08 21:07:23.423  2657  2665 I artd    : GetBestInfo: /data/user_de/0/com.google.android.gms/app_chimera/m/0000000d/dl-VisionOcr.optional_253434100000.apk has no usable artifacts
02-08 21:07:23.423  2657  2665 I artd    : GetBestInfo: /data/user_de/0/com.google.android.gms/app_chimera/m/00000005/GoogleCertificates.apk has no usable artifacts
02-08 21:07:23.425  2657  2665 I artd    : GetBestInfo: vdex next to the dex file (/data/user/0/com.google.android.gms/app_dg_cache/CF98DA544914DD75038B6CE6DBC852B6C43EC876/oat/x86_64/the.vdex) is kOatUpToDate with filter 'verify' executable 'false'
02-08 21:07:23.426  2657  2665 I artd    : GetBestInfo: /data/user_de/0/com.google.android.gms/app_chimera/m/0000000b/dl-MlkitOcrCommon.optional_253434100800.apk has no usable artifacts
02-08 21:07:23.428  2657  2665 I artd    : GetBestInfo: /data/user_de/0/com.google.android.gms/app_chimera/m/00000008/dl-TfliteDynamiteDynamite.integ_252130102100800.apk has no usable artifacts
02-08 21:07:23.429  2657  2665 I artd    : GetBestInfo: /data/user_de/0/com.google.android.gms/app_chimera/m/00000007/MeasurementDynamite.apk has no usable artifacts
02-08 21:07:23.430  2657  2665 I artd    : GetBestInfo: /data/user_de/0/com.google.android.gms/app_chimera/m/00000011/dl-MlkitBarcodeUi.optional_260235100800.apk has no usable artifacts
02-08 21:07:23.432  2657  2665 I artd    : GetBestInfo: /data/user_de/0/com.google.android.gms/app_chimera/m/00000009/dl-Appsearch.optional_253434100800.apk has no usable artifacts
02-08 21:07:23.859   835   927 D OomAdjuster: Not killing cached processes
02-08 21:07:23.871   835   927 D ActivityManager: sync unfroze 3649 com.google.android.apps.photos for 6
02-08 21:07:23.874   835  1833 W ProcessStats: Tracking association SourceState{ebc8d93 system/1000 ImpBg #1953} whose proc state 6 is better than process ProcessState{53eb276 com.google.android.apps.photos/10170 pkg=com.google.android.apps.photos} proc state 14 (6 skipped)
02-08 21:07:25.644   835   990 I HalDevMgr: bestIfaceCreationProposal is null, requestIface=STA, existingIface=[name=wlan0 type=STA]
02-08 21:07:28.650   835   990 I HalDevMgr: bestIfaceCreationProposal is null, requestIface=STA, existingIface=[name=wlan0 type=STA]
02-08 21:07:28.894   835  1000 D InetDiagMessage: Destroyed 0 sockets, proto=IPPROTO_TCP, family=AF_INET, states=14
02-08 21:07:28.894   835  1000 D InetDiagMessage: Destroyed 0 sockets, proto=IPPROTO_TCP, family=AF_INET6, states=14
02-08 21:07:28.895   835  1000 D InetDiagMessage: Destroyed live tcp sockets for uids={10170} in 1ms
02-08 21:07:28.895   835  1000 D InetDiagMessage: Destroyed 0 sockets, proto=IPPROTO_TCP, family=AF_INET, states=14
02-08 21:07:28.895   835  1000 D InetDiagMessage: Destroyed 0 sockets, proto=IPPROTO_TCP, family=AF_INET6, states=14
02-08 21:07:28.895   835  1000 D InetDiagMessage: Destroyed live tcp sockets for uids={20170} in 0ms
02-08 21:07:31.481  1216  1378 D SatelliteController: iisInCarrierRoamingNbIotNtn: satellite is disabled
02-08 21:07:31.482  1216  1378 D SatelliteController: getCarrierRoamingNtnConnectType: Falling back to global carrier config connect type: 0
02-08 21:07:31.655   835   990 I HalDevMgr: bestIfaceCreationProposal is null, requestIface=STA, existingIface=[name=wlan0 type=STA]
02-08 21:07:32.377   835  1833 I ActivityManager: Force stopping com.yaruchyk.wellbeingdashboard appid=10227 user=0: from pid 4557
02-08 21:07:32.378   835  1833 D OomAdjuster: Not killing cached processes
02-08 21:07:32.379   835  1833 I AppsFilter: interaction: PackageSetting{da115c2 com.android.microdroid.empty_payload/10201} -> PackageSetting{4e4046 com.yaruchyk.wellbeingdashboard/10227} BLOCKED
02-08 21:07:32.390  1216  1216 D CarrierSvcBindHelper: onHandleForceStop: [com.yaruchyk.wellbeingdashboard]
02-08 21:07:32.395  1216  1216 D CarrierSvcBindHelper: No carrier app for: 0
02-08 21:07:32.416  4564  4564 W libbinder.BackendUnifiedServiceManager: Thread Pool max thread count is 0. Cannot cache binder as linkToDeath cannot be implemented. serviceName: DockObserver
02-08 21:07:32.417  4564  4564 E libbinder.Parcel: Reading a NULL string not supported here.
02-08 21:07:32.418  4564  4564 W libbinder.BackendUnifiedServiceManager: Thread Pool max thread count is 0. Cannot cache binder as linkToDeath cannot be implemented. serviceName: SurfaceFlinger
02-08 21:07:32.418  4564  4564 W libbinder.BackendUnifiedServiceManager: Thread Pool max thread count is 0. Cannot cache binder as linkToDeath cannot be implemented. serviceName: SurfaceFlingerAIDL
02-08 21:07:32.419  4564  4564 W libbinder.BackendUnifiedServiceManager: Thread Pool max thread count is 0. Cannot cache binder as linkToDeath cannot be implemented. serviceName: accessibility
02-08 21:07:32.420  4564  4564 W libbinder.BackendUnifiedServiceManager: Thread Pool max thread count is 0. Cannot cache binder as linkToDeath cannot be implemented. serviceName: account
02-08 21:07:32.421  4564  4564 W libbinder.BackendUnifiedServiceManager: Thread Pool max thread count is 0. Cannot cache binder as linkToDeath cannot be implemented. serviceName: activity
02-08 21:07:32.422  4564  4564 W libbinder.BackendUnifiedServiceManager: Thread Pool max thread count is 0. Cannot cache binder as linkToDeath cannot be implemented. serviceName: activity_task
02-08 21:07:32.424  4564  4564 W libbinder.BackendUnifiedServiceManager: Thread Pool max thread count is 0. Cannot cache binder as linkToDeath cannot be implemented. serviceName: adb
02-08 21:07:32.425  4564  4564 W libbinder.BackendUnifiedServiceManager: Thread Pool max thread count is 0. Cannot cache binder as linkToDeath cannot be implemented. serviceName: adservices_manager
02-08 21:07:32.431  4564  4564 W libbinder.BackendUnifiedServiceManager: Thread Pool max thread count is 0. Cannot cache binder as linkToDeath cannot be implemented. serviceName: advanced_protection
02-08 21:07:32.432  4564  4564 W libbinder.BackendUnifiedServiceManager: Thread Pool max thread count is 0. Cannot cache binder as linkToDeath cannot be implemented. serviceName: alarm
02-08 21:07:32.433  4564  4564 W libbinder.BackendUnifiedServiceManager: Thread Pool max thread count is 0. Cannot cache binder as linkToDeath cannot be implemented. serviceName: ambient_context
02-08 21:07:32.434  4564  4564 W libbinder.BackendUnifiedServiceManager: Thread Pool max thread count is 0. Cannot cache binder as linkToDeath cannot be implemented. serviceName: android.frameworks.cameraservice.service.ICameraService/default
02-08 21:07:32.435  4564  4564 W libbinder.BackendUnifiedServiceManager: Thread Pool max thread count is 0. Cannot cache binder as linkToDeath cannot be implemented. serviceName: android.frameworks.devicestate.IDeviceStateService/default
02-08 21:07:32.437  4564  4564 W libbinder.BackendUnifiedServiceManager: Thread Pool max thread count is 0. Cannot cache binder as linkToDeath cannot be implemented. serviceName: android.frameworks.location.altitude.IAltitudeService/default
02-08 21:07:32.439  4564  4564 W libbinder.BackendUnifiedServiceManager: Thread Pool max thread count is 0. Cannot cache binder as linkToDeath cannot be implemented. serviceName: android.frameworks.sensorservice.ISensorManager/default
02-08 21:07:32.441  4564  4564 W libbinder.BackendUnifiedServiceManager: Thread Pool max thread count is 0. Cannot cache binder as linkToDeath cannot be implemented. serviceName: android.frameworks.stats.IStats/default
02-08 21:07:32.441  4564  4564 W libbinder.BackendUnifiedServiceManager: Thread Pool max thread count is 0. Cannot cache binder as linkToDeath cannot be implemented. serviceName: android.frameworks.vibrator.IVibratorControlService/default
02-08 21:07:32.443  4564  4564 W libbinder.BackendUnifiedServiceManager: Thread Pool max thread count is 0. Cannot cache binder as linkToDeath cannot be implemented. serviceName: android.hardware.authsecret.IAuthSecret/default
02-08 21:07:32.446  4564  4564 E libbinder.IPCThreadState: Binder transaction failure. id: 177131, cmd: BR_FAILED_REPLY (29201), error: -1 (Operation not permitted)
02-08 21:07:32.441  4564  4564 W service : type=1400 audit(0.0:118): avc:  denied  { call } for  scontext=u:r:shell:s0 tcontext=u:r:hal_authsecret_default:s0 tclass=binder permissive=0
02-08 21:07:32.445  4564  4564 W service : type=1400 audit(0.0:119): avc:  denied  { call } for  scontext=u:r:shell:s0 tcontext=u:r:hal_fingerprint_default:s0 tclass=binder permissive=0
02-08 21:07:32.452  4564  4564 E libbinder.IPCThreadState: Binder transaction failure. id: 177136, cmd: BR_FAILED_REPLY (29201), error: -1 (Operation not permitted)
02-08 21:07:32.453  4564  4564 W libbinder.BackendUnifiedServiceManager: Thread Pool max thread count is 0. Cannot cache binder as linkToDeath cannot be implemented. serviceName: android.hardware.bluetooth.IBluetoothHci/default
02-08 21:07:32.449  4564  4564 W service : type=1400 audit(0.0:120): avc:  denied  { call } for  scontext=u:r:shell:s0 tcontext=u:r:hal_bluetooth_default:s0 tclass=binder permissive=0
02-08 21:07:32.457  4564  4564 E libbinder.IPCThreadState: Binder transaction failure. id: 177140, cmd: BR_FAILED_REPLY (29201), error: -1 (Operation not permitted)
02-08 21:07:32.458  4564  4564 W libbinder.BackendUnifiedServiceManager: Thread Pool max thread count is 0. Cannot cache binder as linkToDeath cannot be implemented. serviceName: android.hardware.bluetooth.audio.IBluetoothAudioProviderFactory/default
02-08 21:07:32.453  4564  4564 W service : type=1400 audit(0.0:121): avc:  denied  { call } for  scontext=u:r:shell:s0 tcontext=u:r:hal_audio_default:s0 tclass=binder permissive=0
02-08 21:07:32.464  4564  4564 E libbinder.IPCThreadState: Binder transaction failure. id: 177144, cmd: BR_FAILED_REPLY (29201), error: -1 (Operation not permitted)
02-08 21:07:32.465  4564  4564 W libbinder.BackendUnifiedServiceManager: Thread Pool max thread count is 0. Cannot cache binder as linkToDeath cannot be implemented. serviceName: android.hardware.bluetooth.offload.leaudio.IHciProxy/default
02-08 21:07:32.461  4564  4564 W service : type=1400 audit(0.0:122): avc:  denied  { call } for  scontext=u:r:shell:s0 tcontext=u:r:hal_bluetooth_default:s0 tclass=binder permissive=0
02-08 21:07:32.470  4564  4564 E libbinder.IPCThreadState: Binder transaction failure. id: 177149, cmd: BR_FAILED_REPLY (29201), error: -1 (Operation not permitted)
02-08 21:07:32.472  4564  4564 W libbinder.BackendUnifiedServiceManager: Thread Pool max thread count is 0. Cannot cache binder as linkToDeath cannot be implemented. serviceName: android.hardware.camera.provider.ICameraProvider/internal/0
02-08 21:07:32.472  4564  4564 E libbinder.IPCThreadState: Binder transaction failure. id: 177153, cmd: BR_FAILED_REPLY (29201), error: -1 (Operation not permitted)
02-08 21:07:32.472  4564  4564 W libbinder.BackendUnifiedServiceManager: Thread Pool max thread count is 0. Cannot cache binder as linkToDeath cannot be implemented. serviceName: android.hardware.camera.provider.ICameraProvider/internal/1
02-08 21:07:32.473  4564  4564 E libbinder.IPCThreadState: Binder transaction failure. id: 177157, cmd: BR_FAILED_REPLY (29201), error: -1 (Operation not permitted)
02-08 21:07:32.469  4564  4564 W service : type=1400 audit(0.0:123): avc:  denied  { call } for  scontext=u:r:shell:s0 tcontext=u:r:hal_camera_default:s0 tclass=binder permissive=0
02-08 21:07:32.473  4564  4564 W libbinder.BackendUnifiedServiceManager: Thread Pool max thread count is 0. Cannot cache binder as linkToDeath cannot be implemented. serviceName: android.hardware.cas.IMediaCasService/default
02-08 21:07:32.469  4564  4564 W service : type=1400 audit(0.0:124): avc:  denied  { call } for  scontext=u:r:shell:s0 tcontext=u:r:hal_camera_default:s0 tclass=binder permissive=0
02-08 21:07:32.482  4564  4564 W libbinder.BackendUnifiedServiceManager: Thread Pool max thread count is 0. Cannot cache binder as linkToDeath cannot be implemented. serviceName: android.hardware.contexthub.IContextHub/default
02-08 21:07:32.483  4564  4564 E libbinder.IPCThreadState: Binder transaction failure. id: 177167, cmd: BR_FAILED_REPLY (29201), error: -1 (Operation not permitted)
02-08 21:07:32.484  4564  4564 W libbinder.BackendUnifiedServiceManager: Thread Pool max thread count is 0. Cannot cache binder as linkToDeath cannot be implemented. serviceName: android.hardware.drm.IDrmFactory/widevine
02-08 21:07:32.486  4564  4564 W libbinder.BackendUnifiedServiceManager: Thread Pool max thread count is 0. Cannot cache binder as linkToDeath cannot be implemented. serviceName: android.hardware.gatekeeper.IGatekeeper/default
02-08 21:07:32.477  4564  4564 W service : type=1400 audit(0.0:125): avc:  denied  { call } for  scontext=u:r:shell:s0 tcontext=u:r:hal_contexthub_default:s0 tclass=binder permissive=0
02-08 21:07:32.489  4564  4564 E libbinder.IPCThreadState: Binder transaction failure. id: 177176, cmd: BR_FAILED_REPLY (29201), error: -1 (Operation not permitted)
02-08 21:07:32.490  4564  4564 E libbinder.IPCThreadState: Binder transaction failure. id: 177180, cmd: BR_FAILED_REPLY (29201), error: -1 (Operation not permitted)
02-08 21:07:32.492  4564  4564 W libbinder.BackendUnifiedServiceManager: Thread Pool max thread count is 0. Cannot cache binder as linkToDeath cannot be implemented. serviceName: android.hardware.graphics.allocator.IAllocator/default
