02-08 21:06:23.337  4459  4459 W libbinder.BackendUnifiedServiceManager: Thread Pool max thread count is 0. Cannot cache binder as linkToDeath cannot be implemented. serviceName: package
02-08 21:06:23.371  2657  2664 I artd    : GetBestInfo: odex next to the dex file (/data/app/~~-CrpseCBRADVl6-Y0-LgrA==/com.google.android.gms-GuPw61cLjAQxw4ZiZs3fmA==/oat/x86_64/base.odex) is kOatUpToDate with filter 'speed-profile' executable 'false'
02-08 21:06:23.372  2657  2664 I artd    : GetBestInfo: odex next to the dex file (/data/app/~~-CrpseCBRADVl6-Y0-LgrA==/com.google.android.gms-GuPw61cLjAQxw4ZiZs3fmA==/oat/x86_64/split_AdsDynamite_installtime.odex) is kOatUpToDate with filter 'speed' executable 'false'
02-08 21:06:23.374  2657  2664 I artd    : GetBestInfo: odex next to the dex file (/data/app/~~-CrpseCBRADVl6-Y0-LgrA==/com.google.android.gms-GuPw61cLjAQxw4ZiZs3fmA==/oat/x86_64/split_CronetDynamite_installtime.odex) is kOatUpToDate with filter 'speed-profile' executable 'false'
02-08 21:06:23.375  2657  2664 I artd    : GetBestInfo: odex next to the dex file (/data/app/~~-CrpseCBRADVl6-Y0-LgrA==/com.google.android.gms-GuPw61cLjAQxw4ZiZs3fmA==/oat/x86_64/split_DynamiteLoader_installtime.odex) is kOatUpToDate with filter 'speed' executable 'false'
02-08 21:06:23.376  2657  2664 I artd    : GetBestInfo: odex next to the dex file (/data/app/~~-CrpseCBRADVl6-Y0-LgrA==/com.google.android.gms-GuPw61cLjAQxw4ZiZs3fmA==/oat/x86_64/split_DynamiteModulesA_installtime.odex) is kOatUpToDate with filter 'speed' executable 'false'
02-08 21:06:23.378  2657  2664 I artd    : GetBestInfo: odex next to the dex file (/data/app/~~-CrpseCBRADVl6-Y0-LgrA==/com.google.android.gms-GuPw61cLjAQxw4ZiZs3fmA==/oat/x86_64/split_DynamiteModulesC_installtime.odex) is kOatUpToDate with filter 'speed' executable 'false'
02-08 21:06:23.379  2657  2664 I artd    : GetBestInfo: odex next to the dex file (/data/app/~~-CrpseCBRADVl6-Y0-LgrA==/com.google.android.gms-GuPw61cLjAQxw4ZiZs3fmA==/oat/x86_64/split_GoogleCertificates_installtime.odex) is kOatUpToDate with filter 'speed' executable 'false'
02-08 21:06:23.380  2657  2664 I artd    : GetBestInfo: odex next to the dex file (/data/app/~~-CrpseCBRADVl6-Y0-LgrA==/com.google.android.gms-GuPw61cLjAQxw4ZiZs3fmA==/oat/x86_64/split_MapsDynamite_installtime.odex) is kOatUpToDate with filter 'speed' executable 'false'
02-08 21:06:23.382  2657  2664 I artd    : GetBestInfo: odex next to the dex file (/data/app/~~-CrpseCBRADVl6-Y0-LgrA==/com.google.android.gms-GuPw61cLjAQxw4ZiZs3fmA==/oat/x86_64/split_MeasurementDynamite_installtime.odex) is kOatUpToDate with filter 'speed' executable 'false'
02-08 21:06:23.383  2657  2664 I artd    : GetBestInfo: odex next to the dex file (/data/app/~~-CrpseCBRADVl6-Y0-LgrA==/com.google.android.gms-GuPw61cLjAQxw4ZiZs3fmA==/oat/x86_64/split_all_locale_splits.odex) is kOatUpToDate with filter 'speed' executable 'false'
02-08 21:06:23.384  2657  2664 I artd    : GetBestInfo: /data/user_de/0/com.google.android.gms/app_chimera/m/0000000c/dl-MlkitBarcodeUi.optional_253434100800.apk has no usable artifacts
02-08 21:06:23.386  2657  2664 I artd    : GetBestInfo: /data/user_de/0/com.google.android.gms/app_chimera/m/0000000f/dl-Appsearch.optional_260235100800.apk has no usable artifacts
02-08 21:06:23.386  2657  2664 I artd    : GetBestInfo: /data/user_de/0/com.google.android.gms/app_chimera/m/00000001/CronetDynamite.apk has no usable artifacts
02-08 21:06:23.387  2657  2664 I artd    : GetBestInfo: /data/user_de/0/com.google.android.gms/app_chimera/m/00000002/DynamiteLoader.apk has no usable artifacts
02-08 21:06:23.388  2657  2664 I artd    : GetBestInfo: /data/user_de/0/com.google.android.gms/app_chimera/m/0000000d/dl-VisionOcr.optional_253434100000.apk has no usable artifacts
02-08 21:06:23.388  2657  2664 I artd    : GetBestInfo: /data/user_de/0/com.google.android.gms/app_chimera/m/00000005/GoogleCertificates.apk has no usable artifacts
02-08 21:06:23.389  2657  2664 I artd    : GetBestInfo: vdex next to the dex file (/data/user/0/com.google.android.gms/app_dg_cache/CF98DA544914DD75038B6CE6DBC852B6C43EC876/oat/x86_64/the.vdex) is kOatUpToDate with filter 'verify' executable 'false'
02-08 21:06:23.391  2657  2664 I artd    : GetBestInfo: /data/user_de/0/com.google.android.gms/app_chimera/m/0000000b/dl-MlkitOcrCommon.optional_253434100800.apk has no usable artifacts
02-08 21:06:23.392  2657  2664 I artd    : GetBestInfo: /data/user_de/0/com.google.android.gms/app_chimera/m/00000008/dl-TfliteDynamiteDynamite.integ_252130102100800.apk has no usable artifacts
02-08 21:06:23.393  2657  2664 I artd    : GetBestInfo: /data/user_de/0/com.google.android.gms/app_chimera/m/00000007/MeasurementDynamite.apk has no usable artifacts
02-08 21:06:23.393  2657  2664 I artd    : GetBestInfo: /data/user_de/0/com.google.android.gms/app_chimera/m/00000011/dl-MlkitBarcodeUi.optional_260235100800.apk has no usable artifacts
02-08 21:06:23.395  2657  2664 I artd    : GetBestInfo: /data/user_de/0/com.google.android.gms/app_chimera/m/00000009/dl-Appsearch.optional_253434100800.apk has no usable artifacts
02-08 21:06:24.807   835  1353 D OomAdjuster: Not killing cached processes
02-08 21:06:24.820   835  1775 E TaskPersister: File error accessing recents directory (directory doesn't exist?).
02-08 21:06:25.013   835   858 D WindowOnBackDispatcher: setTopOnBackInvokedCallback (unwrapped): null
02-08 21:06:25.013   835   858 D CoreBackPreview: Window{6101b61 u0 Application Error: com.yaruchyk.wellbeingdashboard}: Setting back callback null
02-08 21:06:25.014   835  2063 W ActivityTaskManager: ProcessRecord{d84d269 4432:com.yaruchyk.wellbeingdashboard/u0a227} is removed with pending start ActivityRecord{82094358 u0 com.yaruchyk.wellbeingdashboard/.MainActivity t19}
02-08 21:06:25.016   835  1919 W AS.PlaybackActivityMon: No piid assigned for invalid/internal port id 15
02-08 21:06:25.017  1094  1195 V WindowManagerShell: Transition requested (#16): android.os.BinderProxy@1924cc4 TransitionRequestInfo { type = CLOSE, triggerTask = TaskInfo{userId=0 taskId=19 effectiveUid=10227 displayId=0 isRunning=false baseIntent=Intent { flg=0x10100000 cmp=com.yaruchyk.wellbeingdashboard/.MainActivity } baseActivity=null topActivity=null origActivity=null realActivity=ComponentInfo{com.yaruchyk.wellbeingdashboard/com.yaruchyk.wellbeingdashboard.MainActivity} numActivities=0 lastActiveTime=218045 supportsMultiWindow=true resizeMode=1 isResizeable=true minWidth=-1 minHeight=-1 defaultMinSize=220 token=WCT{android.os.BinderProxy@476942d} topActivityType=1 pictureInPictureParams=null shouldDockBigOverlays=false launchIntoPipHostTaskId=-1 lastParentTaskIdBeforePip=-1 displayCutoutSafeInsets=Rect(0, 0 - 0, 0) topActivityInfo=null launchCookies=[] positionInParent=Point(0, 0) parentTaskId=-1 isFocused=false isVisible=true isVisibleRequested=true isTopActivityNoDisplay=false isSleeping=false locusId=null displayAreaFeatureId=1 isTopActivityTransparent=false isActivityStackTransparent=true lastNonFullscreenBounds=null capturedLink=null capturedLinkTimestamp=0 requestedVisibleTypes=503 topActivityRequestOpenInBrowserEducationTimestamp=0 appCompatTaskInfo=AppCompatTaskInfo { topActivityInSizeCompat=false isLeafTask= true eligibleForLetterboxEducation= false isLetterboxEducationEnabled= false isLetterboxDoubleTapEnabled= false eligibleForUserAspectRatioButton= false topActivityBoundsLetterboxed= false isFromLetterboxDoubleTap= false topActivityLetterboxVerticalPosition= -1 topActivityLetterboxHorizontalPosition= -1 topActivityLetterboxWidth=-1 topActivityLetterboxHeight=-1 topActivityAppBounds=Rect(0, 0 - 0, 0) isUserFullscreenOverrideEnabled=false isSystemFullscreenOverrideEnabled=false hasMinAspectRatioOverride=false topActivityLetterboxBounds=null cameraCompatTaskInfo=CameraCompatTaskInfo { cameraCompatMode=undefinedundefined} topNonResizableActivityAspectRatio=-1.0} topActivityMainWindowFrame=null isAppBubble=false}, pipChange = null, remoteTransition = null, displayChange = null, requestedLocation = null, userChange = null, windowingLayerChange = null, flags = 0, debugId = 16 }
02-08 21:06:25.017  1094  1195 V ShellDesktopMode: DesktopTasksController: handleRequest request=TransitionRequestInfo { type = CLOSE, triggerTask = TaskInfo{userId=0 taskId=19 effectiveUid=10227 displayId=0 isRunning=false baseIntent=Intent { flg=0x10100000 cmp=com.yaruchyk.wellbeingdashboard/.MainActivity } baseActivity=null topActivity=null origActivity=null realActivity=ComponentInfo{com.yaruchyk.wellbeingdashboard/com.yaruchyk.wellbeingdashboard.MainActivity} numActivities=0 lastActiveTime=218045 supportsMultiWindow=true resizeMode=1 isResizeable=true minWidth=-1 minHeight=-1 defaultMinSize=220 token=WCT{android.os.BinderProxy@476942d} topActivityType=1 pictureInPictureParams=null shouldDockBigOverlays=false launchIntoPipHostTaskId=-1 lastParentTaskIdBeforePip=-1 displayCutoutSafeInsets=Rect(0, 0 - 0, 0) topActivityInfo=null launchCookies=[] positionInParent=Point(0, 0) parentTaskId=-1 isFocused=false isVisible=true isVisibleRequested=true isTopActivityNoDisplay=false isSleeping=false locusId=null displayAreaFeatureId=1 isTopActivityTransparent=false isActivityStackTransparent=true lastNonFullscreenBounds=null capturedLink=null capturedLinkTimestamp=0 requestedVisibleTypes=503 topActivityRequestOpenInBrowserEducationTimestamp=0 appCompatTaskInfo=AppCompatTaskInfo { topActivityInSizeCompat=false isLeafTask= true eligibleForLetterboxEducation= false isLetterboxEducationEnabled= false isLetterboxDoubleTapEnabled= false eligibleForUserAspectRatioButton= false topActivityBoundsLetterboxed= false isFromLetterboxDoubleTap= false topActivityLetterboxVerticalPosition= -1 topActivityLetterboxHorizontalPosition= -1 topActivityLetterboxWidth=-1 topActivityLetterboxHeight=-1 topActivityAppBounds=Rect(0, 0 - 0, 0) isUserFullscreenOverrideEnabled=false isSystemFullscreenOverrideEnabled=false hasMinAspectRatioOverride=false topActivityLetterboxBounds=null cameraCompatTaskInfo=CameraCompatTaskInfo { cameraCompatMode=undefinedundefined} topNonResizableActivityAspectRatio=-1.0} topActivityMainWindowFrame=null isAppBubble=false}, pipChange = null, remoteTransition = null, displayChange = null, requestedLocation = null, userChange = null, windowingLayerChange = null, flags = 0, debugId = 16 }
02-08 21:06:25.017  1094  1195 V ShellDesktopMode: DesktopTasksController: skipping handleRequest reason=triggerTask's display doesn't support desktop mode
02-08 21:06:25.018   835  4452 D HWUI    : endAllActiveAnimators on 0x72f44c24c640 (RippleDrawable) with handle 0x72f52c3fd880
02-08 21:06:25.025  1232  1232 D BaseActivity: Launcher flags updated: [state_started] +[state_started]
02-08 21:06:25.026  1232  1232 D BaseActivity: Launcher flags updated: [state_started|state_resumed|state_user_active] +[state_resumed|state_user_active]
02-08 21:06:25.026   835  2063 V WindowManager: Defer transition id=16 for TaskFragmentTransaction=android.os.Binder@6199c4d
02-08 21:06:25.027  1232  1232 D BaseActivity: Launcher flags updated: [state_started|state_resumed|state_deferred_resumed|state_user_active] +[state_deferred_resumed]
02-08 21:06:25.027  1232  1232 D StatsLog: LAUNCHER_ONRESUME
02-08 21:06:25.029   835  2063 V WindowManager: deferTransitionReady deferReadyDepth=1 stack=com.android.server.wm.TransitionController.deferTransitionReady:1061 com.android.server.wm.TaskFragmentOrganizerController$TaskFragmentOrganizerState.dispatchTransaction:517 com.android.server.wm.TaskFragmentOrganizerController.dispatchPendingEvents:1259 com.android.server.wm.TaskFragmentOrganizerController.dispatchPendingEvents:1228 com.android.server.wm.RootWindowContainer.performSurfacePlacement:777 
02-08 21:06:25.031  1232  1232 D NexusLauncherModelDelegate: notifySmartspaceEvent: SmartspaceTargetEvent{mSmartspaceTarget=null, mSmartspaceActionId='null', mEventType=6}
02-08 21:06:25.032  1094  1195 D WindowManagerShell: setLauncherKeepClearAreaHeight: visible=true, height=495
02-08 21:06:25.036   835  1049 D BackgroundInstallControlService: Package event received: 0
02-08 21:06:25.036   835  1049 D BackgroundInstallControlService: Package event received: 0
02-08 21:06:25.037   835  2063 I ActivityManager: Killing 4432:com.yaruchyk.wellbeingdashboard/u0a227 (adj 0): crash
02-08 21:06:25.044  1232  1292 D QuickstepModelDelegate: notifyAppTargetEvent action=1 launchLocation=workspace/0/[-1,-1]/[1,1]
02-08 21:06:25.045  1094  1426 D WallpaperService: onVisibilityChanged(true): com.android.systemui.wallpapers.ImageWallpaper$CanvasEngine@10ea334
02-08 21:06:25.050  1232  1232 D BaseDepthController: setSurface:
02-08 21:06:25.050  1232  1232 D BaseDepthController: 	mWaitingOnSurfaceValidity: false
02-08 21:06:25.050  1232  1232 D BaseDepthController: 	mBaseSurface: Surface(name=com.google.android.apps.nexuslauncher/com.google.android.apps.nexuslauncher.NexusLauncherActivity#208)/@0xea042bb
02-08 21:06:25.051  1232  1232 V BaseDepthController: Applying blur: 0 to Surface(name=com.google.android.apps.nexuslauncher/com.google.android.apps.nexuslauncher.NexusLauncherActivity#208)/@0xea042bb applyImmediately: false
02-08 21:06:25.051  1232  1232 D BaseDepthController: shouldBlurWorkspace: false targetState: Normal currentStableState: Normal mCurrentBlur: 0 mLauncher.getDepthBlurTargets(): [com.android.launcher3.Workspace{63393d8 V.ED..... .......D 0,0-1080,2400 #7f0a049d app:id/workspace}, com.android.launcher3.Hotseat{c11f331 V.ED..... ......ID 0,1905-1080,2400 #7f0a01ee app:id/hotseat}]
02-08 21:06:25.051   835   926 W UsageStatsService: Unexpected activity event reported! (com.yaruchyk.wellbeingdashboard/com.yaruchyk.wellbeingdashboard.MainActivity event : 23 instanceId : 233104023)
02-08 21:06:25.054  1694  1951 I AiAiEcho: Predicting[0]:  [CONTEXT sampling_count=5 ]
02-08 21:06:25.055  1694  1951 I AiAiEcho: EchoTargets: 
02-08 21:06:25.055  1694  1951 I AiAiEcho: Filtered by AiAi flag check: 
02-08 21:06:25.055  1694  1951 I AiAiEcho: [CONTEXT ratelimit_period="10 SECONDS" ]
02-08 21:06:25.057  3999  3999 I adbd    : Remote process closed the socket (on MSG_PEEK)
02-08 21:06:25.057  1694  1951 I AiAiEcho: #remoteViewsTwiddler: feature disabled.
02-08 21:06:25.059   582   582 I Zygote  : Process 4432 exited due to signal 9 (Killed)
02-08 21:06:25.062   835  2063 W libbinder.Binder: Binder transaction to android.app.IActivityManager code 16 took 3166ms. Data bytes: 5824 Reply bytes: 4 Flags: 18
02-08 21:06:25.062   835   860 V WindowManager: Unknown focus tokens, dropping reportFocusChanged
02-08 21:06:25.064   835  1353 V ActivityManager: Got obituary of 4432:com.yaruchyk.wellbeingdashboard
02-08 21:06:25.066  1694  1951 I AiAiEcho: #postPredictionTargets: Sending updates to UISurface home with targets# 0 (types=[])
02-08 21:06:25.072   835   869 I libprocessgroup: Removed cgroup /sys/fs/cgroup/apps/uid_10227/pid_4432
02-08 21:06:25.189   835  1833 V WindowManager: Continue transition id=16 for TaskFragmentTransaction=android.os.Binder@6199c4d
02-08 21:06:25.189   653   671 I libbinder.BpBinder: onLastStrongRef automatically unlinking death recipients for descriptor: '(not cached)'
02-08 21:06:25.189   835  1833 V WindowManager: continueTransitionReady deferReadyDepth=0 stack=com.android.server.wm.TransitionController.continueTransitionReady:1071 com.android.server.wm.TaskFragmentOrganizerController$TaskFragmentOrganizerState.onTransactionFinished:546 com.android.server.wm.TaskFragmentOrganizerController.onTransactionHandled:740 android.window.ITaskFragmentOrganizerController$Stub.onTransact:225 android.os.Binder.execTransactInternal:1473 
02-08 21:06:25.193  1094  1104 V WindowManagerShell: onTransitionReady(transaction=3586297693463)
02-08 21:06:25.193  1094  1195 V WindowManagerShell: onTransitionReady (#16) android.os.BinderProxy@1924cc4: {id=16 t=CLOSE f=0x0 trk=0 r=[0@Point(0, 0)] c=[
02-08 21:06:25.193  1094  1195 V WindowManagerShell:         {m=TO_FRONT f=SHOW_WALLPAPER|MOVE_TO_TOP leash=Surface(name=Task=1#44)/@0x24697ad sb=Rect(0, 0 - 1080, 2400) eb=Rect(0, 0 - 1080, 2400) epz=Point(1080, 2400) d=0 taskParent=-1 winMode=1 userId=0},
02-08 21:06:25.193  1094  1195 V WindowManagerShell:         {m=CLOSE f=NONE leash=Surface(name=Task=19#189)/@0x7137ae2 sb=Rect(0, 0 - 1080, 2400) eb=Rect(0, 0 - 1080, 2400) epz=Point(1080, 2400) d=0 taskParent=-1 winMode=1 userId=0},
02-08 21:06:25.193  1094  1195 V WindowManagerShell:         {m=TO_FRONT f=IS_WALLPAPER leash=Surface(name=WallpaperWindowToken{b422024}#60)/@0xf885e73 sb=Rect(0, 0 - 1080, 2400) eb=Rect(0, 0 - 1080, 2400) epz=Point(1080, 2400) d=0}
02-08 21:06:25.193  1094  1195 V WindowManagerShell:     ]}
02-08 21:06:25.193  1094  1195 V WindowManagerShell: Playing animation for (#16) android.os.BinderProxy@1924cc4@0
02-08 21:06:25.193  1094  1195 V ShellRecents: RecentsTransitionHandler.startAnimation: no controller found
02-08 21:06:25.193  1094  1195 V ShellDesktopMode: DesktopMixedTransitionHandler: No pending desktop transition
02-08 21:06:25.194  1094  1195 V WindowManagerShell: Transition doesn't have explicit remote, search filters for match for {id=16 t=CLOSE f=0x0 trk=0 r=[0@Point(0, 0)] c=[{m=TO_FRONT f=SHOW_WALLPAPER|MOVE_TO_TOP leash=Surface(name=Task=1#44)/@0x24697ad sb=Rect(0, 0 - 1080, 2400) eb=Rect(0, 0 - 1080, 2400) epz=Point(1080, 2400) d=0 taskParent=-1 winMode=1 userId=0},{m=CLOSE f=NONE leash=Surface(name=Task=19#189)/@0x7137ae2 sb=Rect(0, 0 - 1080, 2400) eb=Rect(0, 0 - 1080, 2400) epz=Point(1080, 2400) d=0 taskParent=-1 winMode=1 userId=0},{m=TO_FRONT f=IS_WALLPAPER leash=Surface(name=WallpaperWindowToken{b422024}#60)/@0xf885e73 sb=Rect(0, 0 - 1080, 2400) eb=Rect(0, 0 - 1080, 2400) epz=Point(1080, 2400) d=0}]}
02-08 21:06:25.194  1094  1195 V WindowManagerShell:  Checking filter Pair{{types=[] flags=0x0] notFlags=0x0 checks=[{atype=undefined independent=true modes=[CLOSE,TO_BACK] flags=IN_TASK_WITH_EMBEDDED_ACTIVITY mustBeTask=false order=ANY topActivity=null launchCookie=null taskFragmentToken=android.os.BinderProxy@cb4e122 windowingMode=undefined isCrossDisplayMove=false}]} RemoteTransition { remoteTransition = android.window.IRemoteTransition$Stub$Proxy@7e867b3, appThread = android.app.IApplicationThread$Stub$Proxy@4fee170, debugName = overlayBackTransition }}
02-08 21:06:25.194  1094  1195 V WindowManagerShell:  Checking filter Pair{{types=[] flags=0x0] notFlags=0x0 checks=[{atype=dream independent=true modes=[OPEN,TO_FRONT] flags=NONE mustBeTask=false order=ANY topActivity=null launchCookie=null windowingMode=undefined isCrossDisplayMove=false},{atype=home independent=true modes=[CLOSE,TO_BACK] flags=NONE mustBeTask=false order=ANY topActivity=null launchCookie=null windowingMode=undefined isCrossDisplayMove=false}]} RemoteTransition { remoteTransition = android.window.IRemoteTransition$Stub$Proxy@5d64ce9, appThread = android.app.IApplicationThread$Stub$Proxy@ce3ed6e, debugName = LauncherToDream }}
02-08 21:06:25.194  1094  1195 V WindowManagerShell:  Checking filter Pair{{types=[] flags=0x0] notFlags=0x100 checks=[{atype=home independent=true modes=[OPEN,TO_FRONT] flags=NONE mustBeTask=false order=TOP topActivity=ComponentInfo{com.google.android.apps.nexuslauncher/com.google.android.apps.nexuslauncher.NexusLauncherActivity} launchCookie=null windowingMode=undefined isCrossDisplayMove=false},{atype=standard independent=true modes=[CLOSE,TO_BACK] flags=NONE mustBeTask=false order=ANY topActivity=null launchCookie=null windowingMode=undefined isCrossDisplayMove=false},{NOT atype=undefined independent=true modes=[] flags=NONE mustBeTask=true order=ANY topActivity=null launchCookie=null customAnim=true windowingMode=undefined isCrossDisplayMove=false}]} RemoteTransition { remoteTransition = android.window.IRemoteTransition$Stub$Proxy@77cc0f, appThread = android.app.IApplicationThread$Stub$Proxy@5c8a49c, debugName = QuickstepLaunchHome }}
02-08 21:06:25.194  1094  1195 D RemoteTransitionHandler: Found filterPair{{types=[] flags=0x0] notFlags=0x100 checks=[{atype=home independent=true modes=[OPEN,TO_FRONT] flags=NONE mustBeTask=false order=TOP topActivity=ComponentInfo{com.google.android.apps.nexuslauncher/com.google.android.apps.nexuslauncher.NexusLauncherActivity} launchCookie=null windowingMode=undefined isCrossDisplayMove=false},{atype=standard independent=true modes=[CLOSE,TO_BACK] flags=NONE mustBeTask=false order=ANY topActivity=null launchCookie=null windowingMode=undefined isCrossDisplayMove=false},{NOT atype=undefined independent=true modes=[] flags=NONE mustBeTask=true order=ANY topActivity=null launchCookie=null customAnim=true windowingMode=undefined isCrossDisplayMove=false}]} RemoteTransition { remoteTransition = android.window.IRemoteTransition$Stub$Proxy@77cc0f, appThread = android.app.IApplicationThread$Stub$Proxy@5c8a49c, debugName = QuickstepLaunchHome }}
02-08 21:06:25.194  1094  1195 V WindowManagerShell:  Delegate animation for (#16) to RemoteTransition { remoteTransition = android.window.IRemoteTransition$Stub$Proxy@77cc0f, appThread = android.app.IApplicationThread$Stub$Proxy@5c8a49c, debugName = QuickstepLaunchHome }
02-08 21:06:25.197  1232  1232 D SsBaseTemplateCard: Passed-in item info is null
02-08 21:06:25.197  1232  1232 D SsBaseTemplateCard: Passed-in item info is null
02-08 21:06:25.197  1232  1232 D SsBaseTemplateCard: Passed-in item info is null
02-08 21:06:25.197  1232  1232 D SsBaseTemplateCard: Passed-in item info is null
02-08 21:06:25.197  1232  1232 I SsBaseTemplateCard: Secondary card pane is null
02-08 21:06:25.224  1232  1232 D LauncherStateManager: StateManager.createAtomicAnimation: fromState: Normal, toState: Normal, partial trace:
02-08 21:06:25.224  1232  1232 D LauncherStateManager: 	at com.android.quickstep.util.ScalingWorkspaceRevealAnim.<init>(go/retraceme f3a19d912c87c27267cfbc05ba0bc7b202ab72a6648bd76225f5f7e128d94583:54)
02-08 21:06:25.224  1232  1232 D LauncherStateManager: 	at com.android.launcher3.QuickstepTransitionManager.createWallpaperOpenAnimations(go/retraceme f3a19d912c87c27267cfbc05ba0bc7b202ab72a6648bd76225f5f7e128d94583:537)
02-08 21:06:25.224  1232  1232 D LauncherStateManager: 	at com.android.launcher3.QuickstepTransitionManager$WallpaperOpenLauncherAnimationRunner.onAnimationStart(go/retraceme f3a19d912c87c27267cfbc05ba0bc7b202ab72a6648bd76225f5f7e128d94583:96)
02-08 21:06:25.224  1232  1232 D AllAppsTransitionController: shouldProtectHeader: false skipScrim: true state: Normal stateManager.getState(): Normal
02-08 21:06:25.224  1232  1232 D KeyboardInsetsHandler: removePendingImeController: pendingImeController=null
02-08 21:06:25.224  1232  1232 V BaseDepthController: Applying blur: 0 to Surface(name=com.google.android.apps.nexuslauncher/com.google.android.apps.nexuslauncher.NexusLauncherActivity#208)/@0xea042bb applyImmediately: false
02-08 21:06:25.224  1232  1232 D BaseDepthController: shouldBlurWorkspace: false targetState: Normal currentStableState: Normal mCurrentBlur: 0 mLauncher.getDepthBlurTargets(): [com.android.launcher3.Workspace{63393d8 V.ED..... ......ID 0,0-1080,2400 #7f0a049d app:id/workspace}, com.android.launcher3.Hotseat{c11f331 V.ED..... ........ 0,1905-1080,2400 #7f0a01ee app:id/hotseat}]
02-08 21:06:25.224  1232  1232 V BaseDepthController: Applying blur: 0 to Surface(name=com.google.android.apps.nexuslauncher/com.google.android.apps.nexuslauncher.NexusLauncherActivity#208)/@0xea042bb applyImmediately: false
02-08 21:06:25.225  1232  1232 D BaseDepthController: shouldBlurWorkspace: false targetState: Normal currentStableState: Normal mCurrentBlur: 0 mLauncher.getDepthBlurTargets(): [com.android.launcher3.Workspace{63393d8 V.ED..... ......ID 0,0-1080,2400 #7f0a049d app:id/workspace}, com.android.launcher3.Hotseat{c11f331 V.ED..... ........ 0,1905-1080,2400 #7f0a01ee app:id/hotseat}]
02-08 21:06:25.225  1232  1232 D LauncherStateManager: StateManager.cancelAnimation: animation ongoing: false, partial trace:
02-08 21:06:25.225  1232  1232 D LauncherStateManager: 	at com.android.launcher3.statemanager.StateManager.setCurrentAnimation(go/retraceme f3a19d912c87c27267cfbc05ba0bc7b202ab72a6648bd76225f5f7e128d94583:18)
02-08 21:06:25.225  1232  1232 D LauncherStateManager: 	at com.android.launcher3.QuickstepTransitionManager.createWallpaperOpenAnimations(go/retraceme f3a19d912c87c27267cfbc05ba0bc7b202ab72a6648bd76225f5f7e128d94583:646)
02-08 21:06:25.225  1232  1232 D LauncherStateManager: 	at com.android.launcher3.QuickstepTransitionManager$WallpaperOpenLauncherAnimationRunner.onAnimationStart(go/retraceme f3a19d912c87c27267cfbc05ba0bc7b202ab72a6648bd76225f5f7e128d94583:96)
02-08 21:06:25.225  1232  1232 D b/311077782: LauncherAnimationRunner.setAnimation
02-08 21:06:25.225  1232  1232 V BaseDepthController: Applying blur: 0 to Surface(name=com.google.android.apps.nexuslauncher/com.google.android.apps.nexuslauncher.NexusLauncherActivity#208)/@0xea042bb applyImmediately: false
02-08 21:06:25.225  1232  1232 D BaseDepthController: shouldBlurWorkspace: false targetState: Normal currentStableState: Normal mCurrentBlur: 0 mLauncher.getDepthBlurTargets(): [com.android.launcher3.Workspace{63393d8 V.ED..... ......ID 0,0-1080,2400 #7f0a049d app:id/workspace}, com.android.launcher3.Hotseat{c11f331 V.ED..... ......ID 0,1905-1080,2400 #7f0a01ee app:id/hotseat}]
02-08 21:06:25.225  1232  1232 V BaseDepthController: Applying blur: 0 to Surface(name=com.google.android.apps.nexuslauncher/com.google.android.apps.nexuslauncher.NexusLauncherActivity#208)/@0xea042bb applyImmediately: false
02-08 21:06:25.225  1232  1232 D BaseDepthController: shouldBlurWorkspace: false targetState: Normal currentStableState: Normal mCurrentBlur: 0 mLauncher.getDepthBlurTargets(): [com.android.launcher3.Workspace{63393d8 V.ED..... ......ID 0,0-1080,2400 #7f0a049d app:id/workspace}, com.android.launcher3.Hotseat{c11f331 V.ED..... ......ID 0,1905-1080,2400 #7f0a01ee app:id/hotseat}]
02-08 21:06:25.226  1232  1232 V BaseDepthController: Applying blur: 0 to Surface(name=com.google.android.apps.nexuslauncher/com.google.android.apps.nexuslauncher.NexusLauncherActivity#208)/@0xea042bb applyImmediately: false
02-08 21:06:25.226  1232  1232 D BaseDepthController: shouldBlurWorkspace: false targetState: Normal currentStableState: Normal mCurrentBlur: 0 mLauncher.getDepthBlurTargets(): [com.android.launcher3.Workspace{63393d8 V.ED..... ......ID 0,0-1080,2400 #7f0a049d app:id/workspace}, com.android.launcher3.Hotseat{c11f331 V.ED..... ......ID 0,1905-1080,2400 #7f0a01ee app:id/hotseat}]
02-08 21:06:25.226  1232  1232 V BaseDepthController: Applying blur: 0 to Surface(name=com.google.android.apps.nexuslauncher/com.google.android.apps.nexuslauncher.NexusLauncherActivity#208)/@0xea042bb applyImmediately: false
02-08 21:06:25.226  1232  1232 D BaseDepthController: shouldBlurWorkspace: false targetState: Normal currentStableState: Normal mCurrentBlur: 0 mLauncher.getDepthBlurTargets(): [com.android.launcher3.Workspace{63393d8 V.ED..... ......ID 0,0-1080,2400 #7f0a049d app:id/workspace}, com.android.launcher3.Hotseat{c11f331 V.ED..... ......ID 0,1905-1080,2400 #7f0a01ee app:id/hotseat}]
02-08 21:06:25.226  1232  1232 V BaseDepthController: Applying blur: 0 to Surface(name=com.google.android.apps.nexuslauncher/com.google.android.apps.nexuslauncher.NexusLauncherActivity#208)/@0xea042bb applyImmediately: false
02-08 21:06:25.226  1232  1232 D BaseDepthController: shouldBlurWorkspace: false targetState: Normal currentStableState: Normal mCurrentBlur: 0 mLauncher.getDepthBlurTargets(): [com.android.launcher3.Workspace{63393d8 V.ED..... ......ID 0,0-1080,2400 #7f0a049d app:id/workspace}, com.android.launcher3.Hotseat{c11f331 V.ED..... ......ID 0,1905-1080,2400 #7f0a01ee app:id/hotseat}]
02-08 21:06:25.227   835   857 V WindowManager: Sent Transition (#16) createdAt=02-08 21:06:25.014 via request=TransitionRequestInfo { type = CLOSE, triggerTask = TaskInfo{userId=0 taskId=19 effectiveUid=10227 displayId=0 isRunning=false baseIntent=Intent { flg=0x10100000 cmp=com.yaruchyk.wellbeingdashboard/.MainActivity } baseActivity=null topActivity=null origActivity=null realActivity=ComponentInfo{com.yaruchyk.wellbeingdashboard/com.yaruchyk.wellbeingdashboard.MainActivity} numActivities=0 lastActiveTime=218045 supportsMultiWindow=true resizeMode=1 isResizeable=true minWidth=-1 minHeight=-1 defaultMinSize=220 token=WCT{RemoteToken{128ef79 Task{11b3099 #19 type=standard A=10227:com.yaruchyk.wellbeingdashboard}}} topActivityType=1 pictureInPictureParams=null shouldDockBigOverlays=false launchIntoPipHostTaskId=-1 lastParentTaskIdBeforePip=-1 displayCutoutSafeInsets=Rect(0, 0 - 0, 0) topActivityInfo=null launchCookies=[] positionInParent=Point(0, 0) parentTaskId=-1 isFocused=false isVisible=true isVisibleRequested=true isTopActivityNoDisplay=false isSleeping=false locusId=null displayAreaFeatureId=1 isTopActivityTransparent=false isActivityStackTransparent=true lastNonFullscreenBounds=null capturedLink=null capturedLinkTimestamp=0 requestedVisibleTypes=503 topActivityRequestOpenInBrowserEducationTimestamp=0 appCompatTaskInfo=AppCompatTaskInfo { topActivityInSizeCompat=false isLeafTask= true eligibleForLetterboxEducation= false isLetterboxEducationEnabled= false isLetterboxDoubleTapEnabled= false eligibleForUserAspectRatioButton= false topActivityBoundsLetterboxed= false isFromLetterboxDoubleTap= false topActivityLetterboxVerticalPosition= -1 topActivityLetterboxHorizontalPosition= -1 topActivityLetterboxWidth=-1 topActivityLetterboxHeight=-1 topActivityAppBounds=Rect(0, 0 - 0, 0) isUserFullscreenOverrideEnabled=false isSystemFullscreenOverrideEnabled=false hasMinAspectRatioOverride=false topActivityLetterboxBounds=null cameraCompatTaskInfo=CameraCompatTaskInfo { cameraCompatMode=undefinedundefined} topNonResizableActivityAspectRatio=-1.0} topActivityMainWindowFrame=null isAppBubble=false}, pipChange = null, remoteTransition = null, displayChange = null, requestedLocation = null, userChange = null, windowingLayerChange = null, flags = 0, debugId = 16 }
02-08 21:06:25.227   835   857 V WindowManager:     startWCT=WindowContainerTransaction { changes= {} hops= [] errorCallbackToken=null taskFragmentOrganizer=null }
02-08 21:06:25.227   835   857 V WindowManager:     info={id=16 t=CLOSE f=0x0 trk=0 r=[0@Point(0, 0)] c=[
02-08 21:06:25.227   835   857 V WindowManager:         {WCT{RemoteToken{536429a Task{dadb6d1 #1 type=home}}} m=TO_FRONT f=SHOW_WALLPAPER|MOVE_TO_TOP leash=Surface(name=Task=1#44)/@0x8ccf960 sb=Rect(0, 0 - 1080, 2400) eb=Rect(0, 0 - 1080, 2400) epz=Point(1080, 2400) d=0 taskParent=-1 winMode=1 userId=0},
02-08 21:06:25.227   835   857 V WindowManager:         {WCT{RemoteToken{128ef79 Task{11b3099 #19 type=standard A=10227:com.yaruchyk.wellbeingdashboard}}} m=CLOSE f=NONE leash=Surface(name=Task=19#189)/@0xe5b8d8f sb=Rect(0, 0 - 1080, 2400) eb=Rect(0, 0 - 1080, 2400) epz=Point(1080, 2400) d=0 taskParent=-1 winMode=1 userId=0},
02-08 21:06:25.227   835   857 V WindowManager:         {m=TO_FRONT f=IS_WALLPAPER leash=Surface(name=WallpaperWindowToken{b422024}#60)/@0x4a12963 sb=Rect(0, 0 - 1080, 2400) eb=Rect(0, 0 - 1080, 2400) epz=Point(1080, 2400) d=0}
02-08 21:06:25.227   835   857 V WindowManager:     ]}
02-08 21:06:25.227  1232  1292 I PluginActionManager[com.android.launcher3.action.PLUGIN_DYNAMIC_RESOURCE]: Found 0 plugins
02-08 21:06:25.228  1094  1195 V WindowManagerShell:  animated by com.android.wm.shell.transition.RemoteTransitionHandler@6006ecf
02-08 21:06:25.230  1232  1232 V BaseDepthController: Applying blur: 0 to Surface(name=com.google.android.apps.nexuslauncher/com.google.android.apps.nexuslauncher.NexusLauncherActivity#208)/@0xea042bb applyImmediately: false
02-08 21:06:25.230  1232  1232 D BaseDepthController: shouldBlurWorkspace: false targetState: Normal currentStableState: Normal mCurrentBlur: 0 mLauncher.getDepthBlurTargets(): [com.android.launcher3.Workspace{63393d8 V.ED..... ........ 0,0-1080,2400 #7f0a049d app:id/workspace}, com.android.launcher3.Hotseat{c11f331 V.ED..... .......D 0,1905-1080,2400 #7f0a01ee app:id/hotseat}]
02-08 21:06:25.236  1094  1195 D Bubbles : onLocusVisibilityChanged=Overview|DISABLED visible=true taskId=1
02-08 21:06:25.247  1232  1232 D BaseActivity: Launcher flags updated: [state_started|state_resumed|state_deferred_resumed|state_window_focused|state_user_active] +[state_window_focused]
02-08 21:06:25.255   835   961 I ImeTracker: com.google.android.apps.nexuslauncher:1f5c3c6e: onRequestHide at ORIGIN_SERVER reason HIDE_UNSPECIFIED_WINDOW fromUser false
02-08 21:06:25.258  1232  1232 D InsetsController: hide(ime())
02-08 21:06:25.258  1232  1232 I ImeTracker: com.google.android.apps.nexuslauncher:1f5c3c6e: onCancelled at PHASE_CLIENT_ALREADY_HIDDEN
02-08 21:06:25.260  1548  1548 I GoogleInputMethodService: GoogleInputMethodService.onFinishInput():2057 
02-08 21:06:25.262   835  1294 I ImeTracker: system_server:c612d2b3: onRequestHide at ORIGIN_SERVER reason IME_REQUESTED_CHANGED_LISTENER fromUser false
02-08 21:06:25.262  1548  1548 I Module  : DeviceLockedStatusModuleProvider$Module.updateDeviceLockedStatus():100 repeatCheckTimes = 0, locked = false
02-08 21:06:25.262   835   860 I ImeTracker: system_server:c612d2b3: onCancelled at PHASE_SERVER_SHOULD_HIDE
02-08 21:06:25.262  1548  1548 I GoogleInputMethodService: GoogleInputMethodService.onStartInput():1318 onStartInput(EditorInfo{EditorInfo{packageName=com.google.android.apps.nexuslauncher, inputType=0, inputTypeString=NULL, enableLearning=false, autoCorrection=false, autoComplete=false, imeOptions=0, privateImeOptions=null, actionName=UNSPECIFIED, actionLabel=null, initialSelStart=-1, initialSelEnd=-1, initialCapsMode=0, label=null, fieldId=0, fieldName=null, extras=null, hintText=null, hintLocales=[]}}, false)
02-08 21:06:25.263  1232  1232 V BaseDepthController: Applying blur: 0 to Surface(name=com.google.android.apps.nexuslauncher/com.google.android.apps.nexuslauncher.NexusLauncherActivity#208)/@0xea042bb applyImmediately: false
02-08 21:06:25.263  1232  1232 D BaseDepthController: shouldBlurWorkspace: false targetState: Normal currentStableState: Normal mCurrentBlur: 0 mLauncher.getDepthBlurTargets(): [com.android.launcher3.Workspace{63393d8 V.ED..... ........ 0,0-1080,2400 #7f0a049d app:id/workspace}, com.android.launcher3.Hotseat{c11f331 V.ED..... .......D 0,1905-1080,2400 #7f0a01ee app:id/hotseat}]
02-08 21:06:25.264  1548  1548 I Module  : DeviceLockedStatusModuleProvider$Module.updateDeviceLockedStatus():100 repeatCheckTimes = 1, locked = false
02-08 21:06:25.265   835  1833 W PackageConfigPersister: App-specific configuration not found for packageName: com.google.android.apps.nexuslauncher and userId: 0
02-08 21:06:25.280  1232  1232 V BaseDepthController: Applying blur: 0 to Surface(name=com.google.android.apps.nexuslauncher/com.google.android.apps.nexuslauncher.NexusLauncherActivity#208)/@0xea042bb applyImmediately: false
02-08 21:06:25.280  1232  1232 D BaseDepthController: shouldBlurWorkspace: false targetState: Normal currentStableState: Normal mCurrentBlur: 0 mLauncher.getDepthBlurTargets(): [com.android.launcher3.Workspace{63393d8 V.ED..... ........ 0,0-1080,2400 #7f0a049d app:id/workspace}, com.android.launcher3.Hotseat{c11f331 V.ED..... .......D 0,1905-1080,2400 #7f0a01ee app:id/hotseat}]
02-08 21:06:25.280   604   638 I RanchuHwc: logCompositionFallbackIfChanged: layer 32 CompositionType fallback from 2 to 1
02-08 21:06:25.281   604   638 I RanchuHwc: logCompositionFallbackIfChanged: layer 35 CompositionType fallback from 2 to 1
02-08 21:06:25.281   604   638 I RanchuHwc: logCompositionFallbackIfChanged: layer 36 CompositionType fallback from 2 to 1
02-08 21:06:25.298  1232  1232 V BaseDepthController: Applying blur: 0 to Surface(name=com.google.android.apps.nexuslauncher/com.google.android.apps.nexuslauncher.NexusLauncherActivity#208)/@0xea042bb applyImmediately: false
02-08 21:06:25.298  1232  1232 D BaseDepthController: shouldBlurWorkspace: false targetState: Normal currentStableState: Normal mCurrentBlur: 0 mLauncher.getDepthBlurTargets(): [com.android.launcher3.Workspace{63393d8 V.ED..... ........ 0,0-1080,2400 #7f0a049d app:id/workspace}, com.android.launcher3.Hotseat{c11f331 V.ED..... ........ 0,1905-1080,2400 #7f0a01ee app:id/hotseat}]
02-08 21:06:25.321  1232  1232 V BaseDepthController: Applying blur: 0 to Surface(name=com.google.android.apps.nexuslauncher/com.google.android.apps.nexuslauncher.NexusLauncherActivity#208)/@0xea042bb applyImmediately: false
02-08 21:06:25.321  1232  1232 D BaseDepthController: shouldBlurWorkspace: false targetState: Normal currentStableState: Normal mCurrentBlur: 0 mLauncher.getDepthBlurTargets(): [com.android.launcher3.Workspace{63393d8 V.ED..... ........ 0,0-1080,2400 #7f0a049d app:id/workspace}, com.android.launcher3.Hotseat{c11f331 V.ED..... ........ 0,1905-1080,2400 #7f0a01ee app:id/hotseat}]
02-08 21:06:25.337  1232  1232 V BaseDepthController: Applying blur: 0 to Surface(name=com.google.android.apps.nexuslauncher/com.google.android.apps.nexuslauncher.NexusLauncherActivity#208)/@0xea042bb applyImmediately: false
02-08 21:06:25.337  1232  1232 D BaseDepthController: shouldBlurWorkspace: false targetState: Normal currentStableState: Normal mCurrentBlur: 0 mLauncher.getDepthBlurTargets(): [com.android.launcher3.Workspace{63393d8 V.ED..... ........ 0,0-1080,2400 #7f0a049d app:id/workspace}, com.android.launcher3.Hotseat{c11f331 V.ED..... ........ 0,1905-1080,2400 #7f0a01ee app:id/hotseat}]
02-08 21:06:25.353  1232  1232 V BaseDepthController: Applying blur: 0 to Surface(name=com.google.android.apps.nexuslauncher/com.google.android.apps.nexuslauncher.NexusLauncherActivity#208)/@0xea042bb applyImmediately: false
02-08 21:06:25.353  1232  1232 D BaseDepthController: shouldBlurWorkspace: false targetState: Normal currentStableState: Normal mCurrentBlur: 0 mLauncher.getDepthBlurTargets(): [com.android.launcher3.Workspace{63393d8 V.ED..... ........ 0,0-1080,2400 #7f0a049d app:id/workspace}, com.android.launcher3.Hotseat{c11f331 V.ED..... ........ 0,1905-1080,2400 #7f0a01ee app:id/hotseat}]
02-08 21:06:25.371  1232  1232 V BaseDepthController: Applying blur: 0 to Surface(name=com.google.android.apps.nexuslauncher/com.google.android.apps.nexuslauncher.NexusLauncherActivity#208)/@0xea042bb applyImmediately: false
02-08 21:06:25.371  1232  1232 D BaseDepthController: shouldBlurWorkspace: false targetState: Normal currentStableState: Normal mCurrentBlur: 0 mLauncher.getDepthBlurTargets(): [com.android.launcher3.Workspace{63393d8 V.ED..... ........ 0,0-1080,2400 #7f0a049d app:id/workspace}, com.android.launcher3.Hotseat{c11f331 V.ED..... ........ 0,1905-1080,2400 #7f0a01ee app:id/hotseat}]
02-08 21:06:25.381  1232  1232 V BaseDepthController: Applying blur: 0 to Surface(name=com.google.android.apps.nexuslauncher/com.google.android.apps.nexuslauncher.NexusLauncherActivity#208)/@0xea042bb applyImmediately: false
02-08 21:06:25.381  1232  1232 D BaseDepthController: shouldBlurWorkspace: false targetState: Normal currentStableState: Normal mCurrentBlur: 0 mLauncher.getDepthBlurTargets(): [com.android.launcher3.Workspace{63393d8 V.ED..... ........ 0,0-1080,2400 #7f0a049d app:id/workspace}, com.android.launcher3.Hotseat{c11f331 V.ED..... ........ 0,1905-1080,2400 #7f0a01ee app:id/hotseat}]
02-08 21:06:25.404  1232  1232 V BaseDepthController: Applying blur: 0 to Surface(name=com.google.android.apps.nexuslauncher/com.google.android.apps.nexuslauncher.NexusLauncherActivity#208)/@0xea042bb applyImmediately: false
02-08 21:06:25.404  1232  1232 D BaseDepthController: shouldBlurWorkspace: false targetState: Normal currentStableState: Normal mCurrentBlur: 0 mLauncher.getDepthBlurTargets(): [com.android.launcher3.Workspace{63393d8 V.ED..... ........ 0,0-1080,2400 #7f0a049d app:id/workspace}, com.android.launcher3.Hotseat{c11f331 V.ED..... ........ 0,1905-1080,2400 #7f0a01ee app:id/hotseat}]
02-08 21:06:25.426  1094  1101 W System  : A resource failed to call release. 
02-08 21:06:25.426  1094  1101 W System  : A resource failed to call release. 
02-08 21:06:25.426  1094  1101 W System  : A resource failed to call release. 
02-08 21:06:25.426  1094  1101 W System  : A resource failed to call release. 
02-08 21:06:25.426  1094  1101 W System  : A resource failed to call release. 
02-08 21:06:25.426  1094  1101 W System  : A resource failed to call release. 
02-08 21:06:25.426  1094  1101 W System  : A resource failed to call release. 
02-08 21:06:25.426  1094  1101 W System  : A resource failed to call release. 
02-08 21:06:25.426  1232  1232 V BaseDepthController: Applying blur: 0 to Surface(name=com.google.android.apps.nexuslauncher/com.google.android.apps.nexuslauncher.NexusLauncherActivity#208)/@0xea042bb applyImmediately: false
02-08 21:06:25.426  1232  1232 D BaseDepthController: setEarlyWakeup: true
02-08 21:06:25.426  1232  1232 D BaseDepthController: shouldBlurWorkspace: false targetState: Normal currentStableState: Normal mCurrentBlur: 0 mLauncher.getDepthBlurTargets(): [com.android.launcher3.Workspace{63393d8 V.ED..... ........ 0,0-1080,2400 #7f0a049d app:id/workspace}, com.android.launcher3.Hotseat{c11f331 V.ED..... ........ 0,1905-1080,2400 #7f0a01ee app:id/hotseat}]
02-08 21:06:25.430   653   760 D libbinder.PermissionCache: checking android.permission.WAKEUP_SURFACE_FLINGER for uid=10191 => granted (267 us)
02-08 21:06:25.437  1232  1232 V BaseDepthController: Applying blur: 0 to Surface(name=com.google.android.apps.nexuslauncher/com.google.android.apps.nexuslauncher.NexusLauncherActivity#208)/@0xea042bb applyImmediately: false
02-08 21:06:25.437  1232  1232 D BaseDepthController: shouldBlurWorkspace: false targetState: Normal currentStableState: Normal mCurrentBlur: 0 mLauncher.getDepthBlurTargets(): [com.android.launcher3.Workspace{63393d8 V.ED..... ........ 0,0-1080,2400 #7f0a049d app:id/workspace}, com.android.launcher3.Hotseat{c11f331 V.ED..... ........ 0,1905-1080,2400 #7f0a01ee app:id/hotseat}]
02-08 21:06:25.450  1232  1232 V BaseDepthController: Applying blur: 0 to Surface(name=com.google.android.apps.nexuslauncher/com.google.android.apps.nexuslauncher.NexusLauncherActivity#208)/@0xea042bb applyImmediately: false
02-08 21:06:25.450  1232  1232 D BaseDepthController: shouldBlurWorkspace: false targetState: Normal currentStableState: Normal mCurrentBlur: 0 mLauncher.getDepthBlurTargets(): [com.android.launcher3.Workspace{63393d8 V.ED..... ........ 0,0-1080,2400 #7f0a049d app:id/workspace}, com.android.launcher3.Hotseat{c11f331 V.ED..... ........ 0,1905-1080,2400 #7f0a01ee app:id/hotseat}]
02-08 21:06:25.467  1232  1232 V BaseDepthController: Applying blur: 0 to Surface(name=com.google.android.apps.nexuslauncher/com.google.android.apps.nexuslauncher.NexusLauncherActivity#208)/@0xea042bb applyImmediately: false
02-08 21:06:25.467  1232  1232 D BaseDepthController: shouldBlurWorkspace: false targetState: Normal currentStableState: Normal mCurrentBlur: 0 mLauncher.getDepthBlurTargets(): [com.android.launcher3.Workspace{63393d8 V.ED..... ........ 0,0-1080,2400 #7f0a049d app:id/workspace}, com.android.launcher3.Hotseat{c11f331 V.ED..... ........ 0,1905-1080,2400 #7f0a01ee app:id/hotseat}]
02-08 21:06:25.483  1232  1232 V BaseDepthController: Applying blur: 0 to Surface(name=com.google.android.apps.nexuslauncher/com.google.android.apps.nexuslauncher.NexusLauncherActivity#208)/@0xea042bb applyImmediately: false
02-08 21:06:25.483  1232  1232 D BaseDepthController: shouldBlurWorkspace: false targetState: Normal currentStableState: Normal mCurrentBlur: 0 mLauncher.getDepthBlurTargets(): [com.android.launcher3.Workspace{63393d8 V.ED..... ........ 0,0-1080,2400 #7f0a049d app:id/workspace}, com.android.launcher3.Hotseat{c11f331 V.ED..... ........ 0,1905-1080,2400 #7f0a01ee app:id/hotseat}]
02-08 21:06:25.501  1232  1232 V BaseDepthController: Applying blur: 0 to Surface(name=com.google.android.apps.nexuslauncher/com.google.android.apps.nexuslauncher.NexusLauncherActivity#208)/@0xea042bb applyImmediately: false
02-08 21:06:25.502  1232  1232 D BaseDepthController: shouldBlurWorkspace: false targetState: Normal currentStableState: Normal mCurrentBlur: 0 mLauncher.getDepthBlurTargets(): [com.android.launcher3.Workspace{63393d8 V.ED..... ........ 0,0-1080,2400 #7f0a049d app:id/workspace}, com.android.launcher3.Hotseat{c11f331 V.ED..... ........ 0,1905-1080,2400 #7f0a01ee app:id/hotseat}]
02-08 21:06:25.513  1232  1232 V BaseDepthController: Applying blur: 0 to Surface(name=com.google.android.apps.nexuslauncher/com.google.android.apps.nexuslauncher.NexusLauncherActivity#208)/@0xea042bb applyImmediately: false
02-08 21:06:25.513  1232  1232 D BaseDepthController: shouldBlurWorkspace: false targetState: Normal currentStableState: Normal mCurrentBlur: 0 mLauncher.getDepthBlurTargets(): [com.android.launcher3.Workspace{63393d8 V.ED..... ........ 0,0-1080,2400 #7f0a049d app:id/workspace}, com.android.launcher3.Hotseat{c11f331 V.ED..... ........ 0,1905-1080,2400 #7f0a01ee app:id/hotseat}]
02-08 21:06:25.530  1232  1232 V BaseDepthController: Applying blur: 0 to Surface(name=com.google.android.apps.nexuslauncher/com.google.android.apps.nexuslauncher.NexusLauncherActivity#208)/@0xea042bb applyImmediately: false
02-08 21:06:25.531  1232  1232 D BaseDepthController: shouldBlurWorkspace: false targetState: Normal currentStableState: Normal mCurrentBlur: 0 mLauncher.getDepthBlurTargets(): [com.android.launcher3.Workspace{63393d8 V.ED..... ........ 0,0-1080,2400 #7f0a049d app:id/workspace}, com.android.launcher3.Hotseat{c11f331 V.ED..... ........ 0,1905-1080,2400 #7f0a01ee app:id/hotseat}]
02-08 21:06:25.532   835   990 I HalDevMgr: bestIfaceCreationProposal is null, requestIface=STA, existingIface=[name=wlan0 type=STA]
02-08 21:06:25.555  1232  1232 V BaseDepthController: Applying blur: 0 to Surface(name=com.google.android.apps.nexuslauncher/com.google.android.apps.nexuslauncher.NexusLauncherActivity#208)/@0xea042bb applyImmediately: false
02-08 21:06:25.555  1232  1232 D BaseDepthController: shouldBlurWorkspace: false targetState: Normal currentStableState: Normal mCurrentBlur: 0 mLauncher.getDepthBlurTargets(): [com.android.launcher3.Workspace{63393d8 V.ED..... ........ 0,0-1080,2400 #7f0a049d app:id/workspace}, com.android.launcher3.Hotseat{c11f331 V.ED..... ........ 0,1905-1080,2400 #7f0a01ee app:id/hotseat}]
02-08 21:06:25.566  1232  1232 V BaseDepthController: Applying blur: 0 to Surface(name=com.google.android.apps.nexuslauncher/com.google.android.apps.nexuslauncher.NexusLauncherActivity#208)/@0xea042bb applyImmediately: false
02-08 21:06:25.566  1232  1232 D BaseDepthController: shouldBlurWorkspace: false targetState: Normal currentStableState: Normal mCurrentBlur: 0 mLauncher.getDepthBlurTargets(): [com.android.launcher3.Workspace{63393d8 V.ED..... ........ 0,0-1080,2400 #7f0a049d app:id/workspace}, com.android.launcher3.Hotseat{c11f331 V.ED..... ........ 0,1905-1080,2400 #7f0a01ee app:id/hotseat}]
02-08 21:06:25.581  1232  1232 V BaseDepthController: Applying blur: 0 to Surface(name=com.google.android.apps.nexuslauncher/com.google.android.apps.nexuslauncher.NexusLauncherActivity#208)/@0xea042bb applyImmediately: false
02-08 21:06:25.581  1232  1232 D BaseDepthController: shouldBlurWorkspace: false targetState: Normal currentStableState: Normal mCurrentBlur: 0 mLauncher.getDepthBlurTargets(): [com.android.launcher3.Workspace{63393d8 V.ED..... ........ 0,0-1080,2400 #7f0a049d app:id/workspace}, com.android.launcher3.Hotseat{c11f331 V.ED..... ........ 0,1905-1080,2400 #7f0a01ee app:id/hotseat}]
02-08 21:06:25.597  1232  1232 V BaseDepthController: Applying blur: 0 to Surface(name=com.google.android.apps.nexuslauncher/com.google.android.apps.nexuslauncher.NexusLauncherActivity#208)/@0xea042bb applyImmediately: false
02-08 21:06:25.597  1232  1232 D BaseDepthController: shouldBlurWorkspace: false targetState: Normal currentStableState: Normal mCurrentBlur: 0 mLauncher.getDepthBlurTargets(): [com.android.launcher3.Workspace{63393d8 V.ED..... ........ 0,0-1080,2400 #7f0a049d app:id/workspace}, com.android.launcher3.Hotseat{c11f331 V.ED..... ........ 0,1905-1080,2400 #7f0a01ee app:id/hotseat}]
02-08 21:06:25.614  1232  1232 V BaseDepthController: Applying blur: 0 to Surface(name=com.google.android.apps.nexuslauncher/com.google.android.apps.nexuslauncher.NexusLauncherActivity#208)/@0xea042bb applyImmediately: false
02-08 21:06:25.614  1232  1232 D BaseDepthController: shouldBlurWorkspace: false targetState: Normal currentStableState: Normal mCurrentBlur: 0 mLauncher.getDepthBlurTargets(): [com.android.launcher3.Workspace{63393d8 V.ED..... ........ 0,0-1080,2400 #7f0a049d app:id/workspace}, com.android.launcher3.Hotseat{c11f331 V.ED..... ........ 0,1905-1080,2400 #7f0a01ee app:id/hotseat}]
02-08 21:06:25.630  1232  1232 V BaseDepthController: Applying blur: 0 to Surface(name=com.google.android.apps.nexuslauncher/com.google.android.apps.nexuslauncher.NexusLauncherActivity#208)/@0xea042bb applyImmediately: false
02-08 21:06:25.630  1232  1232 D BaseDepthController: shouldBlurWorkspace: false targetState: Normal currentStableState: Normal mCurrentBlur: 0 mLauncher.getDepthBlurTargets(): [com.android.launcher3.Workspace{63393d8 V.ED..... ........ 0,0-1080,2400 #7f0a049d app:id/workspace}, com.android.launcher3.Hotseat{c11f331 V.ED..... ........ 0,1905-1080,2400 #7f0a01ee app:id/hotseat}]
02-08 21:06:25.647  1232  1232 V BaseDepthController: Applying blur: 0 to Surface(name=com.google.android.apps.nexuslauncher/com.google.android.apps.nexuslauncher.NexusLauncherActivity#208)/@0xea042bb applyImmediately: false
02-08 21:06:25.647  1232  1232 D BaseDepthController: shouldBlurWorkspace: false targetState: Normal currentStableState: Normal mCurrentBlur: 0 mLauncher.getDepthBlurTargets(): [com.android.launcher3.Workspace{63393d8 V.ED..... ........ 0,0-1080,2400 #7f0a049d app:id/workspace}, com.android.launcher3.Hotseat{c11f331 V.ED..... ........ 0,1905-1080,2400 #7f0a01ee app:id/hotseat}]
